Archive member included because of file (symbol)

contiki-z1.a(er-coap-engine.)
                              coap-node.co (coap_rest_implementation)
contiki-z1.a(er-coap-transac)
                              contiki-z1.a(er-coap-engine.) (coap_register_as_transaction_handler)
contiki-z1.a(er-coap-observe)
                              contiki-z1.a(er-coap-transac) (coap_remove_observer_by_client)
contiki-z1.a(er-coap-res-wel)
                              contiki-z1.a(er-coap-engine.) (res_well_known_core)
contiki-z1.a(rest-engine.o)   coap-node.co (rest_init_engine)
contiki-z1.a(contiki-z1-plat)
                              obj_z1/contiki-z1-main.o (init_platform)
contiki-z1.a(msp430.o)        obj_z1/contiki-z1-main.o (splhigh_)
contiki-z1.a(leds.o)          obj_z1/contiki-z1-main.o (leds_init)
contiki-z1.a(watchdog.o)      obj_z1/contiki-z1-main.o (watchdog_start)
contiki-z1.a(xmem.o)          obj_z1/contiki-z1-main.o (xmem_init)
contiki-z1.a(spi.o)           contiki-z1.a(xmem.o) (spi_init)
contiki-z1.a(cc2420.o)        obj_z1/contiki-z1-main.o (cc2420_set_pan_addr)
contiki-z1.a(cc2420-arch.o)   contiki-z1.a(cc2420.o) (cc2420_arch_init)
contiki-z1.a(node-id.o)       obj_z1/contiki-z1-main.o (node_id_restore)
contiki-z1.a(sensors.o)       contiki-z1.a(contiki-z1-plat) (sensors_process)
contiki-z1.a(uart0.o)         obj_z1/contiki-z1-main.o (uart0_active)
contiki-z1.a(uart0-putchar.o)
                              obj_z1/contiki-z1-main.o (putchar)
contiki-z1.a(z1-sensors.o)    contiki-z1.a(sensors.o) (sensors_flags)
contiki-z1.a(adxl345.o)       obj_z1/contiki-z1-main.o (adxl345)
contiki-z1.a(tmp102.o)        contiki-z1.a(z1-sensors.o) (tmp102)
contiki-z1.a(clock.o)         obj_z1/contiki-z1-main.o (clock_init)
contiki-z1.a(leds-arch.o)     contiki-z1.a(leds.o) (leds_arch_init)
contiki-z1.a(rtimer-arch.o)   obj_z1/contiki-z1-main.o (rtimer_arch_now)
contiki-z1.a(autostart.o)     obj_z1/contiki-z1-main.o (autostart_start)
contiki-z1.a(ctimer.o)        obj_z1/contiki-z1-main.o (ctimer_init)
contiki-z1.a(energest.o)      obj_z1/contiki-z1-main.o (energest_init)
contiki-z1.a(etimer.o)        contiki-z1.a(clock.o) (etimer_request_poll)
contiki-z1.a(process.o)       contiki-z1.a(er-coap-engine.) (process_current)
contiki-z1.a(rtimer.o)        obj_z1/contiki-z1-main.o (rtimer_init)
contiki-z1.a(timer.o)         contiki-z1.a(adxl345.o) (timer_set)
contiki-z1.a(list.o)          contiki-z1.a(rest-engine.o) (list_init)
contiki-z1.a(memb.o)          contiki-z1.a(er-coap-transac) (memb_alloc)
contiki-z1.a(random.o)        obj_z1/contiki-z1-main.o (random_init)
contiki-z1.a(uip-ds6.o)       obj_z1/contiki-z1-main.o (uip_ds6_get_link_local)
contiki-z1.a(uip-ds6-route.o)
                              contiki-z1.a(uip-ds6.o) (uip_ds6_route_init)
contiki-z1.a(uip6.o)          contiki-z1.a(er-coap-engine.) (uip_aligned_buf)
contiki-z1.a(uip-ds6-nbr.o)   contiki-z1.a(uip-ds6.o) (uip_ds6_neighbors_init)
contiki-z1.a(uip-nd6.o)       contiki-z1.a(uip6.o) (uip_nd6_init)
contiki-z1.a(sicslowpan.o)    obj_z1/contiki-z1-main.o (sicslowpan_driver)
contiki-z1.a(uip-debug.o)     contiki-z1.a(uip-ds6-route.o) (uip_debug_ipaddr_print)
contiki-z1.a(tcpip.o)         contiki-z1.a(sicslowpan.o) (tcpip_set_outputfunc)
contiki-z1.a(rpl-ext-header.)
                              contiki-z1.a(uip6.o) (rpl_verify_hbh_header)
contiki-z1.a(rpl.o)           contiki-z1.a(uip-ds6-nbr.o) (rpl_link_neighbor_callback)
contiki-z1.a(rpl-dag.o)       contiki-z1.a(rpl-ext-header.) (rpl_parents)
contiki-z1.a(queuebuf.o)      obj_z1/contiki-z1-main.o (queuebuf_init)
contiki-z1.a(nbr-table.o)     contiki-z1.a(uip-ds6-route.o) (nbr_table_register)
contiki-z1.a(packetbuf.o)     contiki-z1.a(cc2420.o) (packetbuf_set_datalen)
contiki-z1.a(linkaddr.o)      obj_z1/contiki-z1-main.o (linkaddr_copy)
contiki-z1.a(link-stats.o)    contiki-z1.a(rpl-dag.o) (link_stats_from_lladdr)
contiki-z1.a(framer-802154.o)
                              contiki-z1.a(sicslowpan.o) (framer_802154)
contiki-z1.a(csma.o)          obj_z1/contiki-z1-main.o (csma_driver)
contiki-z1.a(contikimac.o)    obj_z1/contiki-z1-main.o (contikimac_driver)
contiki-z1.a(nullsec.o)       obj_z1/contiki-z1-main.o (nullsec_driver)
contiki-z1.a(er-coap.o)       contiki-z1.a(er-coap-engine.) (coap_init_connection)
contiki-z1.a(i2cmaster.o)     contiki-z1.a(adxl345.o) (i2c_receiveinit)
contiki-z1.a(button-sensor.o)
                              contiki-z1.a(z1-sensors.o) (button_sensor)
contiki-z1.a(stimer.o)        contiki-z1.a(uip-ds6.o) (stimer_set)
contiki-z1.a(uip-icmp6.o)     contiki-z1.a(uip6.o) (uip_icmp6_input)
contiki-z1.a(uip-udp-packet.)
                              contiki-z1.a(er-coap.o) (uip_udp_packet_send)
contiki-z1.a(rpl-icmp6.o)     contiki-z1.a(rpl-dag.o) (rpl_icmp6_update_nbr_table)
contiki-z1.a(rpl-timers.o)    contiki-z1.a(rpl.o) (rpl_reset_periodic_timer)
contiki-z1.a(rpl-nbr-policy.)
                              contiki-z1.a(nbr-table.o) (rpl_nbr_policy_find_removable)
[...]
Memory Configuration

Name             Origin             Length             Attributes
sfr              0x0000000000000000 0x0000000000000010
peripheral_8bit  0x0000000000000010 0x00000000000000f0
peripheral_16bit 0x0000000000000100 0x0000000000000100
ram_mirror       0x0000000000000200 0x0000000000000800 xw
infomem          0x0000000000001000 0x0000000000000100
infod            0x0000000000001000 0x0000000000000040
infoc            0x0000000000001040 0x0000000000000040
infob            0x0000000000001080 0x0000000000000040
infoa            0x00000000000010c0 0x0000000000000040
ram              0x0000000000001100 0x0000000000002000 xw
rom              0x0000000000003100 0x000000000000cebe xr
vectors          0x000000000000ffc0 0x0000000000000040
far_rom          0x0000000000010000 0x000000000000a000
bsl              0x0000000000000000 0x0000000000000000
ram2             0x0000000000000000 0x0000000000000000 xw
usbram           0x0000000000000000 0x0000000000000000 xw
*default*        0x0000000000000000 0xffffffffffffffff

Linker script and memory map

LOAD /usr/lib/gcc/msp430/4.6.3/mcpu-430x/mmpy-16/crt0ivtbl32.o
                0x0000000000000041                __P1SEL2 = 0x41
                0x0000000000000045                __P5SEL2 = 0x45
LOAD coap-node.co
LOAD obj_z1/contiki-z1-main.o
LOAD contiki-z1.a
LOAD /usr/lib/gcc/msp430/4.6.3/mcpu-430x/mmpy-16/libgcc.a
LOAD /usr/lib/gcc/msp430/4.6.3/../../../../msp430/lib/mcpu-430x/mmpy-16/libc.a
LOAD /usr/lib/gcc/msp430/4.6.3/mcpu-430x/mmpy-16/libgcc.a
LOAD /usr/lib/gcc/msp430/4.6.3/mcpu-430x/mmpy-16/libcrt0.a
                0x0000000000000040                PROVIDE (__info_segment_size, 0x40)
                0x0000000000001000                PROVIDE (__infod, 0x1000)
                0x0000000000001040                PROVIDE (__infoc, 0x1040)
                0x0000000000001080                PROVIDE (__infob, 0x1080)
                0x00000000000010c0                PROVIDE (__infoa, 0x10c0)
                0x0000000000000000                __IE1 = 0x0
                0x0000000000000002                __IFG1 = 0x2
                0x0000000000000001                __IE2 = 0x1
                0x0000000000000003                __IFG2 = 0x3
                0x0000000000000006                __UC1IE = 0x6
                0x0000000000000007                __UC1IFG = 0x7
                0x00000000000001a0                __ADC12CTL0 = 0x1a0
                0x00000000000001a2                __ADC12CTL1 = 0x1a2
                0x00000000000001a4                __ADC12IFG = 0x1a4
                0x00000000000001a6                __ADC12IE = 0x1a6
                0x00000000000001a8                __ADC12IV = 0x1a8
                0x0000000000000140                __ADC12MEM0 = 0x140
                0x0000000000000142                __ADC12MEM1 = 0x142
                0x0000000000000144                __ADC12MEM2 = 0x144
                0x0000000000000146                __ADC12MEM3 = 0x146
                0x0000000000000148                __ADC12MEM4 = 0x148
                0x000000000000014a                __ADC12MEM5 = 0x14a
                0x000000000000014c                __ADC12MEM6 = 0x14c
                0x000000000000014e                __ADC12MEM7 = 0x14e
                0x0000000000000150                __ADC12MEM8 = 0x150
                0x0000000000000152                __ADC12MEM9 = 0x152
                0x0000000000000154                __ADC12MEM10 = 0x154
                0x0000000000000156                __ADC12MEM11 = 0x156
                0x0000000000000158                __ADC12MEM12 = 0x158
                0x000000000000015a                __ADC12MEM13 = 0x15a
                0x000000000000015c                __ADC12MEM14 = 0x15c
                0x000000000000015e                __ADC12MEM15 = 0x15e
                0x0000000000000080                __ADC12MCTL0 = 0x80
                0x0000000000000081                __ADC12MCTL1 = 0x81
                0x0000000000000082                __ADC12MCTL2 = 0x82
                0x0000000000000083                __ADC12MCTL3 = 0x83
                0x0000000000000084                __ADC12MCTL4 = 0x84
                0x0000000000000085                __ADC12MCTL5 = 0x85
                0x0000000000000086                __ADC12MCTL6 = 0x86
                0x0000000000000087                __ADC12MCTL7 = 0x87
                0x0000000000000088                __ADC12MCTL8 = 0x88
                0x0000000000000089                __ADC12MCTL9 = 0x89
                0x000000000000008a                __ADC12MCTL10 = 0x8a
                0x000000000000008b                __ADC12MCTL11 = 0x8b
                0x000000000000008c                __ADC12MCTL12 = 0x8c
                0x000000000000008d                __ADC12MCTL13 = 0x8d
                0x000000000000008e                __ADC12MCTL14 = 0x8e
                0x000000000000008f                __ADC12MCTL15 = 0x8f
                0x0000000000000056                __DCOCTL = 0x56
                0x0000000000000057                __BCSCTL1 = 0x57
                0x0000000000000058                __BCSCTL2 = 0x58
                0x0000000000000053                __BCSCTL3 = 0x53
                0x0000000000000059                __CACTL1 = 0x59
                0x000000000000005a                __CACTL2 = 0x5a
                0x000000000000005b                __CAPD = 0x5b
                0x00000000000001c0                __DAC12_0CTL = 0x1c0
                0x00000000000001c2                __DAC12_1CTL = 0x1c2
                0x00000000000001c8                __DAC12_0DAT = 0x1c8
                0x00000000000001ca                __DAC12_1DAT = 0x1ca
                0x0000000000000122                __DMACTL0 = 0x122
                0x0000000000000124                __DMACTL1 = 0x124
                0x0000000000000126                __DMAIV = 0x126
                0x00000000000001d0                __DMA0CTL = 0x1d0
                0x00000000000001dc                __DMA1CTL = 0x1dc
                0x00000000000001e8                __DMA2CTL = 0x1e8
                0x00000000000001d2                __DMA0SA = 0x1d2
                0x00000000000001d2                __DMA0SAL = 0x1d2
                0x00000000000001d6                __DMA0DA = 0x1d6
                0x00000000000001d6                __DMA0DAL = 0x1d6
                0x00000000000001da                __DMA0SZ = 0x1da
                0x00000000000001de                __DMA1SA = 0x1de
                0x00000000000001de                __DMA1SAL = 0x1de
                0x00000000000001e2                __DMA1DA = 0x1e2
                0x00000000000001e2                __DMA1DAL = 0x1e2
                0x00000000000001e6                __DMA1SZ = 0x1e6
                0x00000000000001ea                __DMA2SA = 0x1ea
                0x00000000000001ea                __DMA2SAL = 0x1ea
                0x00000000000001ee                __DMA2DA = 0x1ee
                0x00000000000001ee                __DMA2DAL = 0x1ee
                0x00000000000001f2                __DMA2SZ = 0x1f2
                0x0000000000000128                __FCTL1 = 0x128
                0x000000000000012a                __FCTL2 = 0x12a
                0x000000000000012c                __FCTL3 = 0x12c
                0x00000000000001be                __FCTL4 = 0x1be
                0x0000000000000130                __MPY = 0x130
                0x0000000000000132                __MPYS = 0x132
                0x0000000000000134                __MAC = 0x134
                0x0000000000000136                __MACS = 0x136
                0x0000000000000138                __OP2 = 0x138
                0x000000000000013a                __RESLO = 0x13a
                0x000000000000013c                __RESHI = 0x13c
                0x000000000000013e                __SUMEXT = 0x13e
                0x0000000000000020                __P1IN = 0x20
                0x0000000000000021                __P1OUT = 0x21
                0x0000000000000022                __P1DIR = 0x22
                0x0000000000000023                __P1IFG = 0x23
                0x0000000000000024                __P1IES = 0x24
                0x0000000000000025                __P1IE = 0x25
                0x0000000000000026                __P1SEL = 0x26
                0x0000000000000027                __P1REN = 0x27
                0x0000000000000028                __P2IN = 0x28
                0x0000000000000029                __P2OUT = 0x29
                0x000000000000002a                __P2DIR = 0x2a
                0x000000000000002b                __P2IFG = 0x2b
                0x000000000000002c                __P2IES = 0x2c
                0x000000000000002d                __P2IE = 0x2d
                0x000000000000002e                __P2SEL = 0x2e
                0x000000000000002f                __P2REN = 0x2f
                0x0000000000000018                __P3IN = 0x18
                0x0000000000000019                __P3OUT = 0x19
                0x000000000000001a                __P3DIR = 0x1a
                0x000000000000001b                __P3SEL = 0x1b
                0x0000000000000010                __P3REN = 0x10
                0x000000000000001c                __P4IN = 0x1c
                0x000000000000001d                __P4OUT = 0x1d
                0x000000000000001e                __P4DIR = 0x1e
                0x000000000000001f                __P4SEL = 0x1f
                0x0000000000000011                __P4REN = 0x11
                0x0000000000000030                __P5IN = 0x30
                0x0000000000000031                __P5OUT = 0x31
                0x0000000000000032                __P5DIR = 0x32
                0x0000000000000033                __P5SEL = 0x33
                0x0000000000000012                __P5REN = 0x12
                0x0000000000000034                __P6IN = 0x34
                0x0000000000000035                __P6OUT = 0x35
                0x0000000000000036                __P6DIR = 0x36
                0x0000000000000037                __P6SEL = 0x37
                0x0000000000000013                __P6REN = 0x13
                0x0000000000000038                __P7IN = 0x38
                0x000000000000003a                __P7OUT = 0x3a
                0x000000000000003c                __P7DIR = 0x3c
                0x000000000000003e                __P7SEL = 0x3e
                0x0000000000000014                __P7REN = 0x14
                0x0000000000000039                __P8IN = 0x39
                0x000000000000003b                __P8OUT = 0x3b
                0x000000000000003d                __P8DIR = 0x3d
                0x000000000000003f                __P8SEL = 0x3f
                0x0000000000000015                __P8REN = 0x15
                0x0000000000000038                __PAIN = 0x38
                0x000000000000003a                __PAOUT = 0x3a
                0x000000000000003c                __PADIR = 0x3c
                0x000000000000003e                __PASEL = 0x3e
                0x0000000000000014                __PAREN = 0x14
                0x0000000000000055                __SVSCTL = 0x55
                0x000000000000012e                __TAIV = 0x12e
                0x0000000000000160                __TACTL = 0x160
                0x0000000000000162                __TACCTL0 = 0x162
                0x0000000000000164                __TACCTL1 = 0x164
                0x0000000000000166                __TACCTL2 = 0x166
                0x0000000000000170                __TAR = 0x170
                0x0000000000000172                __TACCR0 = 0x172
                0x0000000000000174                __TACCR1 = 0x174
                0x0000000000000176                __TACCR2 = 0x176
                0x000000000000011e                __TBIV = 0x11e
                0x0000000000000180                __TBCTL = 0x180
                0x0000000000000182                __TBCCTL0 = 0x182
                0x0000000000000184                __TBCCTL1 = 0x184
                0x0000000000000186                __TBCCTL2 = 0x186
                0x0000000000000188                __TBCCTL3 = 0x188
                0x000000000000018a                __TBCCTL4 = 0x18a
                0x000000000000018c                __TBCCTL5 = 0x18c
                0x000000000000018e                __TBCCTL6 = 0x18e
                0x0000000000000190                __TBR = 0x190
                0x0000000000000192                __TBCCR0 = 0x192
                0x0000000000000194                __TBCCR1 = 0x194
                0x0000000000000196                __TBCCR2 = 0x196
                0x0000000000000198                __TBCCR3 = 0x198
                0x000000000000019a                __TBCCR4 = 0x19a
                0x000000000000019c                __TBCCR5 = 0x19c
                0x000000000000019e                __TBCCR6 = 0x19e
                0x0000000000000060                __UCA0CTL0 = 0x60
                0x0000000000000061                __UCA0CTL1 = 0x61
                0x0000000000000062                __UCA0BR0 = 0x62
                0x0000000000000063                __UCA0BR1 = 0x63
                0x0000000000000064                __UCA0MCTL = 0x64
                0x0000000000000065                __UCA0STAT = 0x65
                0x0000000000000066                __UCA0RXBUF = 0x66
                0x0000000000000067                __UCA0TXBUF = 0x67
                0x000000000000005d                __UCA0ABCTL = 0x5d
                0x000000000000005e                __UCA0IRTCTL = 0x5e
                0x000000000000005f                __UCA0IRRCTL = 0x5f
                0x0000000000000068                __UCB0CTL0 = 0x68
                0x0000000000000069                __UCB0CTL1 = 0x69
                0x000000000000006a                __UCB0BR0 = 0x6a
                0x000000000000006b                __UCB0BR1 = 0x6b
                0x000000000000006c                __UCB0I2CIE = 0x6c
                0x000000000000006d                __UCB0STAT = 0x6d
                0x000000000000006e                __UCB0RXBUF = 0x6e
                0x000000000000006f                __UCB0TXBUF = 0x6f
                0x0000000000000118                __UCB0I2COA = 0x118
                0x000000000000011a                __UCB0I2CSA = 0x11a
                0x00000000000000d0                __UCA1CTL0 = 0xd0
                0x00000000000000d1                __UCA1CTL1 = 0xd1
                0x00000000000000d2                __UCA1BR0 = 0xd2
                0x00000000000000d3                __UCA1BR1 = 0xd3
                0x00000000000000d4                __UCA1MCTL = 0xd4
                0x00000000000000d5                __UCA1STAT = 0xd5
                0x00000000000000d6                __UCA1RXBUF = 0xd6
                0x00000000000000d7                __UCA1TXBUF = 0xd7
                0x00000000000000cd                __UCA1ABCTL = 0xcd
                0x00000000000000ce                __UCA1IRTCTL = 0xce
                0x00000000000000cf                __UCA1IRRCTL = 0xcf
                0x00000000000000d8                __UCB1CTL0 = 0xd8
                0x00000000000000d9                __UCB1CTL1 = 0xd9
                0x00000000000000da                __UCB1BR0 = 0xda
                0x00000000000000db                __UCB1BR1 = 0xdb
                0x00000000000000dc                __UCB1I2CIE = 0xdc
                0x00000000000000dd                __UCB1STAT = 0xdd
                0x00000000000000de                __UCB1RXBUF = 0xde
                0x00000000000000df                __UCB1TXBUF = 0xdf
                0x000000000000017c                __UCB1I2COA = 0x17c
                0x000000000000017e                __UCB1I2CSA = 0x17e
                0x0000000000000120                __WDTCTL = 0x120
                0x00000000000010c0                __TLV_CHECKSUM = 0x10c0
                0x00000000000010f6                __TLV_DCO_30_TAG = 0x10f6
                0x00000000000010f7                __TLV_DCO_30_LEN = 0x10f7
                0x00000000000010da                __TLV_ADC12_1_TAG = 0x10da
                0x00000000000010db                __TLV_ADC12_1_LEN = 0x10db
                0x00000000000010f8                __CALDCO_16MHZ = 0x10f8
                0x00000000000010f9                __CALBC1_16MHZ = 0x10f9
                0x00000000000010fa                __CALDCO_12MHZ = 0x10fa
                0x00000000000010fb                __CALBC1_12MHZ = 0x10fb
                0x00000000000010fc                __CALDCO_8MHZ = 0x10fc
                0x00000000000010fd                __CALBC1_8MHZ = 0x10fd
                0x00000000000010fe                __CALDCO_1MHZ = 0x10fe
                0x00000000000010ff                __CALBC1_1MHZ = 0x10ff

.hash
 *(.hash)

.dynsym
 *(.dynsym)

.dynstr
 *(.dynstr)

.gnu.version
 *(.gnu.version)

.gnu.version_d
 *(.gnu.version_d)

.gnu.version_r
 *(.gnu.version_r)

.rel.init
 *(.rel.init)

.rela.init
 *(.rela.init)

.rel.fini
 *(.rel.fini)

.rela.fini
 *(.rela.fini)

.rel.text
 *(.rel.text .rel.text.* .rel.gnu.linkonce.t.*)

.rela.text
 *(.rela.text .rela.text.* .rela.gnu.linkonce.t.*)

.rel.rodata
 *(.rel.rodata .rel.rodata.* .rel.gnu.linkonce.r.*)

.rela.rodata
 *(.rela.rodata .rela.rodata.* .rela.gnu.linkonce.r.*)

.rel.data
 *(.rel.data .rel.data.* .rel.gnu.linkonce.d.*)

.rela.data
 *(.rela.data .rela.data.* .rela.gnu.linkonce.d.*)

.rel.bss
 *(.rel.bss .rel.bss.* .rel.gnu.linkonce.b.*)

.rela.bss
 *(.rela.bss .rela.bss.* .rela.gnu.linkonce.b.*)

.rel.ctors
 *(.rel.ctors)

.rela.ctors
 *(.rela.ctors)

.rel.dtors
 *(.rel.dtors)

.rela.dtors
 *(.rela.dtors)

.rel.got
 *(.rel.got)

.rela.got
 *(.rela.got)

.rel.plt
 *(.rel.plt)

.rela.plt
 *(.rela.plt)

.text           0x0000000000003100     0xc4d8
                0x0000000000003100                . = ALIGN (0x2)
 *(.init .init.*)
 *(.init0)
 .init0         0x0000000000003100        0x0 /usr/lib/gcc/msp430/4.6.3/mcpu-430x/mmpy-16/libcrt0.a(_reset_vector__.o)
                0x0000000000003100                _reset_vector__
 *(.init1)
 .init1         0x0000000000003100        0xc /usr/lib/gcc/msp430/4.6.3/mcpu-430x/mmpy-16/libcrt0.a(__watchdog_support.o)
                0x0000000000003100                __watchdog_support
 *(.init2)
 .init2         0x000000000000310c        0x4 /usr/lib/gcc/msp430/4.6.3/mcpu-430x/mmpy-16/libcrt0.a(__init_stack.o)
                0x000000000000310c                __init_stack
 *(.init3)
 .init3         0x0000000000003110        0x0 /usr/lib/gcc/msp430/4.6.3/mcpu-430x/mmpy-16/libcrt0.a(__low_level_init.o)
                0x0000000000003110                __low_level_init
 *(.init4)
 .init4         0x0000000000003110       0x18 /usr/lib/gcc/msp430/4.6.3/mcpu-430x/mmpy-16/libcrt0.a(_copy_data.o)
                0x0000000000003110                __do_copy_data
 .init4         0x0000000000003128       0x16 /usr/lib/gcc/msp430/4.6.3/mcpu-430x/mmpy-16/libcrt0.a(_clear_bss.o)
                0x0000000000003128                __do_clear_bss
 *(.init5)
 *(.init6)
 *(.init7)
 *(.init8)
 *(.init9)
 .init9         0x000000000000313e      0x350 obj_z1/contiki-z1-main.o
                0x000000000000313e                main
 *(.fini9)
 .fini9         0x000000000000348e        0x0 /usr/lib/gcc/msp430/4.6.3/mcpu-430x/mmpy-16/libcrt0.a(__stop_progExec__.o)
                0x000000000000348e                __stop_progExec__
 *(.fini8)
 *(.fini7)
 *(.fini6)
 *(.fini5)
 *(.fini4)
 *(.fini3)
 *(.fini2)
 *(.fini1)
 *(.fini0)
 .fini0         0x000000000000348e        0x6 /usr/lib/gcc/msp430/4.6.3/mcpu-430x/mmpy-16/libcrt0.a(_endless_loop__.o)
                0x000000000000348e                _endless_loop__
 *(.fini .fini.*)
                0x0000000000003494                . = ALIGN (0x2)
                0x0000000000003494                __ctors_start = .
 *(.ctors)
                0x0000000000003494                __ctors_end = .
                0x0000000000003494                __dtors_start = .
 *(.dtors)
                0x0000000000003494                __dtors_end = .
                0x0000000000003494                . = ALIGN (0x2)
 *(.text .text.* .gnu.linkonce.t.*)
 .text          0x0000000000003494        0x4 /usr/lib/gcc/msp430/4.6.3/mcpu-430x/mmpy-16/crt0ivtbl32.o
                0x0000000000003494                __isr_14
                0x0000000000003494                __isr_4
                0x0000000000003494                __isr_29
                0x0000000000003494                __isr_11
                0x0000000000003494                __isr_5
                0x0000000000003494                __isr_2
                0x0000000000003494                __isr_10
                0x0000000000003494                __isr_7
                0x0000000000003494                __isr_0
                0x0000000000003494                __isr_28
                0x0000000000003494                __isr_8
                0x0000000000003494                __isr_20
                0x0000000000003494                __isr_3
                0x0000000000003494                __isr_12
                0x0000000000003494                __isr_13
                0x0000000000003494                __isr_27
                0x0000000000003494                __isr_9
                0x0000000000003494                __isr_30
                0x0000000000003494                __isr_6
                0x0000000000003494                __isr_22
                0x0000000000003494                __isr_1
                0x0000000000003494                __isr_15
                0x0000000000003494                __isr_21
 .text.event_handler
                0x0000000000003498        0xa coap-node.co
                0x0000000000003498                event_handler
 .text.process_thread_temperature_node
                0x00000000000034a2      0x136 coap-node.co
 .text.get_handler
                0x00000000000035d8       0x40 coap-node.co
                0x00000000000035d8                get_handler
 .text.coap_set_service_callback
                0x0000000000003618        0x6 contiki-z1.a(er-coap-engine.)
                0x0000000000003618                coap_set_service_callback
 .text.coap_get_rest_method
                0x000000000000361e       0x1a contiki-z1.a(er-coap-engine.)
                0x000000000000361e                coap_get_rest_method
 .text.process_thread_coap_engine
                0x0000000000003638      0x3fa contiki-z1.a(er-coap-engine.)
 .text.coap_init_engine
                0x0000000000003a32        0xc contiki-z1.a(er-coap-engine.)
                0x0000000000003a32                coap_init_engine
 .text.coap_register_as_transaction_handler
                0x0000000000003a3e        0x8 contiki-z1.a(er-coap-transac)
                0x0000000000003a3e                coap_register_as_transaction_handler
 .text.coap_new_transaction
                0x0000000000003a46       0x46 contiki-z1.a(er-coap-transac)
                0x0000000000003a46                coap_new_transaction
 .text.coap_clear_transaction
                0x0000000000003a8c       0x26 contiki-z1.a(er-coap-transac)
                0x0000000000003a8c                coap_clear_transaction
 .text.coap_send_transaction
                0x0000000000003ab2       0xb0 contiki-z1.a(er-coap-transac)
                0x0000000000003ab2                coap_send_transaction
 .text.coap_get_transaction_by_mid
                0x0000000000003b62       0x1e contiki-z1.a(er-coap-transac)
                0x0000000000003b62                coap_get_transaction_by_mid
 .text.coap_check_transactions
                0x0000000000003b80       0x2e contiki-z1.a(er-coap-transac)
                0x0000000000003b80                coap_check_transactions
 .text.coap_remove_observer
                0x0000000000003bae       0x1c contiki-z1.a(er-coap-observe)
                0x0000000000003bae                coap_remove_observer
 .text.coap_remove_observer_by_client
                0x0000000000003bca       0x42 contiki-z1.a(er-coap-observe)
                0x0000000000003bca                coap_remove_observer_by_client
 .text.coap_remove_observer_by_token
                0x0000000000003c0c       0x60 contiki-z1.a(er-coap-observe)
                0x0000000000003c0c                coap_remove_observer_by_token
 .text.coap_remove_observer_by_uri
                0x0000000000003c6c       0x6c contiki-z1.a(er-coap-observe)
                0x0000000000003c6c                coap_remove_observer_by_uri
 .text.coap_remove_observer_by_mid
                0x0000000000003cd8       0x4a contiki-z1.a(er-coap-observe)
                0x0000000000003cd8                coap_remove_observer_by_mid
 .text.coap_notify_observers_sub
                0x0000000000003d22      0x19e contiki-z1.a(er-coap-observe)
                0x0000000000003d22                coap_notify_observers_sub
 .text.coap_notify_observers
                0x0000000000003ec0        0x8 contiki-z1.a(er-coap-observe)
                0x0000000000003ec0                coap_notify_observers
 .text.coap_observe_handler
                0x0000000000003ec8      0x122 contiki-z1.a(er-coap-observe)
                0x0000000000003ec8                coap_observe_handler
 .text.well_known_core_get_handler
                0x0000000000003fea      0x27e contiki-z1.a(er-coap-res-wel)
                0x0000000000003fea                well_known_core_get_handler
 .text.process_thread_rest_engine_process
                0x0000000000004268       0xb8 contiki-z1.a(rest-engine.o)
 .text.rest_invoke_restful_service
                0x0000000000004320       0xee contiki-z1.a(rest-engine.o)
                0x0000000000004320                rest_invoke_restful_service
 .text.rest_init_engine
                0x000000000000440e       0x2a contiki-z1.a(rest-engine.o)
                0x000000000000440e                rest_init_engine
 .text.rest_activate_resource
                0x0000000000004438       0x68 contiki-z1.a(rest-engine.o)
                0x0000000000004438                rest_activate_resource
 .text.rest_get_resources
                0x00000000000044a0        0x6 contiki-z1.a(rest-engine.o)
                0x00000000000044a0                rest_get_resources
 .text.init_platform
                0x00000000000044a6        0xc contiki-z1.a(contiki-z1-plat)
                0x00000000000044a6                init_platform
 .text.msp430_init_dco
                0x00000000000044b2       0x28 contiki-z1.a(msp430.o)
                0x00000000000044b2                msp430_init_dco
 .text.splhigh_
                0x00000000000044da        0x8 contiki-z1.a(msp430.o)
                0x00000000000044da                splhigh_
 .text.msp430_sync_dco
                0x00000000000044e2       0x72 contiki-z1.a(msp430.o)
                0x00000000000044e2                msp430_sync_dco
 .text.msp430_cpu_init
                0x0000000000004554       0x2e contiki-z1.a(msp430.o)
                0x0000000000004554                msp430_cpu_init
 .text.show_leds
                0x0000000000004582       0xee contiki-z1.a(leds.o)
 .text.leds_init
                0x0000000000004670        0xa contiki-z1.a(leds.o)
                0x0000000000004670                leds_init
 .text.leds_on  0x000000000000467a        0xa contiki-z1.a(leds.o)
                0x000000000000467a                leds_on
 .text.leds_off
                0x0000000000004684        0xe contiki-z1.a(leds.o)
                0x0000000000004684                leds_off
 .text.watchdog_interrupt
                0x0000000000004692        0x6 contiki-z1.a(watchdog.o)
                0x0000000000004692                __isr_26
                0x0000000000004692                watchdog_interrupt
 .text.watchdog_start
                0x0000000000004698       0x14 contiki-z1.a(watchdog.o)
                0x0000000000004698                watchdog_start
 .text.watchdog_periodic
                0x00000000000046ac       0x12 contiki-z1.a(watchdog.o)
                0x00000000000046ac                watchdog_periodic
 .text.watchdog_stop
                0x00000000000046be       0x16 contiki-z1.a(watchdog.o)
                0x00000000000046be                watchdog_stop
 .text.watchdog_init
                0x00000000000046d4       0x14 contiki-z1.a(watchdog.o)
                0x00000000000046d4                watchdog_init
 .text.wait_ready
                0x00000000000046e8       0x4e contiki-z1.a(xmem.o)
 .text.xmem_init
                0x0000000000004736       0x1e contiki-z1.a(xmem.o)
                0x0000000000004736                xmem_init
 .text.xmem_pread
                0x0000000000004754       0xd0 contiki-z1.a(xmem.o)
                0x0000000000004754                xmem_pread
 .text.spi_init
                0x0000000000004824       0x38 contiki-z1.a(spi.o)
                0x0000000000004824                spi_init
 .text.get_object
                0x000000000000485c        0x4 contiki-z1.a(cc2420.o)
 .text.set_object
                0x0000000000004860        0x4 contiki-z1.a(cc2420.o)
 .text.strobe   0x0000000000004864       0x20 contiki-z1.a(cc2420.o)
 .text.getreg   0x0000000000004884       0x50 contiki-z1.a(cc2420.o)
 .text.setreg   0x00000000000048d4       0x52 contiki-z1.a(cc2420.o)
 .text.write_ram
                0x0000000000004926       0x7e contiki-z1.a(cc2420.o)
 .text.write_fifo_buf
                0x00000000000049a4       0x40 contiki-z1.a(cc2420.o)
 .text.get_status
                0x00000000000049e4       0x24 contiki-z1.a(cc2420.o)
 .text.set_txpower
                0x0000000000004a08       0x26 contiki-z1.a(cc2420.o)
 .text.cc2420_receiving_packet
                0x0000000000004a2e        0xe contiki-z1.a(cc2420.o)
 .text.pending_packet
                0x0000000000004a3c        0xe contiki-z1.a(cc2420.o)
 .text.on       0x0000000000004a4a       0x26 contiki-z1.a(cc2420.o)
 .text.wait_for_transmission
                0x0000000000004a70       0x22 contiki-z1.a(cc2420.o)
 .text.wait_for_status
                0x0000000000004a92       0x26 contiki-z1.a(cc2420.o)
 .text.getrxdata
                0x0000000000004ab8       0x54 contiki-z1.a(cc2420.o)
 .text.flushrx  0x0000000000004b0c       0x1a contiki-z1.a(cc2420.o)
 .text.off      0x0000000000004b26       0x5e contiki-z1.a(cc2420.o)
 .text.RELEASE_LOCK
                0x0000000000004b84       0x28 contiki-z1.a(cc2420.o)
 .text.set_key  0x0000000000004bac       0x18 contiki-z1.a(cc2420.o)
 .text.set_frame_filtering
                0x0000000000004bc4       0x30 contiki-z1.a(cc2420.o)
 .text.set_auto_ack
                0x0000000000004bf4       0x30 contiki-z1.a(cc2420.o)
 .text.set_poll_mode
                0x0000000000004c24       0x36 contiki-z1.a(cc2420.o)
 .text.cc2420_prepare
                0x0000000000004c5a       0x38 contiki-z1.a(cc2420.o)
 .text.cc2420_on
                0x0000000000004c92       0x22 contiki-z1.a(cc2420.o)
                0x0000000000004c92                cc2420_on
 .text.cc2420_off
                0x0000000000004cb4       0x30 contiki-z1.a(cc2420.o)
                0x0000000000004cb4                cc2420_off
 .text.cc2420_cca
                0x0000000000004ce4       0x5a contiki-z1.a(cc2420.o)
 .text.cc2420_read
                0x0000000000004d3e       0xbc contiki-z1.a(cc2420.o)
 .text.process_thread_cc2420_process
                0x0000000000004dfa       0x58 contiki-z1.a(cc2420.o)
 .text.encrypt  0x0000000000004e52       0x8c contiki-z1.a(cc2420.o)
 .text.cc2420_set_channel
                0x0000000000004ede       0x3a contiki-z1.a(cc2420.o)
                0x0000000000004ede                cc2420_set_channel
 .text.cc2420_set_pan_addr
                0x0000000000004f18       0x4c contiki-z1.a(cc2420.o)
                0x0000000000004f18                cc2420_set_pan_addr
 .text.cc2420_interrupt
                0x0000000000004f64       0x18 contiki-z1.a(cc2420.o)
                0x0000000000004f64                cc2420_interrupt
 .text.cc2420_set_txpower
                0x0000000000004f7c        0xe contiki-z1.a(cc2420.o)
                0x0000000000004f7c                cc2420_set_txpower
 .text.cc2420_get_txpower
                0x0000000000004f8a       0x1e contiki-z1.a(cc2420.o)
                0x0000000000004f8a                cc2420_get_txpower
 .text.cc2420_transmit
                0x0000000000004fa8      0x10c contiki-z1.a(cc2420.o)
 .text.cc2420_send
                0x00000000000050b4       0x12 contiki-z1.a(cc2420.o)
 .text.cc2420_rssi
                0x00000000000050c6       0x48 contiki-z1.a(cc2420.o)
                0x00000000000050c6                cc2420_rssi
 .text.get_value
                0x000000000000510e      0x102 contiki-z1.a(cc2420.o)
 .text.cc2420_set_cca_threshold
                0x0000000000005210       0x16 contiki-z1.a(cc2420.o)
                0x0000000000005210                cc2420_set_cca_threshold
 .text.set_value
                0x0000000000005226       0xb4 contiki-z1.a(cc2420.o)
 .text.cc2420_init
                0x00000000000052da       0xf0 contiki-z1.a(cc2420.o)
                0x00000000000052da                cc2420_init
 .text.cc2420_arch_init
                0x00000000000053ca       0x1a contiki-z1.a(cc2420-arch.o)
                0x00000000000053ca                cc2420_arch_init
 .text.node_id_restore
                0x00000000000053e4       0x4c contiki-z1.a(node-id.o)
                0x00000000000053e4                node_id_restore
 .text.process_thread_sensors_process
                0x0000000000005430       0xbe contiki-z1.a(sensors.o)
 .text.sensors_changed
                0x00000000000054ee       0x2a contiki-z1.a(sensors.o)
                0x00000000000054ee                sensors_changed
 .text.uart0_active
                0x0000000000005518        0xe contiki-z1.a(uart0.o)
                0x0000000000005518                uart0_active
 .text.uart0_writeb
                0x0000000000005526       0x18 contiki-z1.a(uart0.o)
                0x0000000000005526                uart0_writeb
 .text.uart0_init
                0x000000000000553e       0x54 contiki-z1.a(uart0.o)
                0x000000000000553e                uart0_init
 .text.uart0_rx_interrupt
                0x0000000000005592       0x66 contiki-z1.a(uart0.o)
                0x0000000000005592                __isr_23
                0x0000000000005592                uart0_rx_interrupt
 .text.putchar  0x00000000000055f8       0x10 contiki-z1.a(uart0-putchar.o)
                0x00000000000055f8                putchar
 .text.status   0x0000000000005608       0x12 contiki-z1.a(adxl345.o)
 .text.accm_write_reg
                0x000000000000561a       0x2e contiki-z1.a(adxl345.o)
 .text.accm_write_stream
                0x0000000000005648       0x2a contiki-z1.a(adxl345.o)
 .text.accm_read_reg
                0x0000000000005672       0x54 contiki-z1.a(adxl345.o)
 .text.process_thread_accmeter_process
                0x00000000000056c6       0x56 contiki-z1.a(adxl345.o)
 .text.accm_read_axis
                0x000000000000571c       0x66 contiki-z1.a(adxl345.o)
                0x000000000000571c                accm_read_axis
 .text.value    0x0000000000005782       0x20 contiki-z1.a(adxl345.o)
 .text.accm_init
                0x00000000000057a2       0x76 contiki-z1.a(adxl345.o)
                0x00000000000057a2                accm_init
 .text.accm_stop
                0x0000000000005818       0x32 contiki-z1.a(adxl345.o)
                0x0000000000005818                accm_stop
 .text.configure
                0x000000000000584a       0x26 contiki-z1.a(adxl345.o)
 .text.port1_isr
                0x0000000000005870       0xc4 contiki-z1.a(adxl345.o)
                0x0000000000005870                port1_isr
                0x0000000000005870                __isr_18
 .text.status   0x0000000000005934       0x12 contiki-z1.a(tmp102.o)
 .text.tmp102_init
                0x0000000000005946       0x24 contiki-z1.a(tmp102.o)
                0x0000000000005946                tmp102_init
 .text.tmp102_stop
                0x000000000000596a        0xc contiki-z1.a(tmp102.o)
                0x000000000000596a                tmp102_stop
 .text.configure
                0x0000000000005976       0x26 contiki-z1.a(tmp102.o)
 .text.tmp102_read_reg
                0x000000000000599c       0x60 contiki-z1.a(tmp102.o)
                0x000000000000599c                tmp102_read_reg
 .text.tmp102_read_temp_x100
                0x00000000000059fc       0x56 contiki-z1.a(tmp102.o)
                0x00000000000059fc                tmp102_read_temp_x100
 .text.value    0x0000000000005a52        0x6 contiki-z1.a(tmp102.o)
 .text.timera1  0x0000000000005a58      0x10a contiki-z1.a(clock.o)
                0x0000000000005a58                __isr_24
                0x0000000000005a58                timera1
 .text.clock_time
                0x0000000000005b62       0x1a contiki-z1.a(clock.o)
                0x0000000000005b62                clock_time
 .text.clock_init
                0x0000000000005b7c       0x28 contiki-z1.a(clock.o)
                0x0000000000005b7c                clock_init
 .text.clock_delay
                0x0000000000005ba4        0xc contiki-z1.a(clock.o)
                0x0000000000005ba4                clock_delay
 .text.clock_wait
                0x0000000000005bb0       0x28 contiki-z1.a(clock.o)
                0x0000000000005bb0                clock_wait
 .text.clock_seconds
                0x0000000000005bd8       0x1a contiki-z1.a(clock.o)
                0x0000000000005bd8                clock_seconds
 .text.leds_arch_init
                0x0000000000005bf2        0xe contiki-z1.a(leds-arch.o)
                0x0000000000005bf2                leds_arch_init
 .text.leds_arch_set
                0x0000000000005c00       0x3a contiki-z1.a(leds-arch.o)
                0x0000000000005c00                leds_arch_set
 .text.rtimer_arch_init
                0x0000000000005c3a        0xe contiki-z1.a(rtimer-arch.o)
                0x0000000000005c3a                rtimer_arch_init
 .text.rtimer_arch_now
                0x0000000000005c48        0xe contiki-z1.a(rtimer-arch.o)
                0x0000000000005c48                rtimer_arch_now
 .text.timera0  0x0000000000005c56       0x5c contiki-z1.a(rtimer-arch.o)
                0x0000000000005c56                __isr_25
                0x0000000000005c56                timera0
 .text.rtimer_arch_schedule
                0x0000000000005cb2        0x6 contiki-z1.a(rtimer-arch.o)
                0x0000000000005cb2                rtimer_arch_schedule
 .text.autostart_start
                0x0000000000005cb8       0x16 contiki-z1.a(autostart.o)
                0x0000000000005cb8                autostart_start
 .text.process_thread_ctimer_process
                0x0000000000005cce       0x9c contiki-z1.a(ctimer.o)
 .text.ctimer_init
                0x0000000000005d6a       0x18 contiki-z1.a(ctimer.o)
                0x0000000000005d6a                ctimer_init
 .text.ctimer_set_with_process
                0x0000000000005d82       0x4e contiki-z1.a(ctimer.o)
                0x0000000000005d82                ctimer_set_with_process
 .text.ctimer_set
                0x0000000000005dd0       0x10 contiki-z1.a(ctimer.o)
                0x0000000000005dd0                ctimer_set
 .text.ctimer_reset
                0x0000000000005de0       0x2c contiki-z1.a(ctimer.o)
                0x0000000000005de0                ctimer_reset
 .text.ctimer_restart
                0x0000000000005e0c       0x2c contiki-z1.a(ctimer.o)
                0x0000000000005e0c                ctimer_restart
 .text.ctimer_stop
                0x0000000000005e38       0x28 contiki-z1.a(ctimer.o)
                0x0000000000005e38                ctimer_stop
 .text.energest_init
                0x0000000000005e60       0x28 contiki-z1.a(energest.o)
                0x0000000000005e60                energest_init
 .text.energest_type_time
                0x0000000000005e88       0x3c contiki-z1.a(energest.o)
                0x0000000000005e88                energest_type_time
 .text.energest_type_set
                0x0000000000005ec4        0xc contiki-z1.a(energest.o)
                0x0000000000005ec4                energest_type_set
 .text.energest_flush
                0x0000000000005ed0       0x38 contiki-z1.a(energest.o)
                0x0000000000005ed0                energest_flush
 .text.update_time
                0x0000000000005f08       0x70 contiki-z1.a(etimer.o)
 .text.etimer_request_poll
                0x0000000000005f78        0xa contiki-z1.a(etimer.o)
                0x0000000000005f78                etimer_request_poll
 .text.process_thread_etimer_process
                0x0000000000005f82       0xc0 contiki-z1.a(etimer.o)
 .text.add_timer
                0x0000000000006042       0x40 contiki-z1.a(etimer.o)
 .text.etimer_set
                0x0000000000006082       0x12 contiki-z1.a(etimer.o)
                0x0000000000006082                etimer_set
 .text.etimer_reset
                0x0000000000006094       0x12 contiki-z1.a(etimer.o)
                0x0000000000006094                etimer_reset
 .text.etimer_restart
                0x00000000000060a6       0x12 contiki-z1.a(etimer.o)
                0x00000000000060a6                etimer_restart
 .text.etimer_expired
                0x00000000000060b8        0xe contiki-z1.a(etimer.o)
                0x00000000000060b8                etimer_expired
 .text.etimer_expiration_time
                0x00000000000060c6       0x14 contiki-z1.a(etimer.o)
                0x00000000000060c6                etimer_expiration_time
 .text.etimer_pending
                0x00000000000060da        0xc contiki-z1.a(etimer.o)
                0x00000000000060da                etimer_pending
 .text.etimer_next_expiration_time
                0x00000000000060e6       0x16 contiki-z1.a(etimer.o)
                0x00000000000060e6                etimer_next_expiration_time
 .text.etimer_stop
                0x00000000000060fc       0x3c contiki-z1.a(etimer.o)
                0x00000000000060fc                etimer_stop
 .text.call_process
                0x0000000000006138       0x46 contiki-z1.a(process.o)
 .text.exit_process
                0x000000000000617e       0x8a contiki-z1.a(process.o)
 .text.do_poll  0x0000000000006208       0x30 contiki-z1.a(process.o)
 .text.process_alloc_event
                0x0000000000006238        0xe contiki-z1.a(process.o)
                0x0000000000006238                process_alloc_event
 .text.process_init
                0x0000000000006246       0x1c contiki-z1.a(process.o)
                0x0000000000006246                process_init
 .text.process_run
                0x0000000000006262       0x8c contiki-z1.a(process.o)
                0x0000000000006262                process_run
 .text.process_nevents
                0x00000000000062ee        0xe contiki-z1.a(process.o)
                0x00000000000062ee                process_nevents
 .text.process_post
                0x00000000000062fc       0x4a contiki-z1.a(process.o)
                0x00000000000062fc                process_post
 .text.process_post_synch
                0x0000000000006346       0x12 contiki-z1.a(process.o)
                0x0000000000006346                process_post_synch
 .text.process_start
                0x0000000000006358       0x32 contiki-z1.a(process.o)
                0x0000000000006358                process_start
 .text.process_poll
                0x000000000000638a       0x18 contiki-z1.a(process.o)
                0x000000000000638a                process_poll
 .text.process_is_running
                0x00000000000063a2        0xe contiki-z1.a(process.o)
                0x00000000000063a2                process_is_running
 .text.rtimer_init
                0x00000000000063b0        0x6 contiki-z1.a(rtimer.o)
                0x00000000000063b0                rtimer_init
 .text.rtimer_set
                0x00000000000063b6       0x24 contiki-z1.a(rtimer.o)
                0x00000000000063b6                rtimer_set
 .text.rtimer_run_next
                0x00000000000063da       0x26 contiki-z1.a(rtimer.o)
                0x00000000000063da                rtimer_run_next
 .text.timer_set
                0x0000000000006400       0x1c contiki-z1.a(timer.o)
                0x0000000000006400                timer_set
 .text.timer_reset
                0x000000000000641c        0xe contiki-z1.a(timer.o)
                0x000000000000641c                timer_reset
 .text.timer_restart
                0x000000000000642a       0x14 contiki-z1.a(timer.o)
                0x000000000000642a                timer_restart
 .text.timer_expired
                0x000000000000643e       0x2a contiki-z1.a(timer.o)
                0x000000000000643e                timer_expired
 .text.list_init
                0x0000000000006468        0x6 contiki-z1.a(list.o)
                0x0000000000006468                list_init
 .text.list_head
                0x000000000000646e        0x4 contiki-z1.a(list.o)
                0x000000000000646e                list_head
 .text.list_tail
                0x0000000000006472       0x12 contiki-z1.a(list.o)
                0x0000000000006472                list_tail
 .text.list_remove
                0x0000000000006484       0x34 contiki-z1.a(list.o)
                0x0000000000006484                list_remove
 .text.list_push
                0x00000000000064b8       0x16 contiki-z1.a(list.o)
                0x00000000000064b8                list_push
 .text.list_add
                0x00000000000064ce       0x26 contiki-z1.a(list.o)
                0x00000000000064ce                list_add
 .text.list_length
                0x00000000000064f4       0x10 contiki-z1.a(list.o)
                0x00000000000064f4                list_length
 .text.list_item_next
                0x0000000000006504        0xc contiki-z1.a(list.o)
                0x0000000000006504                list_item_next
 .text.memb_init
                0x0000000000006510       0x36 contiki-z1.a(memb.o)
                0x0000000000006510                memb_init
 .text.memb_alloc
                0x0000000000006546       0x3e contiki-z1.a(memb.o)
                0x0000000000006546                memb_alloc
 .text.memb_free
                0x0000000000006584       0x3a contiki-z1.a(memb.o)
                0x0000000000006584                memb_free
 .text.memb_inmemb
                0x00000000000065be       0x2e contiki-z1.a(memb.o)
                0x00000000000065be                memb_inmemb
 .text.memb_numfree
                0x00000000000065ec       0x26 contiki-z1.a(memb.o)
                0x00000000000065ec                memb_numfree
 .text.random_init
                0x0000000000006612        0x6 contiki-z1.a(random.o)
                0x0000000000006612                random_init
 .text.random_rand
                0x0000000000006618        0x6 contiki-z1.a(random.o)
                0x0000000000006618                random_rand
 .text.uip_ds6_list_loop
                0x000000000000661e       0x66 contiki-z1.a(uip-ds6.o)
                0x000000000000661e                uip_ds6_list_loop
 .text.uip_ds6_prefix_add
                0x0000000000006684       0x70 contiki-z1.a(uip-ds6.o)
                0x0000000000006684                uip_ds6_prefix_add
 .text.uip_ds6_is_addr_onlink
                0x00000000000066f4       0x42 contiki-z1.a(uip-ds6.o)
                0x00000000000066f4                uip_ds6_is_addr_onlink
 .text.uip_ds6_addr_lookup
                0x0000000000006736       0x2a contiki-z1.a(uip-ds6.o)
                0x0000000000006736                uip_ds6_addr_lookup
 .text.uip_ds6_get_link_local
                0x0000000000006760       0x3e contiki-z1.a(uip-ds6.o)
                0x0000000000006760                uip_ds6_get_link_local
 .text.uip_ds6_maddr_add
                0x000000000000679e       0x48 contiki-z1.a(uip-ds6.o)
                0x000000000000679e                uip_ds6_maddr_add
 .text.uip_ds6_addr_add
                0x00000000000067e6       0xb4 contiki-z1.a(uip-ds6.o)
                0x00000000000067e6                uip_ds6_addr_add
 .text.uip_ds6_maddr_lookup
                0x000000000000689a       0x2a contiki-z1.a(uip-ds6.o)
                0x000000000000689a                uip_ds6_maddr_lookup
 .text.uip_ds6_addr_rm
                0x00000000000068c4       0x54 contiki-z1.a(uip-ds6.o)
                0x00000000000068c4                uip_ds6_addr_rm
 .text.uip_ds6_periodic
                0x0000000000006918       0x46 contiki-z1.a(uip-ds6.o)
                0x0000000000006918                uip_ds6_periodic
 .text.uip_ds6_set_addr_iid
                0x000000000000695e       0x14 contiki-z1.a(uip-ds6.o)
                0x000000000000695e                uip_ds6_set_addr_iid
 .text.get_match_length
                0x0000000000006972       0x3a contiki-z1.a(uip-ds6.o)
                0x0000000000006972                get_match_length
 .text.uip_ds6_select_src
                0x00000000000069ac       0x9a contiki-z1.a(uip-ds6.o)
                0x00000000000069ac                uip_ds6_select_src
 .text.uip_ds6_compute_reachable_time
                0x0000000000006a46       0x36 contiki-z1.a(uip-ds6.o)
                0x0000000000006a46                uip_ds6_compute_reachable_time
 .text.uip_ds6_init
                0x0000000000006a7c      0x138 contiki-z1.a(uip-ds6.o)
                0x0000000000006a7c                uip_ds6_init
 .text.call_route_callback
                0x0000000000006bb4       0x40 contiki-z1.a(uip-ds6-route.o)
 .text.uip_ds6_route_init
                0x0000000000006bf4       0x36 contiki-z1.a(uip-ds6-route.o)
                0x0000000000006bf4                uip_ds6_route_init
 .text.uip_ds6_route_nexthop
                0x0000000000006c2a       0x1a contiki-z1.a(uip-ds6-route.o)
                0x0000000000006c2a                uip_ds6_route_nexthop
 .text.uip_ds6_route_head
                0x0000000000006c44        0xa contiki-z1.a(uip-ds6-route.o)
                0x0000000000006c44                uip_ds6_route_head
 .text.uip_ds6_route_next
                0x0000000000006c4e        0xe contiki-z1.a(uip-ds6-route.o)
                0x0000000000006c4e                uip_ds6_route_next
 .text.uip_ds6_route_is_nexthop
                0x0000000000006c5c       0x1e contiki-z1.a(uip-ds6-route.o)
                0x0000000000006c5c                uip_ds6_route_is_nexthop
 .text.uip_ds6_route_lookup
                0x0000000000006c7a       0x6e contiki-z1.a(uip-ds6-route.o)
                0x0000000000006c7a                uip_ds6_route_lookup
 .text.uip_ds6_route_rm
                0x0000000000006ce8       0xa0 contiki-z1.a(uip-ds6-route.o)
                0x0000000000006ce8                uip_ds6_route_rm
 .text.rm_routelist
                0x0000000000006d88       0x34 contiki-z1.a(uip-ds6-route.o)
 .text.rm_routelist_callback
                0x0000000000006dbc        0x6 contiki-z1.a(uip-ds6-route.o)
 .text.uip_ds6_route_add
                0x0000000000006dc2       0xfc contiki-z1.a(uip-ds6-route.o)
                0x0000000000006dc2                uip_ds6_route_add
 .text.uip_ds6_defrt_rm
                0x0000000000006ebe       0x44 contiki-z1.a(uip-ds6-route.o)
                0x0000000000006ebe                uip_ds6_defrt_rm
 .text.uip_ds6_defrt_lookup
                0x0000000000006f02       0x32 contiki-z1.a(uip-ds6-route.o)
                0x0000000000006f02                uip_ds6_defrt_lookup
 .text.uip_ds6_defrt_add
                0x0000000000006f34       0x68 contiki-z1.a(uip-ds6-route.o)
                0x0000000000006f34                uip_ds6_defrt_add
 .text.uip_ds6_defrt_choose
                0x0000000000006f9c       0x36 contiki-z1.a(uip-ds6-route.o)
                0x0000000000006f9c                uip_ds6_defrt_choose
 .text.uip_ds6_defrt_periodic
                0x0000000000006fd2       0x38 contiki-z1.a(uip-ds6-route.o)
                0x0000000000006fd2                uip_ds6_defrt_periodic
 .text.chksum   0x000000000000700a       0x32 contiki-z1.a(uip6.o)
 .text.upper_layer_chksum
                0x000000000000703c       0x56 contiki-z1.a(uip6.o)
 .text.ext_hdr_options_process
                0x0000000000007092       0xcc contiki-z1.a(uip6.o)
 .text.uip_icmp6chksum
                0x000000000000715e        0xa contiki-z1.a(uip6.o)
                0x000000000000715e                uip_icmp6chksum
 .text.uip_udpchksum
                0x0000000000007168        0xa contiki-z1.a(uip6.o)
                0x0000000000007168                uip_udpchksum
 .text.uip_init
                0x0000000000007172       0x26 contiki-z1.a(uip6.o)
                0x0000000000007172                uip_init
 .text.remove_ext_hdr
                0x0000000000007198       0x52 contiki-z1.a(uip6.o)
                0x0000000000007198                remove_ext_hdr
 .text.uip_udp_new
                0x00000000000071ea       0xa0 contiki-z1.a(uip6.o)
                0x00000000000071ea                uip_udp_new
 .text.uip_process
                0x000000000000728a      0x498 contiki-z1.a(uip6.o)
                0x000000000000728a                uip_process
 .text.uip_htonl
                0x0000000000007722       0x2a contiki-z1.a(uip6.o)
                0x0000000000007722                uip_htonl
 .text.uip_ds6_nbr_rm
                0x000000000000774c       0x1e contiki-z1.a(uip-ds6-nbr.o)
                0x000000000000774c                uip_ds6_nbr_rm
 .text.uip_ds6_neighbors_init
                0x000000000000776a       0x12 contiki-z1.a(uip-ds6-nbr.o)
                0x000000000000776a                uip_ds6_neighbors_init
 .text.uip_ds6_nbr_add
                0x000000000000777c       0x36 contiki-z1.a(uip-ds6-nbr.o)
                0x000000000000777c                uip_ds6_nbr_add
 .text.uip_ds6_nbr_get_ll
                0x00000000000077b2        0xc contiki-z1.a(uip-ds6-nbr.o)
                0x00000000000077b2                uip_ds6_nbr_get_ll
 .text.uip_ds6_nbr_lookup
                0x00000000000077be       0x3e contiki-z1.a(uip-ds6-nbr.o)
                0x00000000000077be                uip_ds6_nbr_lookup
 .text.uip_ds6_nbr_ll_lookup
                0x00000000000077fc        0xc contiki-z1.a(uip-ds6-nbr.o)
                0x00000000000077fc                uip_ds6_nbr_ll_lookup
 .text.uip_ds6_nbr_ipaddr_from_lladdr
                0x0000000000007808        0x6 contiki-z1.a(uip-ds6-nbr.o)
                0x0000000000007808                uip_ds6_nbr_ipaddr_from_lladdr
 .text.uip_ds6_nbr_lladdr_from_ipaddr
                0x000000000000780e       0x12 contiki-z1.a(uip-ds6-nbr.o)
                0x000000000000780e                uip_ds6_nbr_lladdr_from_ipaddr
 .text.uip_ds6_link_neighbor_callback
                0x0000000000007820       0x32 contiki-z1.a(uip-ds6-nbr.o)
                0x0000000000007820                uip_ds6_link_neighbor_callback
 .text.ns_input
                0x0000000000007852      0x262 contiki-z1.a(uip-nd6.o)
 .text.uip_nd6_init
                0x0000000000007ab4        0xa contiki-z1.a(uip-nd6.o)
                0x0000000000007ab4                uip_nd6_init
 .text.clear_fragments
                0x0000000000007abe       0x3a contiki-z1.a(sicslowpan.o)
 .text.set_packet_attrs
                0x0000000000007af8       0x44 contiki-z1.a(sicslowpan.o)
 .text.addr_context_lookup_by_number
                0x0000000000007b3c       0x34 contiki-z1.a(sicslowpan.o)
 .text.compress_addr_64
                0x0000000000007b70       0xaa contiki-z1.a(sicslowpan.o)
 .text.store_fragment
                0x0000000000007c1a       0x6e contiki-z1.a(sicslowpan.o)
 .text.add_fragment
                0x0000000000007c88      0x162 contiki-z1.a(sicslowpan.o)
 .text.uncompress_addr
                0x0000000000007dea       0x96 contiki-z1.a(sicslowpan.o)
 .text.input    0x0000000000007e80      0x61a contiki-z1.a(sicslowpan.o)
 .text.sicslowpan_init
                0x000000000000849a       0x24 contiki-z1.a(sicslowpan.o)
                0x000000000000849a                sicslowpan_init
 .text.addr_context_lookup_by_prefix
                0x00000000000084be       0x4a contiki-z1.a(sicslowpan.o)
 .text.send_packet
                0x0000000000008508       0x1a contiki-z1.a(sicslowpan.o)
 .text.output   0x0000000000008522      0x68e contiki-z1.a(sicslowpan.o)
 .text.packet_sent
                0x0000000000008bb0       0x22 contiki-z1.a(sicslowpan.o)
 .text.uip_debug_ipaddr_print
                0x0000000000008bd2       0xba contiki-z1.a(uip-debug.o)
                0x0000000000008bd2                uip_debug_ipaddr_print
 .text.tcpip_output
                0x0000000000008c8c       0x10 contiki-z1.a(tcpip.o)
                0x0000000000008c8c                tcpip_output
 .text.tcpip_set_outputfunc
                0x0000000000008c9c        0x6 contiki-z1.a(tcpip.o)
                0x0000000000008c9c                tcpip_set_outputfunc
 .text.udp_new  0x0000000000008ca2       0x1a contiki-z1.a(tcpip.o)
                0x0000000000008ca2                udp_new
 .text.tcpip_input
                0x0000000000008cbc       0x16 contiki-z1.a(tcpip.o)
                0x0000000000008cbc                tcpip_input
 .text.tcpip_ipv6_output
                0x0000000000008cd2       0xc0 contiki-z1.a(tcpip.o)
                0x0000000000008cd2                tcpip_ipv6_output
 .text.process_thread_tcpip_process
                0x0000000000008d92       0xcc contiki-z1.a(tcpip.o)
 .text.tcpip_uipcall
                0x0000000000008e5e       0x2a contiki-z1.a(tcpip.o)
                0x0000000000008e5e                tcpip_uipcall
 .text.update_hbh_header
                0x0000000000008e88       0xcc contiki-z1.a(rpl-ext-header.)
 .text.insert_hbh_header
                0x0000000000008f54       0x94 contiki-z1.a(rpl-ext-header.)
 .text.rpl_verify_hbh_header
                0x0000000000008fe8      0x104 contiki-z1.a(rpl-ext-header.)
                0x0000000000008fe8                rpl_verify_hbh_header
 .text.rpl_remove_header
                0x00000000000090ec       0x76 contiki-z1.a(rpl-ext-header.)
                0x00000000000090ec                rpl_remove_header
 .text.rpl_update_header
                0x0000000000009162       0x64 contiki-z1.a(rpl-ext-header.)
                0x0000000000009162                rpl_update_header
 .text.rpl_get_mode
                0x00000000000091c6        0x6 contiki-z1.a(rpl.o)
                0x00000000000091c6                rpl_get_mode
 .text.rpl_purge_routes
                0x00000000000091cc       0x94 contiki-z1.a(rpl.o)
                0x00000000000091cc                rpl_purge_routes
 .text.rpl_remove_routes
                0x0000000000009260       0x22 contiki-z1.a(rpl.o)
                0x0000000000009260                rpl_remove_routes
 .text.rpl_remove_routes_by_nexthop
                0x0000000000009282       0x3e contiki-z1.a(rpl.o)
                0x0000000000009282                rpl_remove_routes_by_nexthop
 .text.rpl_add_route
                0x00000000000092c0       0x4e contiki-z1.a(rpl.o)
                0x00000000000092c0                rpl_add_route
 .text.rpl_link_neighbor_callback
                0x000000000000930e       0x4c contiki-z1.a(rpl.o)
                0x000000000000930e                rpl_link_neighbor_callback
 .text.rpl_ipv6_neighbor_callback
                0x000000000000935a       0x1e contiki-z1.a(rpl.o)
                0x000000000000935a                rpl_ipv6_neighbor_callback
 .text.rpl_purge_dags
                0x0000000000009378       0x5e contiki-z1.a(rpl.o)
                0x0000000000009378                rpl_purge_dags
 .text.rpl_init
                0x00000000000093d6       0x52 contiki-z1.a(rpl.o)
                0x00000000000093d6                rpl_init
 .text.lollipop_greater_than
                0x0000000000009428       0x44 contiki-z1.a(rpl-dag.o)
 .text.acceptable_rank
                0x000000000000946c       0x44 contiki-z1.a(rpl-dag.o)
 .text.find_parent_any_dag_any_instance
                0x00000000000094b0       0x14 contiki-z1.a(rpl-dag.o)
 .text.rpl_set_preferred_parent
                0x00000000000094c4       0x2c contiki-z1.a(rpl-dag.o)
 .text.set_ip_from_prefix
                0x00000000000094f0       0x30 contiki-z1.a(rpl-dag.o)
 .text.check_prefix
                0x0000000000009520       0x70 contiki-z1.a(rpl-dag.o)
 .text.rpl_dag_init
                0x0000000000009590        0xe contiki-z1.a(rpl-dag.o)
                0x0000000000009590                rpl_dag_init
 .text.rpl_get_parent
                0x000000000000959e        0xc contiki-z1.a(rpl-dag.o)
                0x000000000000959e                rpl_get_parent
 .text.rpl_rank_via_parent
                0x00000000000095aa       0x2e contiki-z1.a(rpl-dag.o)
                0x00000000000095aa                rpl_rank_via_parent
 .text.rpl_get_parent_lladdr
                0x00000000000095d8        0xc contiki-z1.a(rpl-dag.o)
                0x00000000000095d8                rpl_get_parent_lladdr
 .text.rpl_get_parent_ipaddr
                0x00000000000095e4        0xa contiki-z1.a(rpl-dag.o)
                0x00000000000095e4                rpl_get_parent_ipaddr
 .text.rpl_get_parent_link_stats
                0x00000000000095ee        0xa contiki-z1.a(rpl-dag.o)
                0x00000000000095ee                rpl_get_parent_link_stats
 .text.rpl_parent_is_fresh
                0x00000000000095f8        0xa contiki-z1.a(rpl-dag.o)
                0x00000000000095f8                rpl_parent_is_fresh
 .text.best_parent
                0x0000000000009602       0x70 contiki-z1.a(rpl-dag.o)
 .text.rpl_parent_is_reachable
                0x0000000000009672       0x46 contiki-z1.a(rpl-dag.o)
                0x0000000000009672                rpl_parent_is_reachable
 .text.rpl_set_prefix
                0x00000000000096b8       0x74 contiki-z1.a(rpl-dag.o)
                0x00000000000096b8                rpl_set_prefix
 .text.rpl_set_default_route
                0x000000000000972c       0x3a contiki-z1.a(rpl-dag.o)
                0x000000000000972c                rpl_set_default_route
 .text.rpl_alloc_instance
                0x0000000000009766       0x34 contiki-z1.a(rpl-dag.o)
                0x0000000000009766                rpl_alloc_instance
 .text.rpl_add_parent
                0x000000000000979a       0x3a contiki-z1.a(rpl-dag.o)
                0x000000000000979a                rpl_add_parent
 .text.rpl_find_parent
                0x00000000000097d4       0x18 contiki-z1.a(rpl-dag.o)
                0x00000000000097d4                rpl_find_parent
 .text.rpl_find_parent_any_dag
                0x00000000000097ec       0x20 contiki-z1.a(rpl-dag.o)
                0x00000000000097ec                rpl_find_parent_any_dag
 .text.rpl_select_parent
                0x000000000000980c       0x62 contiki-z1.a(rpl-dag.o)
                0x000000000000980c                rpl_select_parent
 .text.rpl_select_dag
                0x000000000000986e      0x172 contiki-z1.a(rpl-dag.o)
                0x000000000000986e                rpl_select_dag
 .text.rpl_nullify_parent
                0x00000000000099e0       0x5c contiki-z1.a(rpl-dag.o)
                0x00000000000099e0                rpl_nullify_parent
 .text.rpl_remove_parent
                0x0000000000009a3c       0x16 contiki-z1.a(rpl-dag.o)
                0x0000000000009a3c                rpl_remove_parent
 .text.nbr_callback
                0x0000000000009a52        0x6 contiki-z1.a(rpl-dag.o)
 .text.remove_parents.constprop.4
                0x0000000000009a58       0x2c contiki-z1.a(rpl-dag.o)
 .text.rpl_free_dag
                0x0000000000009a84       0x44 contiki-z1.a(rpl-dag.o)
                0x0000000000009a84                rpl_free_dag
 .text.rpl_move_parent
                0x0000000000009ac8       0x60 contiki-z1.a(rpl-dag.o)
                0x0000000000009ac8                rpl_move_parent
 .text.rpl_get_dag
                0x0000000000009b28       0x5c contiki-z1.a(rpl-dag.o)
                0x0000000000009b28                rpl_get_dag
 .text.rpl_get_any_dag
                0x0000000000009b84       0x18 contiki-z1.a(rpl-dag.o)
                0x0000000000009b84                rpl_get_any_dag
 .text.rpl_get_instance
                0x0000000000009b9c       0x1a contiki-z1.a(rpl-dag.o)
                0x0000000000009b9c                rpl_get_instance
 .text.rpl_alloc_dag
                0x0000000000009bb6       0x60 contiki-z1.a(rpl-dag.o)
                0x0000000000009bb6                rpl_alloc_dag
 .text.rpl_repair_root
                0x0000000000009c16       0x58 contiki-z1.a(rpl-dag.o)
                0x0000000000009c16                rpl_repair_root
 .text.rpl_find_of
                0x0000000000009c6e       0x10 contiki-z1.a(rpl-dag.o)
                0x0000000000009c6e                rpl_find_of
 .text.rpl_join_instance
                0x0000000000009c7e      0x144 contiki-z1.a(rpl-dag.o)
                0x0000000000009c7e                rpl_join_instance
 .text.rpl_local_repair
                0x0000000000009dc2       0x82 contiki-z1.a(rpl-dag.o)
                0x0000000000009dc2                rpl_local_repair
 .text.rpl_process_parent_event
                0x0000000000009e44       0x82 contiki-z1.a(rpl-dag.o)
                0x0000000000009e44                rpl_process_parent_event
 .text.rpl_recalculate_ranks
                0x0000000000009ec6       0x46 contiki-z1.a(rpl-dag.o)
                0x0000000000009ec6                rpl_recalculate_ranks
 .text.rpl_add_dag
                0x0000000000009f0c      0x104 contiki-z1.a(rpl-dag.o)
                0x0000000000009f0c                rpl_add_dag
 .text.rpl_process_dio
                0x000000000000a010      0x31c contiki-z1.a(rpl-dag.o)
                0x000000000000a010                rpl_process_dio
 .text.queuebuf_init
                0x000000000000a32c       0x12 contiki-z1.a(queuebuf.o)
                0x000000000000a32c                queuebuf_init
 .text.queuebuf_numfree
                0x000000000000a33e        0xa contiki-z1.a(queuebuf.o)
                0x000000000000a33e                queuebuf_numfree
 .text.queuebuf_new_from_packetbuf
                0x000000000000a348       0x4e contiki-z1.a(queuebuf.o)
                0x000000000000a348                queuebuf_new_from_packetbuf
 .text.queuebuf_update_attr_from_packetbuf
                0x000000000000a396       0x12 contiki-z1.a(queuebuf.o)
                0x000000000000a396                queuebuf_update_attr_from_packetbuf
 .text.queuebuf_update_from_packetbuf
                0x000000000000a3a8       0x22 contiki-z1.a(queuebuf.o)
                0x000000000000a3a8                queuebuf_update_from_packetbuf
 .text.queuebuf_free
                0x000000000000a3ca       0x2a contiki-z1.a(queuebuf.o)
                0x000000000000a3ca                queuebuf_free
 .text.queuebuf_to_packetbuf
                0x000000000000a3f4       0x32 contiki-z1.a(queuebuf.o)
                0x000000000000a3f4                queuebuf_to_packetbuf
 .text.queuebuf_attr
                0x000000000000a426        0xe contiki-z1.a(queuebuf.o)
                0x000000000000a426                queuebuf_attr
 .text.index_from_key
                0x000000000000a434       0x44 contiki-z1.a(nbr-table.o)
 .text.item_from_key
                0x000000000000a478       0x34 contiki-z1.a(nbr-table.o)
 .text.nbr_set_bit
                0x000000000000a4ac       0x76 contiki-z1.a(nbr-table.o)
 .text.index_from_lladdr
                0x000000000000a522       0x3e contiki-z1.a(nbr-table.o)
 .text.nbr_get_bit.constprop.0
                0x000000000000a560       0x5a contiki-z1.a(nbr-table.o)
 .text.remove_key
                0x000000000000a5ba       0x50 contiki-z1.a(nbr-table.o)
 .text.nbr_table_register
                0x000000000000a60a       0x26 contiki-z1.a(nbr-table.o)
                0x000000000000a60a                nbr_table_register
 .text.nbr_table_next
                0x000000000000a630       0x78 contiki-z1.a(nbr-table.o)
                0x000000000000a630                nbr_table_next
 .text.nbr_table_head
                0x000000000000a6a8       0x32 contiki-z1.a(nbr-table.o)
                0x000000000000a6a8                nbr_table_head
 .text.nbr_table_add_lladdr
                0x000000000000a6da      0x120 contiki-z1.a(nbr-table.o)
                0x000000000000a6da                nbr_table_add_lladdr
 .text.nbr_table_get_from_lladdr
                0x000000000000a7fa       0x44 contiki-z1.a(nbr-table.o)
                0x000000000000a7fa                nbr_table_get_from_lladdr
 .text.nbr_table_remove
                0x000000000000a83e       0x2a contiki-z1.a(nbr-table.o)
                0x000000000000a83e                nbr_table_remove
 .text.nbr_table_lock
                0x000000000000a868       0x10 contiki-z1.a(nbr-table.o)
                0x000000000000a868                nbr_table_lock
 .text.nbr_table_unlock
                0x000000000000a878       0x10 contiki-z1.a(nbr-table.o)
                0x000000000000a878                nbr_table_unlock
 .text.nbr_table_get_lladdr
                0x000000000000a888       0x54 contiki-z1.a(nbr-table.o)
                0x000000000000a888                nbr_table_get_lladdr
 .text.nbr_table_update_lladdr
                0x000000000000a8dc       0x54 contiki-z1.a(nbr-table.o)
                0x000000000000a8dc                nbr_table_update_lladdr
 .text.packetbuf_hdrreduce
                0x000000000000a930       0x1a contiki-z1.a(packetbuf.o)
                0x000000000000a930                packetbuf_hdrreduce
 .text.packetbuf_set_datalen
                0x000000000000a94a        0x6 contiki-z1.a(packetbuf.o)
                0x000000000000a94a                packetbuf_set_datalen
 .text.packetbuf_hdrptr
                0x000000000000a950        0x6 contiki-z1.a(packetbuf.o)
                0x000000000000a950                packetbuf_hdrptr
 .text.packetbuf_datalen
                0x000000000000a956        0x6 contiki-z1.a(packetbuf.o)
                0x000000000000a956                packetbuf_datalen
 .text.packetbuf_hdrlen
                0x000000000000a95c        0xa contiki-z1.a(packetbuf.o)
                0x000000000000a95c                packetbuf_hdrlen
 .text.packetbuf_dataptr
                0x000000000000a966        0xc contiki-z1.a(packetbuf.o)
                0x000000000000a966                packetbuf_dataptr
 .text.packetbuf_copyto
                0x000000000000a972       0x3a contiki-z1.a(packetbuf.o)
                0x000000000000a972                packetbuf_copyto
 .text.packetbuf_totlen
                0x000000000000a9ac        0xc contiki-z1.a(packetbuf.o)
                0x000000000000a9ac                packetbuf_totlen
 .text.packetbuf_hdralloc
                0x000000000000a9b8       0x3a contiki-z1.a(packetbuf.o)
                0x000000000000a9b8                packetbuf_hdralloc
 .text.packetbuf_attr_clear
                0x000000000000a9f2       0x28 contiki-z1.a(packetbuf.o)
                0x000000000000a9f2                packetbuf_attr_clear
 .text.packetbuf_clear
                0x000000000000aa1a       0x12 contiki-z1.a(packetbuf.o)
                0x000000000000aa1a                packetbuf_clear
 .text.packetbuf_copyfrom
                0x000000000000aa2c       0x2a contiki-z1.a(packetbuf.o)
                0x000000000000aa2c                packetbuf_copyfrom
 .text.packetbuf_attr_copyto
                0x000000000000aa56       0x22 contiki-z1.a(packetbuf.o)
                0x000000000000aa56                packetbuf_attr_copyto
 .text.packetbuf_attr_copyfrom
                0x000000000000aa78       0x24 contiki-z1.a(packetbuf.o)
                0x000000000000aa78                packetbuf_attr_copyfrom
 .text.packetbuf_holds_broadcast
                0x000000000000aa9c        0xe contiki-z1.a(packetbuf.o)
                0x000000000000aa9c                packetbuf_holds_broadcast
 .text.linkaddr_copy
                0x000000000000aaaa        0x8 contiki-z1.a(linkaddr.o)
                0x000000000000aaaa                linkaddr_copy
 .text.linkaddr_cmp
                0x000000000000aab2       0x12 contiki-z1.a(linkaddr.o)
                0x000000000000aab2                linkaddr_cmp
 .text.linkaddr_set_node_addr
                0x000000000000aac4        0xc contiki-z1.a(linkaddr.o)
                0x000000000000aac4                linkaddr_set_node_addr
 .text.periodic
                0x000000000000aad0       0x2c contiki-z1.a(link-stats.o)
 .text.link_stats_from_lladdr
                0x000000000000aafc        0xc contiki-z1.a(link-stats.o)
                0x000000000000aafc                link_stats_from_lladdr
 .text.link_stats_is_fresh
                0x000000000000ab08       0x30 contiki-z1.a(link-stats.o)
                0x000000000000ab08                link_stats_is_fresh
 .text.link_stats_packet_sent
                0x000000000000ab38       0xc0 contiki-z1.a(link-stats.o)
                0x000000000000ab38                link_stats_packet_sent
 .text.link_stats_input_callback
                0x000000000000abf8       0xac contiki-z1.a(link-stats.o)
                0x000000000000abf8                link_stats_input_callback
 .text.link_stats_init
                0x000000000000aca4       0x22 contiki-z1.a(link-stats.o)
                0x000000000000aca4                link_stats_init
 .text.parse    0x000000000000acc6       0xa2 contiki-z1.a(framer-802154.o)
 .text.create_frame.isra.0
                0x000000000000ad68      0x114 contiki-z1.a(framer-802154.o)
 .text.create   0x000000000000ae7c        0x8 contiki-z1.a(framer-802154.o)
 .text.hdr_length
                0x000000000000ae84        0x8 contiki-z1.a(framer-802154.o)
 .text.input_packet
                0x000000000000ae8c        0x6 contiki-z1.a(csma.o)
 .text.on       0x000000000000ae92        0x6 contiki-z1.a(csma.o)
 .text.off      0x000000000000ae98        0x6 contiki-z1.a(csma.o)
 .text.channel_check_interval
                0x000000000000ae9e       0x10 contiki-z1.a(csma.o)
 .text.transmit_packet_list
                0x000000000000aeae       0x24 contiki-z1.a(csma.o)
 .text.schedule_transmission
                0x000000000000aed2       0x86 contiki-z1.a(csma.o)
 .text.send_packet
                0x000000000000af58      0x158 contiki-z1.a(csma.o)
 .text.init     0x000000000000b0b0       0x1a contiki-z1.a(csma.o)
 .text.tx_done  0x000000000000b0ca       0x86 contiki-z1.a(csma.o)
 .text.packet_sent
                0x000000000000b150       0xc6 contiki-z1.a(csma.o)
 .text.duty_cycle
                0x000000000000b216        0x6 contiki-z1.a(contikimac.o)
 .text.init     0x000000000000b21c       0x2a contiki-z1.a(contikimac.o)
 .text.on       0x000000000000b246       0x1a contiki-z1.a(contikimac.o)
 .text.off      0x000000000000b260       0x22 contiki-z1.a(contikimac.o)
 .text.recv_burst_off
                0x000000000000b282        0xa contiki-z1.a(contikimac.o)
 .text.powercycle_turn_radio_off
                0x000000000000b28c       0x14 contiki-z1.a(contikimac.o)
 .text.turn_off
                0x000000000000b2a0       0x20 contiki-z1.a(contikimac.o)
 .text.turn_on  0x000000000000b2c0       0x30 contiki-z1.a(contikimac.o)
 .text.schedule_powercycle_fixed.part.5
                0x000000000000b2f0       0x32 contiki-z1.a(contikimac.o)
 .text.powercycle_wrapper
                0x000000000000b322      0x1ba contiki-z1.a(contikimac.o)
 .text.input_packet
                0x000000000000b4dc       0x90 contiki-z1.a(contikimac.o)
 .text.send_packet.isra.8
                0x000000000000b56c      0x1b8 contiki-z1.a(contikimac.o)
 .text.qsend_list
                0x000000000000b724       0xc2 contiki-z1.a(contikimac.o)
 .text.qsend_packet
                0x000000000000b7e6       0x28 contiki-z1.a(contikimac.o)
 .text.init     0x000000000000b80e        0x2 contiki-z1.a(nullsec.o)
 .text.send     0x000000000000b810        0xa contiki-z1.a(nullsec.o)
 .text.input    0x000000000000b81a        0x6 contiki-z1.a(nullsec.o)
 .text.coap_parse_int_option
                0x000000000000b820       0x36 contiki-z1.a(er-coap.o)
 .text.coap_set_option_header
                0x000000000000b856       0xa6 contiki-z1.a(er-coap.o)
 .text.coap_serialize_int_option
                0x000000000000b8fc       0xbe contiki-z1.a(er-coap.o)
 .text.coap_get_variable
                0x000000000000b9ba       0xa2 contiki-z1.a(er-coap.o)
 .text.coap_serialize_array_option
                0x000000000000ba5c       0xd4 contiki-z1.a(er-coap.o)
 .text.coap_merge_multi_option.part.1
                0x000000000000bb30       0x2c contiki-z1.a(er-coap.o)
 .text.coap_init_connection
                0x000000000000bb5c       0x22 contiki-z1.a(er-coap.o)
                0x000000000000bb5c                coap_init_connection
 .text.coap_get_mid
                0x000000000000bb7e        0xc contiki-z1.a(er-coap.o)
                0x000000000000bb7e                coap_get_mid
 .text.coap_init_message
                0x000000000000bb8a       0x24 contiki-z1.a(er-coap.o)
                0x000000000000bb8a                coap_init_message
 .text.coap_serialize_message
                0x000000000000bbae      0x426 contiki-z1.a(er-coap.o)
                0x000000000000bbae                coap_serialize_message
 .text.coap_send_message
                0x000000000000bfd4       0x3e contiki-z1.a(er-coap.o)
                0x000000000000bfd4                coap_send_message
 .text.coap_parse_message
                0x000000000000c012      0x50e contiki-z1.a(er-coap.o)
                0x000000000000c012                coap_parse_message
 .text.coap_get_query_variable
                0x000000000000c520       0x1c contiki-z1.a(er-coap.o)
                0x000000000000c520                coap_get_query_variable
 .text.coap_get_post_variable
                0x000000000000c53c       0x20 contiki-z1.a(er-coap.o)
                0x000000000000c53c                coap_get_post_variable
 .text.coap_set_status_code
                0x000000000000c55c       0x12 contiki-z1.a(er-coap.o)
                0x000000000000c55c                coap_set_status_code
 .text.coap_set_token
                0x000000000000c56e       0x24 contiki-z1.a(er-coap.o)
                0x000000000000c56e                coap_set_token
 .text.coap_get_header_content_format
                0x000000000000c592       0x18 contiki-z1.a(er-coap.o)
                0x000000000000c592                coap_get_header_content_format
 .text.coap_set_header_content_format
                0x000000000000c5aa        0xe contiki-z1.a(er-coap.o)
                0x000000000000c5aa                coap_set_header_content_format
 .text.coap_get_header_accept
                0x000000000000c5b8       0x16 contiki-z1.a(er-coap.o)
                0x000000000000c5b8                coap_get_header_accept
 .text.coap_get_header_max_age
                0x000000000000c5ce       0x26 contiki-z1.a(er-coap.o)
                0x000000000000c5ce                coap_get_header_max_age
 .text.coap_set_header_max_age
                0x000000000000c5f4       0x12 contiki-z1.a(er-coap.o)
                0x000000000000c5f4                coap_set_header_max_age
 .text.coap_set_header_etag
                0x000000000000c606       0x2a contiki-z1.a(er-coap.o)
                0x000000000000c606                coap_set_header_etag
 .text.coap_get_header_if_match
                0x000000000000c630       0x1c contiki-z1.a(er-coap.o)
                0x000000000000c630                coap_get_header_if_match
 .text.coap_get_header_if_none_match
                0x000000000000c64c       0x10 contiki-z1.a(er-coap.o)
                0x000000000000c64c                coap_get_header_if_none_match
 .text.coap_get_header_uri_host
                0x000000000000c65c       0x18 contiki-z1.a(er-coap.o)
                0x000000000000c65c                coap_get_header_uri_host
 .text.coap_get_header_uri_path
                0x000000000000c674       0x18 contiki-z1.a(er-coap.o)
                0x000000000000c674                coap_get_header_uri_path
 .text.coap_set_header_uri_path
                0x000000000000c68c       0x2a contiki-z1.a(er-coap.o)
                0x000000000000c68c                coap_set_header_uri_path
 .text.coap_get_header_uri_query
                0x000000000000c6b6       0x16 contiki-z1.a(er-coap.o)
                0x000000000000c6b6                coap_get_header_uri_query
 .text.coap_set_header_location_query
                0x000000000000c6cc       0x2c contiki-z1.a(er-coap.o)
                0x000000000000c6cc                coap_set_header_location_query
 .text.coap_set_header_location_path
                0x000000000000c6f8       0x78 contiki-z1.a(er-coap.o)
                0x000000000000c6f8                coap_set_header_location_path
 .text.coap_set_header_observe
                0x000000000000c770       0x12 contiki-z1.a(er-coap.o)
                0x000000000000c770                coap_set_header_observe
 .text.coap_get_header_block2
                0x000000000000c782       0x4c contiki-z1.a(er-coap.o)
                0x000000000000c782                coap_get_header_block2
 .text.coap_set_header_block2
                0x000000000000c7ce       0x40 contiki-z1.a(er-coap.o)
                0x000000000000c7ce                coap_set_header_block2
 .text.coap_get_header_size2
                0x000000000000c80e       0x1e contiki-z1.a(er-coap.o)
                0x000000000000c80e                coap_get_header_size2
 .text.coap_set_header_size2
                0x000000000000c82c       0x12 contiki-z1.a(er-coap.o)
                0x000000000000c82c                coap_set_header_size2
 .text.coap_get_payload
                0x000000000000c83e       0x1a contiki-z1.a(er-coap.o)
                0x000000000000c83e                coap_get_payload
 .text.coap_set_payload
                0x000000000000c858       0x16 contiki-z1.a(er-coap.o)
                0x000000000000c858                coap_set_payload
 .text.i2c_receiveinit
                0x000000000000c86e       0x38 contiki-z1.a(i2cmaster.o)
                0x000000000000c86e                i2c_receiveinit
 .text.i2c_transmitinit
                0x000000000000c8a6       0x32 contiki-z1.a(i2cmaster.o)
                0x000000000000c8a6                i2c_transmitinit
 .text.i2c_receive_n
                0x000000000000c8d8       0x44 contiki-z1.a(i2cmaster.o)
                0x000000000000c8d8                i2c_receive_n
 .text.i2c_busy
                0x000000000000c91c        0xa contiki-z1.a(i2cmaster.o)
                0x000000000000c91c                i2c_busy
 .text.i2c_enable
                0x000000000000c926       0x24 contiki-z1.a(i2cmaster.o)
                0x000000000000c926                i2c_enable
 .text.i2c_transmit_n
                0x000000000000c94a       0x14 contiki-z1.a(i2cmaster.o)
                0x000000000000c94a                i2c_transmit_n
 .text.i2c_tx_interrupt
                0x000000000000c95e       0x8a contiki-z1.a(i2cmaster.o)
                0x000000000000c95e                __isr_16
                0x000000000000c95e                i2c_tx_interrupt
 .text.i2c_rx_interrupt
                0x000000000000c9e8       0x18 contiki-z1.a(i2cmaster.o)
                0x000000000000c9e8                i2c_rx_interrupt
                0x000000000000c9e8                __isr_17
 .text.status   0x000000000000ca00       0x16 contiki-z1.a(button-sensor.o)
 .text.configure
                0x000000000000ca16       0x52 contiki-z1.a(button-sensor.o)
 .text.value    0x000000000000ca68       0x22 contiki-z1.a(button-sensor.o)
 .text.irq_p2   0x000000000000ca8a       0x76 contiki-z1.a(button-sensor.o)
                0x000000000000ca8a                irq_p2
                0x000000000000ca8a                __isr_19
 .text.stimer_set
                0x000000000000cb00       0x1c contiki-z1.a(stimer.o)
                0x000000000000cb00                stimer_set
 .text.stimer_expired
                0x000000000000cb1c       0x30 contiki-z1.a(stimer.o)
                0x000000000000cb1c                stimer_expired
 .text.echo_reply_input
                0x000000000000cb4c       0xaa contiki-z1.a(uip-icmp6.o)
 .text.echo_request_input
                0x000000000000cbf6       0xca contiki-z1.a(uip-icmp6.o)
 .text.uip_icmp6_input
                0x000000000000ccc0       0x40 contiki-z1.a(uip-icmp6.o)
                0x000000000000ccc0                uip_icmp6_input
 .text.uip_icmp6_register_input_handler
                0x000000000000cd00        0xc contiki-z1.a(uip-icmp6.o)
                0x000000000000cd00                uip_icmp6_register_input_handler
 .text.uip_icmp6_error_output
                0x000000000000cd0c      0x168 contiki-z1.a(uip-icmp6.o)
                0x000000000000cd0c                uip_icmp6_error_output
 .text.uip_icmp6_send
                0x000000000000ce74       0x86 contiki-z1.a(uip-icmp6.o)
                0x000000000000ce74                uip_icmp6_send
 .text.uip_icmp6_init
                0x000000000000cefa       0x12 contiki-z1.a(uip-icmp6.o)
                0x000000000000cefa                uip_icmp6_init
 .text.uip_udp_packet_send
                0x000000000000cf0c       0x2a contiki-z1.a(uip-udp-packet.)
                0x000000000000cf0c                uip_udp_packet_send
 .text.prepare_for_dao_fwd
                0x000000000000cf36       0x28 contiki-z1.a(rpl-icmp6.o)
 .text.get32    0x000000000000cf5e       0x3e contiki-z1.a(rpl-icmp6.o)
 .text.set32    0x000000000000cf9c       0x2a contiki-z1.a(rpl-icmp6.o)
 .text.get16    0x000000000000cfc6        0xe contiki-z1.a(rpl-icmp6.o)
 .text.set16    0x000000000000cfd4       0x10 contiki-z1.a(rpl-icmp6.o)
 .text.dao_ack_input
                0x000000000000cfe4        0xa contiki-z1.a(rpl-icmp6.o)
 .text.dio_input
                0x000000000000cfee      0x288 contiki-z1.a(rpl-icmp6.o)
 .text.rpl_icmp6_update_nbr_table
                0x000000000000d276       0x28 contiki-z1.a(rpl-icmp6.o)
                0x000000000000d276                rpl_icmp6_update_nbr_table
 .text.dao_input
                0x000000000000d29e      0x27c contiki-z1.a(rpl-icmp6.o)
 .text.dis_output
                0x000000000000d51a       0x50 contiki-z1.a(rpl-icmp6.o)
                0x000000000000d51a                dis_output
 .text.dio_output
                0x000000000000d56a      0x24c contiki-z1.a(rpl-icmp6.o)
                0x000000000000d56a                dio_output
 .text.dis_input
                0x000000000000d7b6       0x3e contiki-z1.a(rpl-icmp6.o)
 .text.dao_output_target
                0x000000000000d7f4       0xf8 contiki-z1.a(rpl-icmp6.o)
                0x000000000000d7f4                dao_output_target
 .text.dao_output
                0x000000000000d8ec       0xa0 contiki-z1.a(rpl-icmp6.o)
                0x000000000000d8ec                dao_output
 .text.rpl_icmp6_register_handlers
                0x000000000000d98c       0x22 contiki-z1.a(rpl-icmp6.o)
                0x000000000000d98c                rpl_icmp6_register_handlers
 .text.handle_unicast_dio_timer
                0x000000000000d9ae       0x1c contiki-z1.a(rpl-timers.o)
 .text.new_dio_interval
                0x000000000000d9ca       0x96 contiki-z1.a(rpl-timers.o)
 .text.handle_periodic_timer
                0x000000000000da60       0x50 contiki-z1.a(rpl-timers.o)
 .text.set_dao_lifetime_timer.part.0
                0x000000000000dab0       0x5e contiki-z1.a(rpl-timers.o)
 .text.schedule_dao
                0x000000000000db0e       0x80 contiki-z1.a(rpl-timers.o)
 .text.handle_dio_timer
                0x000000000000db8e       0x8c contiki-z1.a(rpl-timers.o)
 .text.handle_dao_timer
                0x000000000000dc1a       0x72 contiki-z1.a(rpl-timers.o)
 .text.rpl_reset_periodic_timer
                0x000000000000dc8c       0x5c contiki-z1.a(rpl-timers.o)
                0x000000000000dc8c                rpl_reset_periodic_timer
 .text.rpl_reset_dio_timer
                0x000000000000dce8       0x1c contiki-z1.a(rpl-timers.o)
                0x000000000000dce8                rpl_reset_dio_timer
 .text.rpl_schedule_dao
                0x000000000000dd04        0xc contiki-z1.a(rpl-timers.o)
                0x000000000000dd04                rpl_schedule_dao
 .text.rpl_schedule_unicast_dio_immediately
                0x000000000000dd10       0x16 contiki-z1.a(rpl-timers.o)
                0x000000000000dd10                rpl_schedule_unicast_dio_immediately
 .text.get_probing_delay
                0x000000000000dd26       0x40 contiki-z1.a(rpl-timers.o)
                0x000000000000dd26                get_probing_delay
 .text.get_probing_target
                0x000000000000dd66       0xe2 contiki-z1.a(rpl-timers.o)
                0x000000000000dd66                get_probing_target
 .text.rpl_schedule_probing
                0x000000000000de48       0x26 contiki-z1.a(rpl-timers.o)
                0x000000000000de48                rpl_schedule_probing
 .text.handle_probing_timer
                0x000000000000de6e       0x34 contiki-z1.a(rpl-timers.o)
 .text.update_nbr
                0x000000000000dea2       0xde contiki-z1.a(rpl-nbr-policy.)
 .text.handle_periodic_timer
                0x000000000000df80        0xe contiki-z1.a(rpl-nbr-policy.)
 .text.find_removable_dis
                0x000000000000df8e       0x14 contiki-z1.a(rpl-nbr-policy.)
                0x000000000000df8e                find_removable_dis
 .text.find_removable_dio
                0x000000000000dfa2       0x3c contiki-z1.a(rpl-nbr-policy.)
                0x000000000000dfa2                find_removable_dio
 .text.find_removable_dao
                0x000000000000dfde       0x32 contiki-z1.a(rpl-nbr-policy.)
                0x000000000000dfde                find_removable_dao
 .text.rpl_nbr_policy_find_removable
                0x000000000000e010       0x30 contiki-z1.a(rpl-nbr-policy.)
                0x000000000000e010                rpl_nbr_policy_find_removable
 .text.reset    0x000000000000e040        0x2 contiki-z1.a(rpl-mrhof.o)
 .text.update_metric_container
                0x000000000000e042        0x6 contiki-z1.a(rpl-mrhof.o)
 .text.parent_link_metric
                0x000000000000e048       0x10 contiki-z1.a(rpl-mrhof.o)
 .text.parent_has_usable_link
                0x000000000000e058       0x14 contiki-z1.a(rpl-mrhof.o)
 .text.best_dag
                0x000000000000e06c       0x34 contiki-z1.a(rpl-mrhof.o)
 .text.parent_path_cost
                0x000000000000e0a0       0x40 contiki-z1.a(rpl-mrhof.o)
 .text.parent_is_acceptable
                0x000000000000e0e0       0x26 contiki-z1.a(rpl-mrhof.o)
 .text.best_parent
                0x000000000000e106       0x7c contiki-z1.a(rpl-mrhof.o)
 .text.rank_via_parent
                0x000000000000e182       0x4e contiki-z1.a(rpl-mrhof.o)
 .text.mac_sequence_is_duplicate
                0x000000000000e1d0       0x58 contiki-z1.a(mac-sequence.o)
                0x000000000000e1d0                mac_sequence_is_duplicate
 .text.mac_sequence_register_seqno
                0x000000000000e228       0x78 contiki-z1.a(mac-sequence.o)
                0x000000000000e228                mac_sequence_register_seqno
 .text.frame802154_get_pan_id
                0x000000000000e2a0        0x6 contiki-z1.a(frame802154.o)
                0x000000000000e2a0                frame802154_get_pan_id
 .text.frame802154_has_panid
                0x000000000000e2a6       0xdc contiki-z1.a(frame802154.o)
                0x000000000000e2a6                frame802154_has_panid
 .text.field_len
                0x000000000000e382       0xae contiki-z1.a(frame802154.o)
 .text.frame802154_is_broadcast_addr
                0x000000000000e430       0x24 contiki-z1.a(frame802154.o)
                0x000000000000e430                frame802154_is_broadcast_addr
 .text.frame802154_hdrlen
                0x000000000000e454       0x32 contiki-z1.a(frame802154.o)
                0x000000000000e454                frame802154_hdrlen
 .text.frame802154_create_fcf
                0x000000000000e486       0x6e contiki-z1.a(frame802154.o)
                0x000000000000e486                frame802154_create_fcf
 .text.frame802154_create
                0x000000000000e4f4       0xd4 contiki-z1.a(frame802154.o)
                0x000000000000e4f4                frame802154_create
 .text.frame802154_parse_fcf
                0x000000000000e5c8       0x8a contiki-z1.a(frame802154.o)
                0x000000000000e5c8                frame802154_parse_fcf
 .text.frame802154_parse
                0x000000000000e652      0x178 contiki-z1.a(frame802154.o)
                0x000000000000e652                frame802154_parse
 .text.mac_call_sent_callback
                0x000000000000e7ca       0x14 contiki-z1.a(mac.o)
                0x000000000000e7ca                mac_call_sent_callback
 .text.libgcc   0x000000000000e7de       0x2a /usr/lib/gcc/msp430/4.6.3/mcpu-430x/mmpy-16/libgcc.a(_mulsi3.o)
                0x000000000000e7de                __mulsi3
 .text.libgcc   0x000000000000e808       0x22 /usr/lib/gcc/msp430/4.6.3/mcpu-430x/mmpy-16/libgcc.a(_udivmod16.o)
                0x000000000000e808                __udivhi3
                0x000000000000e808                __ext_udivmod16
                0x000000000000e822                __umodhi3
 .text.libgcc   0x000000000000e82a       0x3a /usr/lib/gcc/msp430/4.6.3/mcpu-430x/mmpy-16/libgcc.a(_divmod16.o)
                0x000000000000e82a                __ext_divmod16
                0x000000000000e82a                __divhi3
                0x000000000000e85c                __modhi3
 .text.libgcc   0x000000000000e864       0x38 /usr/lib/gcc/msp430/4.6.3/mcpu-430x/mmpy-16/libgcc.a(_udivmod32.o)
                0x000000000000e864                __udivsi3
                0x000000000000e864                __ext_udivmod32
                0x000000000000e892                __umodsi3
 .text.libgcc   0x000000000000e89c       0x4c /usr/lib/gcc/msp430/4.6.3/mcpu-430x/mmpy-16/libgcc.a(_divmod32.o)
                0x000000000000e89c                __ext_divmod32
                0x000000000000e89c                __divsi3
                0x000000000000e8de                __modsi3
 .text          0x000000000000e8e8       0x12 /usr/lib/gcc/msp430/4.6.3/../../../../msp430/lib/mcpu-430x/mmpy-16/libc.a(strchr.o)
                0x000000000000e8e8                strchr
 .text          0x000000000000e8fa       0x1c /usr/lib/gcc/msp430/4.6.3/../../../../msp430/lib/mcpu-430x/mmpy-16/libc.a(memchr.o)
                0x000000000000e8fa                memchr
 .text          0x000000000000e916       0x28 /usr/lib/gcc/msp430/4.6.3/../../../../msp430/lib/mcpu-430x/mmpy-16/libc.a(strncmp.o)