Archive member included to satisfy reference by file (symbol)

obj_cooja/mtype969.a(er-coap-engine.)
                              coap-node.co (coap_rest_implementation)
obj_cooja/mtype969.a(er-coap-transac)
                              obj_cooja/mtype969.a(er-coap-engine.) (coap_register_as_transaction_handler)
obj_cooja/mtype969.a(er-coap-observe)
                              obj_cooja/mtype969.a(er-coap-transac) (coap_remove_observer_by_client)
obj_cooja/mtype969.a(er-coap-res-wel)
                              obj_cooja/mtype969.a(er-coap-engine.) (res_well_known_core)
obj_cooja/mtype969.a(rest-engine.o)
                              coap-node.co (rest_init_engine)
obj_cooja/mtype969.a(simEnvChange.o)
                              obj_cooja/mtype969.o (simDontFallAsleep)
obj_cooja/mtype969.a(cooja_mt.o)
                              obj_cooja/mtype969.o (cooja_mt_start)
obj_cooja/mtype969.a(cooja_mtarch.o)
                              obj_cooja/mtype969.a(cooja_mt.o) (cooja_mtarch_init)
obj_cooja/mtype969.a(rtimer-arch.o)
                              obj_cooja/mtype969.o (rtimer_arch_check)
obj_cooja/mtype969.a(beep.o)  obj_cooja/mtype969.o (beep_interface)
obj_cooja/mtype969.a(button-sensor.o)
                              obj_cooja/mtype969.o (button_interface)
obj_cooja/mtype969.a(leds-arch.o)
                              obj_cooja/mtype969.o (leds_interface)
obj_cooja/mtype969.a(moteid.o)
                              obj_cooja/mtype969.o (moteid_interface)
obj_cooja/mtype969.a(pir-sensor.o)
                              obj_cooja/mtype969.o (pir_interface)
obj_cooja/mtype969.a(rs232.o)
                              obj_cooja/mtype969.o (rs232_interface)
obj_cooja/mtype969.a(vib-sensor.o)
                              obj_cooja/mtype969.o (vib_interface)
obj_cooja/mtype969.a(clock.o)
                              obj_cooja/mtype969.o (clock_interface)
obj_cooja/mtype969.a(log.o)   obj_cooja/mtype969.o (simlog_interface)
obj_cooja/mtype969.a(cfs-cooja.o)
                              obj_cooja/mtype969.o (cfs_interface)
obj_cooja/mtype969.a(cooja-radio.o)
                              obj_cooja/mtype969.o (radio_interface)
obj_cooja/mtype969.a(eeprom.o)
                              obj_cooja/mtype969.o (eeprom_interface)
obj_cooja/mtype969.a(random.o)
                              obj_cooja/mtype969.a(moteid.o) (random_init)
obj_cooja/mtype969.a(sensors.o)
                              obj_cooja/mtype969.o (sensors_process)
obj_cooja/mtype969.a(autostart.o)
                              obj_cooja/mtype969.o (autostart_start)
obj_cooja/mtype969.a(ctimer.o)
                              obj_cooja/mtype969.o (ctimer_init)
obj_cooja/mtype969.a(etimer.o)
                              obj_cooja/mtype969.o (etimer_process)
obj_cooja/mtype969.a(process.o)
                              obj_cooja/mtype969.a(er-coap-engine.) (process_current)
obj_cooja/mtype969.a(rtimer.o)
                              obj_cooja/mtype969.a(rtimer-arch.o) (rtimer_run_next)
obj_cooja/mtype969.a(timer.o)
                              obj_cooja/mtype969.a(button-sensor.o) (timer_set)
obj_cooja/mtype969.a(serial-line.o)
                              obj_cooja/mtype969.a(rs232.o) (serial_line_input_byte)
obj_cooja/mtype969.a(list.o)  obj_cooja/mtype969.a(rest-engine.o) (list_init)
obj_cooja/mtype969.a(memb.o)  obj_cooja/mtype969.a(er-coap-transac) (memb_alloc)
obj_cooja/mtype969.a(ringbuf.o)
                              obj_cooja/mtype969.a(serial-line.o) (ringbuf_init)
obj_cooja/mtype969.a(uip-ds6.o)
                              obj_cooja/mtype969.o (uip_ds6_set_addr_iid)
obj_cooja/mtype969.a(uip-ds6-route.o)
                              obj_cooja/mtype969.a(uip-ds6.o) (uip_ds6_route_init)
obj_cooja/mtype969.a(uip6.o)  obj_cooja/mtype969.o (uip_lladdr)
obj_cooja/mtype969.a(uip-ds6-nbr.o)
                              obj_cooja/mtype969.a(uip-ds6.o) (uip_ds6_neighbors_init)
obj_cooja/mtype969.a(uip-nd6.o)
                              obj_cooja/mtype969.a(uip6.o) (uip_nd6_init)
obj_cooja/mtype969.a(sicslowpan.o)
                              obj_cooja/mtype969.o (sicslowpan_driver)
obj_cooja/mtype969.a(uip-debug.o)
                              obj_cooja/mtype969.a(uip-ds6-route.o) (uip_debug_ipaddr_print)
obj_cooja/mtype969.a(uip-packetqueue)
                              obj_cooja/mtype969.a(uip-ds6-nbr.o) (uip_packetqueue_new)
obj_cooja/mtype969.a(tcpip.o)
                              obj_cooja/mtype969.a(er-coap-engine.) (tcpip_event)
obj_cooja/mtype969.a(rpl-ext-header.)
                              obj_cooja/mtype969.a(uip6.o) (rpl_verify_hbh_header)
obj_cooja/mtype969.a(rpl.o)   obj_cooja/mtype969.a(rpl-ext-header.) (rpl_stats)
obj_cooja/mtype969.a(rpl-dag.o)
                              obj_cooja/mtype969.a(rpl-ext-header.) (rpl_parents)
obj_cooja/mtype969.a(queuebuf.o)
                              obj_cooja/mtype969.o (queuebuf_init)
obj_cooja/mtype969.a(nbr-table.o)
[...]
Memory Configuration

Name             Origin             Length             Attributes
*default*        0x0000000000000000 0xffffffffffffffff

Linker script and memory map

LOAD /usr/lib/gcc/x86_64-linux-gnu/8/../../../x86_64-linux-gnu/crti.o
LOAD /usr/lib/gcc/x86_64-linux-gnu/8/crtbeginS.o
LOAD coap-node.co
LOAD obj_cooja/mtype969.o
LOAD obj_cooja/mtype969.a
LOAD /usr/lib/gcc/x86_64-linux-gnu/8/libgcc.a
LOAD /usr/lib/gcc/x86_64-linux-gnu/8/libgcc_s.so
START GROUP
LOAD /usr/lib/gcc/x86_64-linux-gnu/8/libgcc_s.so.1
LOAD /usr/lib/gcc/x86_64-linux-gnu/8/libgcc.a
END GROUP
LOAD /usr/lib/gcc/x86_64-linux-gnu/8/../../../x86_64-linux-gnu/libc.so
START GROUP
LOAD /lib/x86_64-linux-gnu/libc.so.6
LOAD /usr/lib/x86_64-linux-gnu/libc_nonshared.a
LOAD /lib/x86_64-linux-gnu/ld-linux-x86-64.so.2
END GROUP
LOAD /usr/lib/gcc/x86_64-linux-gnu/8/libgcc.a
LOAD /usr/lib/gcc/x86_64-linux-gnu/8/libgcc_s.so
START GROUP
LOAD /usr/lib/gcc/x86_64-linux-gnu/8/libgcc_s.so.1
LOAD /usr/lib/gcc/x86_64-linux-gnu/8/libgcc.a
END GROUP
LOAD /usr/lib/gcc/x86_64-linux-gnu/8/crtendS.o
LOAD /usr/lib/gcc/x86_64-linux-gnu/8/../../../x86_64-linux-gnu/crtn.o
                0x0000000000000238                . = (SEGMENT_START ("text-segment", 0x0) + SIZEOF_HEADERS)

.note.gnu.build-id
                0x0000000000000238       0x24
 *(.note.gnu.build-id)
 .note.gnu.build-id
                0x0000000000000238       0x24 /usr/lib/gcc/x86_64-linux-gnu/8/../../../x86_64-linux-gnu/crti.o

.hash
 *(.hash)

.gnu.hash       0x0000000000000260     0x1368
 *(.gnu.hash)
 .gnu.hash      0x0000000000000260     0x1368 /usr/lib/gcc/x86_64-linux-gnu/8/../../../x86_64-linux-gnu/crti.o

.dynsym         0x00000000000015c8     0x3918
 *(.dynsym)
 .dynsym        0x00000000000015c8     0x3918 /usr/lib/gcc/x86_64-linux-gnu/8/../../../x86_64-linux-gnu/crti.o

.dynstr         0x0000000000004ee0     0x29c1
 *(.dynstr)
 .dynstr        0x0000000000004ee0     0x29c1 /usr/lib/gcc/x86_64-linux-gnu/8/../../../x86_64-linux-gnu/crti.o

.gnu.version    0x00000000000078a2      0x4c2
 *(.gnu.version)
 .gnu.version   0x00000000000078a2      0x4c2 /usr/lib/gcc/x86_64-linux-gnu/8/../../../x86_64-linux-gnu/crti.o

.gnu.version_d  0x0000000000007d68        0x0
 *(.gnu.version_d)
 .gnu.version_d
                0x0000000000007d68        0x0 /usr/lib/gcc/x86_64-linux-gnu/8/../../../x86_64-linux-gnu/crti.o

.gnu.version_r  0x0000000000007d68       0x40
 *(.gnu.version_r)
 .gnu.version_r
                0x0000000000007d68       0x40 /usr/lib/gcc/x86_64-linux-gnu/8/../../../x86_64-linux-gnu/crti.o

.rela.dyn       0x0000000000007da8     0x1ef0
 *(.rela.init)
 *(.rela.text .rela.text.* .rela.gnu.linkonce.t.*)
 .rela.text     0x0000000000007da8        0x0 /usr/lib/gcc/x86_64-linux-gnu/8/../../../x86_64-linux-gnu/crti.o
 *(.rela.fini)
 *(.rela.rodata .rela.rodata.* .rela.gnu.linkonce.r.*)
 *(.rela.data .rela.data.* .rela.gnu.linkonce.d.*)
 .rela.data.rel.local
                0x0000000000007da8      0x780 /usr/lib/gcc/x86_64-linux-gnu/8/../../../x86_64-linux-gnu/crti.o
 .rela.data.rel
                0x0000000000008528      0x1e0 /usr/lib/gcc/x86_64-linux-gnu/8/../../../x86_64-linux-gnu/crti.o
 .rela.data.rel.ro
                0x0000000000008708      0x2d0 /usr/lib/gcc/x86_64-linux-gnu/8/../../../x86_64-linux-gnu/crti.o
 .rela.data.rel.ro.local
                0x00000000000089d8      0x6c0 /usr/lib/gcc/x86_64-linux-gnu/8/../../../x86_64-linux-gnu/crti.o
 *(.rela.tdata .rela.tdata.* .rela.gnu.linkonce.td.*)
 *(.rela.tbss .rela.tbss.* .rela.gnu.linkonce.tb.*)
 *(.rela.ctors)
 *(.rela.dtors)
 *(.rela.got)
 .rela.got      0x0000000000009098      0xbd0 /usr/lib/gcc/x86_64-linux-gnu/8/../../../x86_64-linux-gnu/crti.o
 *(.rela.bss .rela.bss.* .rela.gnu.linkonce.b.*)
 *(.rela.ldata .rela.ldata.* .rela.gnu.linkonce.l.*)
 *(.rela.lbss .rela.lbss.* .rela.gnu.linkonce.lb.*)
 *(.rela.lrodata .rela.lrodata.* .rela.gnu.linkonce.lr.*)
 *(.rela.ifunc)
 .rela.ifunc    0x0000000000009c68        0x0 /usr/lib/gcc/x86_64-linux-gnu/8/../../../x86_64-linux-gnu/crti.o
 .rela.fini_array
                0x0000000000009c68       0x18 /usr/lib/gcc/x86_64-linux-gnu/8/../../../x86_64-linux-gnu/crti.o
 .rela.init_array
                0x0000000000009c80       0x18 /usr/lib/gcc/x86_64-linux-gnu/8/../../../x86_64-linux-gnu/crti.o

.rela.plt       0x0000000000009c98     0x1cb0
 *(.rela.plt)
 .rela.plt      0x0000000000009c98     0x1cb0 /usr/lib/gcc/x86_64-linux-gnu/8/../../../x86_64-linux-gnu/crti.o
 *(.rela.iplt)
                0x000000000000c000                . = ALIGN (CONSTANT (MAXPAGESIZE))

.init           0x000000000000c000       0x17
 *(SORT_NONE(.init))
 .init          0x000000000000c000       0x12 /usr/lib/gcc/x86_64-linux-gnu/8/../../../x86_64-linux-gnu/crti.o
                0x000000000000c000                _init
 .init          0x000000000000c012        0x5 /usr/lib/gcc/x86_64-linux-gnu/8/../../../x86_64-linux-gnu/crtn.o

.plt            0x000000000000c020     0x1330
 *(.plt)
 .plt           0x000000000000c020     0x1330 /usr/lib/gcc/x86_64-linux-gnu/8/../../../x86_64-linux-gnu/crti.o
 *(.iplt)

.plt.got        0x000000000000d350        0x8
 *(.plt.got)
 .plt.got       0x000000000000d350        0x8 /usr/lib/gcc/x86_64-linux-gnu/8/../../../x86_64-linux-gnu/crti.o

.plt.sec
 *(.plt.sec)

.text           0x000000000000d360    0x1b01c
 *(.text.unlikely .text.*_unlikely .text.unlikely.*)
 *(.text.exit .text.exit.*)
 *(.text.startup .text.startup.*)
 *(.text.hot .text.hot.*)
 *(.text .stub .text.* .gnu.linkonce.t.*)
 .text          0x000000000000d360        0x0 /usr/lib/gcc/x86_64-linux-gnu/8/../../../x86_64-linux-gnu/crti.o
 .text          0x000000000000d360       0xb5 /usr/lib/gcc/x86_64-linux-gnu/8/crtbeginS.o
 .text          0x000000000000d415      0x307 coap-node.co
                0x000000000000d415                event_handler
                0x000000000000d436                get_handler
 .text          0x000000000000d71c      0x79b obj_cooja/mtype969.o
                0x000000000000d887                contiki_init
                0x000000000000dcd8                Java_org_contikios_cooja_corecomm_Lib2_init
                0x000000000000dd1b                Java_org_contikios_cooja_corecomm_Lib2_getMemory
                0x000000000000dd73                Java_org_contikios_cooja_corecomm_Lib2_setMemory
                0x000000000000de00                Java_org_contikios_cooja_corecomm_Lib2_tick
                0x000000000000de89                Java_org_contikios_cooja_corecomm_Lib2_setReferenceAddress
 .text          0x000000000000deb7      0xa97 obj_cooja/mtype969.a(er-coap-engine.)
                0x000000000000e5d9                coap_init_engine
                0x000000000000e5f4                coap_set_service_callback
                0x000000000000e60a                coap_get_rest_method
                0x000000000000e6d3                coap_blocking_request_callback
                0x000000000000e70a                coap_blocking_request
 .text          0x000000000000e94e      0x322 obj_cooja/mtype969.a(er-coap-transac)
                0x000000000000e94e                coap_register_as_transaction_handler
                0x000000000000e966                coap_new_transaction
                0x000000000000e9ea                coap_send_transaction
                0x000000000000eb5d                coap_clear_transaction
                0x000000000000ebac                coap_get_transaction_by_mid
                0x000000000000ec04                coap_check_transactions
 .text          0x000000000000ec70      0x961 obj_cooja/mtype969.a(er-coap-observe)
                0x000000000000ed74                coap_remove_observer
                0x000000000000edac                coap_remove_observer_by_client
                0x000000000000ee37                coap_remove_observer_by_token
                0x000000000000eefa                coap_remove_observer_by_uri
                0x000000000000efd3                coap_remove_observer_by_mid
                0x000000000000f074                coap_notify_observers
                0x000000000000f094                coap_notify_observers_sub
                0x000000000000f433                coap_observe_handler
 .text          0x000000000000f5d1      0x376 obj_cooja/mtype969.a(er-coap-res-wel)
                0x000000000000f5d1                well_known_core_get_handler
 .text          0x000000000000f947      0x57e obj_cooja/mtype969.a(rest-engine.o)
                0x000000000000f947                rest_init_engine
                0x000000000000f9a9                rest_activate_resource
                0x000000000000fa94                rest_get_resources
                0x000000000000faa1                rest_invoke_restful_service
 .text          0x000000000000fec5       0x89 obj_cooja/mtype969.a(simEnvChange.o)
                0x000000000000fec5                doActionsBeforeTick
                0x000000000000ff09                doActionsAfterTick
 .text          0x000000000000ff4e       0xdb obj_cooja/mtype969.a(cooja_mt.o)
                0x000000000000ff4e                cooja_mt_init
                0x000000000000ff5a                cooja_mt_remove
                0x000000000000ff66                cooja_mt_start
                0x000000000000ffa2                cooja_mt_exec
                0x000000000000ffe1                cooja_mt_exit
                0x0000000000010005                cooja_mt_yield
 .text          0x0000000000010029      0x166 obj_cooja/mtype969.a(cooja_mtarch.o)
                0x0000000000010029                cooja_mtarch_init
                0x0000000000010030                cooja_mtarch_start
                0x00000000000100cf                cooja_sw
                0x00000000000100f8                cooja_mtarch_exec
                0x0000000000010122                cooja_mtarch_remove
                0x0000000000010129                cooja_mtarch_yield
                0x0000000000010135                cooja_mtarch_pstop
                0x000000000001013c                cooja_mtarch_pstart
                0x0000000000010143                cooja_mtarch_stack_usage
 .text          0x000000000001018f       0xb4 obj_cooja/mtype969.a(rtimer-arch.o)
                0x000000000001018f                rtimer_arch_init
                0x00000000000101b1                rtimer_arch_schedule
                0x00000000000101d7                rtimer_arch_next
                0x00000000000101e7                rtimer_arch_pending
                0x00000000000101f6                rtimer_arch_check
                0x0000000000010233                rtimer_arch_now
 .text          0x0000000000010243       0xba obj_cooja/mtype969.a(beep.o)
                0x0000000000010243                beep_alarm
                0x000000000001025a                beep_beep
                0x000000000001026e                beep
                0x000000000001027f                beep_down
                0x0000000000010293                beep_on
                0x00000000000102a4                beep_off
                0x00000000000102b5                beep_spinup
                0x00000000000102c6                beep_quick
                0x00000000000102da                beep_long
 .text          0x00000000000102fd      0x12d obj_cooja/mtype969.a(button-sensor.o)
 .text          0x000000000001042a       0x57 obj_cooja/mtype969.a(leds-arch.o)
                0x000000000001042a                leds_arch_init
                0x000000000001043b                leds_arch_get
                0x000000000001044b                leds_arch_set
 .text          0x0000000000010481       0x39 obj_cooja/mtype969.a(moteid.o)
 .text          0x00000000000104ba       0xe6 obj_cooja/mtype969.a(pir-sensor.o)
 .text          0x00000000000105a0      0x175 obj_cooja/mtype969.a(rs232.o)
                0x00000000000105a0                rs232_init
                0x00000000000105a7                rs232_set_speed
                0x00000000000105b3                rs232_set_input
                0x00000000000105c9                rs232_send
                0x00000000000105f0                rs232_print
                0x0000000000010617                slip_arch_writeb
 .text          0x0000000000010715       0xe6 obj_cooja/mtype969.a(vib-sensor.o)
 .text          0x00000000000107fb       0x57 obj_cooja/mtype969.a(clock.o)
                0x00000000000107fb                clock_init
                0x0000000000010802                clock_time
                0x0000000000010812                clock_seconds
                0x000000000001083a                clock_delay
 .text          0x0000000000010852      0x30a obj_cooja/mtype969.a(log.o)
                0x0000000000010852                simlog_char
                0x00000000000108a8                simlog
                0x0000000000010947                log_message
                0x0000000000010980                log_set_putchar_with_slip
                0x0000000000010993                log_putchar
                0x0000000000010a13                log_puts
                0x0000000000010a3c                log_printf
 .text          0x0000000000010b5c      0x373 obj_cooja/mtype969.a(cfs-cooja.o)
                0x0000000000010b5c                cfs_open
                0x0000000000010bd5                cfs_close
                0x0000000000010be6                cfs_read
                0x0000000000010caa                cfs_write
                0x0000000000010db9                cfs_seek
                0x0000000000010e64                cfs_remove
                0x0000000000010e90                cfs_opendir
                0x0000000000010ea3                cfs_readdir
                0x0000000000010eb6                cfs_closedir
 .text          0x0000000000010ecf      0x73e obj_cooja/mtype969.a(cooja-radio.o)
                0x0000000000010f4a                radio_set_channel
                0x0000000000010f60                radio_set_txpower
                0x0000000000010f79                radio_signal_strength_last
                0x0000000000010f88                radio_signal_strength_current
                0x0000000000010f97                radio_LQI
 .text          0x000000000001160d      0x125 obj_cooja/mtype969.a(eeprom.o)
                0x000000000001160d                eeprom_init
                0x0000000000011614                eeprom_read
                0x000000000001169c                eeprom_write
 .text          0x0000000000011732       0x27 obj_cooja/mtype969.a(random.o)
                0x0000000000011732                random_init
                0x000000000001174e                random_rand
 .text          0x0000000000011759      0x33f obj_cooja/mtype969.a(sensors.o)
                0x000000000001179e                sensors_first
                0x00000000000117ae                sensors_next
                0x00000000000117d9                sensors_changed
                0x0000000000011822                sensors_find
 .text          0x0000000000011a98       0xb3 obj_cooja/mtype969.a(autostart.o)
                0x0000000000011a98                autostart_start
                0x0000000000011af4                autostart_exit
 .text          0x0000000000011b4b      0x421 obj_cooja/mtype969.a(ctimer.o)
                0x0000000000011ca9                ctimer_init
                0x0000000000011cda                ctimer_set
                0x0000000000011d1a                ctimer_set_with_process
                0x0000000000011dd0                ctimer_reset
                0x0000000000011e3d                ctimer_restart
                0x0000000000011eaa                ctimer_stop
                0x0000000000011f04                ctimer_expired
 .text          0x0000000000011f6c      0x540 obj_cooja/mtype969.a(etimer.o)
                0x000000000001220c                etimer_request_poll
                0x00000000000122b6                etimer_set
                0x00000000000122e8                etimer_reset_with_new_interval
                0x000000000001231f                etimer_reset
                0x0000000000012346                etimer_restart
                0x000000000001236d                etimer_adjust
                0x000000000001239a                etimer_expired
                0x00000000000123b5                etimer_expiration_time
                0x00000000000123d1                etimer_start_time
                0x00000000000123e2                etimer_pending
                0x00000000000123f8                etimer_next_expiration_time
                0x0000000000012415                etimer_stop
 .text          0x00000000000124ac      0x641 obj_cooja/mtype969.a(process.o)
                0x00000000000124ac                process_alloc_event
                0x00000000000124c2                process_start
                0x0000000000012727                process_exit
                0x000000000001274f                process_init
                0x000000000001293f                process_run
                0x0000000000012970                process_nevents
                0x000000000001298c                process_post
                0x0000000000012a50                process_post_synch
                0x0000000000012a9a                process_poll
                0x0000000000012ad3                process_is_running
 .text          0x0000000000012aed       0xf6 obj_cooja/mtype969.a(rtimer.o)
                0x0000000000012aed                rtimer_init
                0x0000000000012af9                rtimer_set
                0x0000000000012b76                rtimer_run_next
 .text          0x0000000000012be3       0xdf obj_cooja/mtype969.a(timer.o)
                0x0000000000012be3                timer_set
                0x0000000000012c11                timer_reset
                0x0000000000012c35                timer_restart
                0x0000000000012c53                timer_expired
                0x0000000000012c90                timer_remaining
 .text          0x0000000000012cc2      0x20a obj_cooja/mtype969.a(serial-line.o)
                0x0000000000012cc2                serial_line_input_byte
                0x0000000000012e99                serial_line_init
 .text          0x0000000000012ecc      0x311 obj_cooja/mtype969.a(list.o)
                0x0000000000012ecc                list_init
                0x0000000000012ee2                list_head
                0x0000000000012ef3                list_copy
                0x0000000000012f10                list_tail
                0x0000000000012f55                list_add
                0x0000000000012fb5                list_push
                0x0000000000012ff4                list_chop
                0x000000000001307d                list_pop
                0x00000000000130b3                list_remove
                0x000000000001313b                list_length
                0x0000000000013172                list_insert
                0x00000000000131be                list_item_next
 .text          0x00000000000131dd      0x20e obj_cooja/mtype969.a(memb.o)
                0x00000000000131dd                memb_init
                0x000000000001323c                memb_alloc
                0x00000000000132b4                memb_free
                0x000000000001334c                memb_inmemb
                0x000000000001339f                memb_numfree
 .text          0x00000000000133eb      0x189 obj_cooja/mtype969.a(ringbuf.o)
                0x00000000000133eb                ringbuf_init
                0x0000000000013428                ringbuf_put
                0x00000000000134b3                ringbuf_get
                0x000000000001352d                ringbuf_size
                0x0000000000013545                ringbuf_elements
 .text          0x0000000000013574      0xd02 obj_cooja/mtype969.a(uip-ds6.o)
                0x0000000000013574                uip_ds6_init
                0x000000000001374e                uip_ds6_periodic
                0x00000000000137ec                uip_ds6_list_loop
                0x00000000000138b2                uip_ds6_prefix_add
                0x0000000000013985                uip_ds6_prefix_rm
                0x000000000001399f                uip_ds6_prefix_lookup
                0x00000000000139f2                uip_ds6_is_addr_onlink
                0x0000000000013a82                uip_ds6_addr_add
                0x0000000000013bc3                uip_ds6_addr_rm
                0x0000000000013c77                uip_ds6_addr_lookup
                0x0000000000013cc5                uip_ds6_get_link_local
                0x0000000000013d66                uip_ds6_get_global
                0x0000000000013e07                uip_ds6_maddr_add
                0x0000000000013e7c                uip_ds6_maddr_rm
                0x0000000000013e96                uip_ds6_maddr_lookup
                0x0000000000013ee7                uip_ds6_aaddr_add
                0x0000000000013f5c                uip_ds6_aaddr_rm
                0x0000000000013f76                uip_ds6_aaddr_lookup
                0x0000000000013fc7                uip_ds6_select_src
                0x000000000001414d                uip_ds6_set_addr_iid
                0x0000000000014182                get_match_length
                0x000000000001422c                uip_ds6_compute_reachable_time
 .text          0x0000000000014276      0xa6f obj_cooja/mtype969.a(uip-ds6-route.o)
                0x00000000000142f9                uip_ds6_notification_add
                0x000000000001433c                uip_ds6_notification_rm
                0x0000000000014361                uip_ds6_route_init
                0x00000000000143ff                uip_ds6_route_nexthop
                0x000000000001442f                uip_ds6_route_head
                0x0000000000014444                uip_ds6_route_next
                0x0000000000014474                uip_ds6_route_is_nexthop
                0x00000000000144c2                uip_ds6_route_num_routes
                0x00000000000144ce                uip_ds6_route_lookup
                0x00000000000145a8                uip_ds6_route_add
                0x0000000000014805                uip_ds6_route_rm
                0x00000000000149e3                uip_ds6_route_rm_by_nexthop
                0x0000000000014a2b                uip_ds6_defrt_head
                0x0000000000014a40                uip_ds6_defrt_add
                0x0000000000014afd                uip_ds6_defrt_rm
                0x0000000000014b89                uip_ds6_defrt_lookup
                0x0000000000014bee                uip_ds6_defrt_choose
                0x0000000000014c6d                uip_ds6_defrt_periodic
 .text          0x0000000000014ce5     0x172e obj_cooja/mtype969.a(uip6.o)
                0x0000000000014da5                uip_chksum
                0x0000000000014e9d                uip_icmp6chksum
                0x0000000000014ead                uip_udpchksum
                0x0000000000014ebd                uip_init
                0x0000000000014f1a                remove_ext_hdr
                0x000000000001502a                uip_udp_new
                0x0000000000015404                uip_process
                0x00000000000162cc                uip_htons
                0x00000000000162eb                uip_htonl
                0x000000000001632f                uip_send
 .text          0x0000000000016413      0x336 obj_cooja/mtype969.a(uip-ds6-nbr.o)
                0x0000000000016439                uip_ds6_neighbors_init
                0x0000000000016461                uip_ds6_nbr_add
                0x00000000000164f7                uip_ds6_nbr_rm
                0x0000000000016548                uip_ds6_nbr_get_ipaddr
                0x0000000000016564                uip_ds6_nbr_get_ll
                0x000000000001658b                uip_ds6_nbr_num
                0x00000000000165df                uip_ds6_nbr_lookup
                0x0000000000016657                uip_ds6_nbr_ll_lookup
                0x000000000001667e                uip_ds6_nbr_ipaddr_from_lladdr
                0x00000000000166ae                uip_ds6_nbr_lladdr_from_ipaddr
                0x00000000000166e6                uip_ds6_link_neighbor_callback
 .text          0x0000000000016749      0x854 obj_cooja/mtype969.a(uip-nd6.o)
                0x0000000000016f8a                uip_nd6_init
 .text          0x0000000000016f9d     0x2c01 obj_cooja/mtype969.a(sicslowpan.o)
                0x00000000000176ad                rime_sniffer_add
                0x00000000000176c3                rime_sniffer_remove
                0x0000000000019b2b                sicslowpan_init
                0x0000000000019b92                sicslowpan_get_last_rssi
 .text          0x0000000000019b9e      0x17b obj_cooja/mtype969.a(uip-debug.o)
                0x0000000000019b9e                uip_debug_ipaddr_print
 .text          0x0000000000019d19      0x197 obj_cooja/mtype969.a(uip-packetqueue)
                0x0000000000019d51                uip_packetqueue_new
                0x0000000000019d67                uip_packetqueue_alloc
                0x0000000000019ddd                uip_packetqueue_free
                0x0000000000019e2e                uip_packetqueue_buf
                0x0000000000019e56                uip_packetqueue_buflen
                0x0000000000019e81                uip_packetqueue_set_buflen
 .text          0x0000000000019eb0      0x7dc obj_cooja/mtype969.a(tcpip.o)
                0x0000000000019eb0                tcpip_output
                0x0000000000019eea                tcpip_set_outputfunc
                0x0000000000019f40                udp_attach
                0x0000000000019f78                udp_new
                0x0000000000019fe1                udp_broadcast_new
                0x000000000001a17e                tcpip_input
                0x000000000001a1b4                tcpip_ipv6_output
                0x000000000001a553                tcpip_poll_udp
                0x000000000001a57d                tcpip_uipcall
 .text          0x000000000001a68c      0xcb6 obj_cooja/mtype969.a(rpl-ext-header.)
                0x000000000001a6b2                rpl_verify_hbh_header
                0x000000000001b067                rpl_remove_header
                0x000000000001b22e                rpl_update_header
 .text          0x000000000001b342      0x6d0 obj_cooja/mtype969.a(rpl.o)
                0x000000000001b342                rpl_get_mode
                0x000000000001b34e                rpl_set_mode
                0x000000000001b40a                rpl_purge_routes
                0x000000000001b52c                rpl_remove_routes
                0x000000000001b582                rpl_remove_routes_by_nexthop
                0x000000000001b5f7                rpl_add_route
                0x000000000001b6a6                rpl_link_neighbor_callback
                0x000000000001b78f                rpl_ipv6_neighbor_callback
                0x000000000001b816                rpl_purge_dags
                0x000000000001b972                rpl_init
 .text          0x000000000001ba12     0x2edd obj_cooja/mtype969.a(rpl-dag.o)
                0x000000000001ba12                rpl_print_neighbor_list
                0x000000000001bc5b                rpl_get_nbr
                0x000000000001bcbb                rpl_dag_init
                0x000000000001bcdb                rpl_get_parent
                0x000000000001bd0a                rpl_get_parent_rank
                0x000000000001bd4b                rpl_get_parent_link_metric
                0x000000000001bdbc                rpl_rank_via_parent
                0x000000000001be2d                rpl_get_parent_lladdr
                0x000000000001be54                rpl_get_parent_ipaddr
                0x000000000001be7e                rpl_get_parent_link_stats
                0x000000000001bea8                rpl_parent_is_fresh
                0x000000000001bed2                rpl_parent_is_reachable
                0x000000000001c2ae                rpl_set_root
                0x000000000001c558                rpl_repair_root
                0x000000000001c7df                rpl_set_prefix
                0x000000000001c8e6                rpl_set_default_route
                0x000000000001c96c                rpl_alloc_instance
                0x000000000001ca0c                rpl_alloc_dag
                0x000000000001cb03                rpl_set_default_instance
                0x000000000001cb1c                rpl_get_default_instance
                0x000000000001cb2c                rpl_free_instance
                0x000000000001cc00                rpl_free_dag
                0x000000000001cc8f                rpl_add_parent
                0x000000000001cd66                rpl_find_parent
                0x000000000001cdde                rpl_find_parent_any_dag
                0x000000000001ce2f                rpl_select_dag
                0x000000000001d2f1                rpl_select_parent
                0x000000000001d3e0                rpl_remove_parent
                0x000000000001d414                rpl_nullify_parent
                0x000000000001d4f5                rpl_move_parent
                0x000000000001d5da                rpl_has_downward_route
                0x000000000001d645                rpl_get_dag
                0x000000000001d7af                rpl_get_any_dag
                0x000000000001d834                rpl_get_instance
                0x000000000001d8b6                rpl_find_of
                0x000000000001d8f4                rpl_join_instance
                0x000000000001dc13                rpl_add_dag
                0x000000000001e06d                rpl_local_repair
                0x000000000001e1a6                rpl_recalculate_ranks
                0x000000000001e249                rpl_process_parent_event
                0x000000000001e39c                rpl_process_dio
 .text          0x000000000001e8ef      0x32c obj_cooja/mtype969.a(queuebuf.o)
                0x000000000001e900                queuebuf_init
                0x000000000001e91f                queuebuf_numfree
                0x000000000001e931                queuebuf_new_from_packetbuf
                0x000000000001e9da                queuebuf_update_attr_from_packetbuf
                0x000000000001ea19                queuebuf_update_from_packetbuf
                0x000000000001ea71                queuebuf_free
                0x000000000001eac0                queuebuf_to_packetbuf
                0x000000000001eb32                queuebuf_dataptr
                0x000000000001eb72                queuebuf_datalen
                0x000000000001eb9e                queuebuf_addr
                0x000000000001ebdd                queuebuf_attr
                0x000000000001ec14                queuebuf_debug_print
 .text          0x000000000001ec1b      0x9b8 obj_cooja/mtype969.a(nbr-table.o)
                0x000000000001f1c1                nbr_table_register
                0x000000000001f228                nbr_table_head
                0x000000000001f28f                nbr_table_next
                0x000000000001f305                nbr_table_add_lladdr
                0x000000000001f3f7                nbr_table_get_from_lladdr
                0x000000000001f44f                nbr_table_remove
                0x000000000001f49f                nbr_table_lock
                0x000000000001f4cd                nbr_table_unlock
                0x000000000001f4fb                nbr_table_get_lladdr
                0x000000000001f53a                nbr_table_update_lladdr
 .text          0x000000000001f5d3      0x42e obj_cooja/mtype969.a(packetbuf.o)
                0x000000000001f5d3                packetbuf_clear
                0x000000000001f5fd                packetbuf_copyfrom
                0x000000000001f653                packetbuf_compact
                0x000000000001f6da                packetbuf_copyto
                0x000000000001f77d                packetbuf_hdralloc
                0x000000000001f808                packetbuf_hdrreduce
                0x000000000001f854                packetbuf_set_datalen
                0x000000000001f86c                packetbuf_dataptr
                0x000000000001f88e                packetbuf_hdrptr
                0x000000000001f89b                packetbuf_datalen
                0x000000000001f8a8                packetbuf_hdrlen
                0x000000000001f8c0                packetbuf_totlen
                0x000000000001f8df                packetbuf_remaininglen
                0x000000000001f8f3                packetbuf_attr_clear
                0x000000000001f953                packetbuf_attr_copyto
                0x000000000001f99a                packetbuf_attr_copyfrom
                0x000000000001f9e1                packetbuf_holds_broadcast
 .text          0x000000000001fa01       0x47 obj_cooja/mtype969.a(netstack.o)
                0x000000000001fa01                netstack_init
 .text          0x000000000001fa48       0x74 obj_cooja/mtype969.a(linkaddr.o)
                0x000000000001fa48                linkaddr_copy
                0x000000000001fa65                linkaddr_cmp
                0x000000000001fa97                linkaddr_set_node_addr
 .text          0x000000000001fabc      0x38c obj_cooja/mtype969.a(link-stats.o)
                0x000000000001fad9                link_stats_from_lladdr
                0x000000000001fafd                link_stats_is_fresh
                0x000000000001fb48                guess_etx_from_rssi
                0x000000000001fbc9                link_stats_packet_sent
                0x000000000001fcef                link_stats_input_callback
                0x000000000001fe0d                link_stats_init
 .text          0x000000000001fe48      0x403 obj_cooja/mtype969.a(framer-802154.o)
 .text          0x000000000002024b      0x950 obj_cooja/mtype969.a(csma.o)
 .text          0x0000000000020b9b      0x509 obj_cooja/mtype969.a(nullrdc.o)
 .text          0x00000000000210a4       0x84 obj_cooja/mtype969.a(nullsec.o)
 .text          0x0000000000021128     0x23fa obj_cooja/mtype969.a(er-coap.o)
                0x0000000000021748                coap_init_connection
                0x000000000002178f                coap_get_mid
                0x00000000000217ad                coap_init_message
                0x0000000000021807                coap_serialize_message
                0x0000000000021f46                coap_send_message
                0x0000000000021fcd                coap_parse_message
                0x0000000000022787                coap_get_query_variable
                0x00000000000227de                coap_get_post_variable
                0x000000000002283c                coap_set_status_code
                0x000000000002286a                coap_set_token
                0x00000000000228cd                coap_get_header_content_format
                0x0000000000022912                coap_set_header_content_format
                0x000000000002294d                coap_get_header_accept
                0x0000000000022995                coap_set_header_accept
                0x00000000000229d3                coap_get_header_max_age
                0x0000000000022a19                coap_set_header_max_age
                0x0000000000022a51                coap_get_header_etag
                0x0000000000022a9a                coap_set_header_etag
                0x0000000000022b11                coap_get_header_if_match
                0x0000000000022b60                coap_set_header_if_match
                0x0000000000022be3                coap_get_header_if_none_match
                0x0000000000022bfe                coap_set_header_if_none_match
                0x0000000000022c21                coap_get_header_proxy_uri
                0x0000000000022c67                coap_set_header_proxy_uri
                0x0000000000022cc0                coap_get_header_uri_host
                0x0000000000022d06                coap_set_header_uri_host
                0x0000000000022d5f                coap_get_header_uri_path
                0x0000000000022dab                coap_set_header_uri_path
                0x0000000000022e1f                coap_get_header_uri_query
                0x0000000000022e65                coap_set_header_uri_query
                0x0000000000022ed9                coap_get_header_location_path
                0x0000000000022f1f                coap_set_header_location_path
                0x0000000000022fdf                coap_get_header_location_query
                0x000000000002302b                coap_set_header_location_query
                0x000000000002309f                coap_get_header_observe
                0x00000000000230e5                coap_set_header_observe
                0x0000000000023120                coap_get_header_block2
                0x00000000000231b9                coap_set_header_block2
                0x000000000002324c                coap_get_header_block1
                0x00000000000232eb                coap_set_header_block1
                0x0000000000023379                coap_get_header_size2
                0x00000000000233bd                coap_set_header_size2
                0x00000000000233f8                coap_get_header_size1
                0x000000000002343c                coap_set_header_size1
                0x0000000000023477                coap_get_payload
                0x00000000000234cf                coap_set_payload
 .text          0x0000000000023522       0x23 obj_cooja/mtype969.a(watchdog.o)
                0x0000000000023522                watchdog_init
                0x0000000000023529                watchdog_start
                0x0000000000023530                watchdog_periodic
                0x0000000000023537                watchdog_stop
                0x000000000002353e                watchdog_reboot
 .text          0x0000000000023545        0x0 obj_cooja/mtype969.a(rimestats.o)
 .text          0x0000000000023545      0x106 obj_cooja/mtype969.a(stimer.o)
                0x0000000000023545                stimer_set
                0x0000000000023573                stimer_reset
                0x0000000000023597                stimer_restart
                0x00000000000235b5                stimer_expired
                0x00000000000235f6                stimer_remaining
                0x0000000000023628                stimer_elapsed
 .text          0x000000000002364b      0xb88 obj_cooja/mtype969.a(uip-icmp6.o)
                0x00000000000236c6                uip_icmp6_input
                0x0000000000023722                uip_icmp6_register_input_handler
                0x00000000000239aa                uip_icmp6_error_output
                0x0000000000023df5                uip_icmp6_send
                0x000000000002414c                uip_icmp6_echo_reply_callback_add
                0x000000000002418f                uip_icmp6_echo_reply_callback_rm
                0x00000000000241b4                uip_icmp6_init
 .text          0x00000000000241d3      0x13c obj_cooja/mtype969.a(uip-udp-packet.)
                0x00000000000241d3                uip_udp_packet_send
                0x000000000002424e                uip_udp_packet_sendto
 .text          0x000000000002430f     0x2059 obj_cooja/mtype969.a(rpl-icmp6.o)
                0x000000000002464e                rpl_icmp6_update_nbr_table
                0x000000000002476b                dis_output
                0x0000000000024f5e                dio_output
                0x0000000000025e89                dao_output
                0x0000000000025f5f                dao_output_target
                0x0000000000026316                dao_ack_output
                0x0000000000026331                rpl_icmp6_register_handlers
 .text          0x0000000000026368      0xa18 obj_cooja/mtype969.a(rpl-timers.o)
                0x000000000002666d                rpl_reset_periodic_timer
                0x00000000000266c0                rpl_reset_dio_timer
                0x000000000002694a                rpl_schedule_dao
                0x000000000002696a                rpl_schedule_dao_immediately
                0x000000000002698a                rpl_cancel_dao
                0x0000000000026a05                rpl_schedule_unicast_dio_immediately
                0x0000000000026a37                get_probing_delay
                0x0000000000026ad4                get_probing_target
                0x0000000000026d40                rpl_schedule_probing
 .text          0x0000000000026d80      0x3a2 obj_cooja/mtype969.a(rpl-nbr-policy.)
                0x0000000000026f8b                find_removable_dis
                0x0000000000026fb7                find_removable_dio
                0x000000000002704c                find_removable_dao
                0x00000000000270ad                rpl_nbr_policy_find_removable
 .text          0x0000000000027122      0x376 obj_cooja/mtype969.a(rpl-mrhof.o)
 .text          0x0000000000027498      0x21d obj_cooja/mtype969.a(mac-sequence.o)
                0x00000000000274db                mac_sequence_is_duplicate
                0x00000000000275bc                mac_sequence_register_seqno
 .text          0x00000000000276b5      0xc7e obj_cooja/mtype969.a(frame802154.o)
                0x00000000000276e3                frame802154_get_pan_id
                0x00000000000276f0                frame802154_set_pan_id
                0x0000000000027708                frame802154_has_panid
                0x00000000000278e3                frame802154_check_dest_panid
                0x000000000002797e                frame802154_is_broadcast_addr
                0x00000000000279d1                frame802154_extract_linkaddr
                0x0000000000027c67                frame802154_hdrlen
                0x0000000000027ce2                frame802154_create_fcf
                0x0000000000027db0                frame802154_create
                0x0000000000027f56                frame802154_parse_fcf
                0x0000000000028049                frame802154_parse
 .text          0x0000000000028333       0x49 obj_cooja/mtype969.a(mac.o)
                0x0000000000028333                mac_call_sent_callback
 .text          0x000000000002837c        0x0 /usr/lib/gcc/x86_64-linux-gnu/8/crtendS.o
 .text          0x000000000002837c        0x0 /usr/lib/gcc/x86_64-linux-gnu/8/../../../x86_64-linux-gnu/crtn.o
 *(.gnu.warning)

.fini           0x000000000002837c        0x9
 *(SORT_NONE(.fini))
 .fini          0x000000000002837c        0x4 /usr/lib/gcc/x86_64-linux-gnu/8/../../../x86_64-linux-gnu/crti.o
                0x000000000002837c                _fini
 .fini          0x0000000000028380        0x5 /usr/lib/gcc/x86_64-linux-gnu/8/../../../x86_64-linux-gnu/crtn.o
                [!provide]                        PROVIDE (__etext = .)
                [!provide]                        PROVIDE (_etext = .)
                [!provide]                        PROVIDE (etext = .)
                0x0000000000029000                . = ALIGN (CONSTANT (MAXPAGESIZE))
                0x0000000000029000                . = SEGMENT_START ("rodata-segment", (ALIGN (CONSTANT (MAXPAGESIZE)) + (. & (CONSTANT (MAXPAGESIZE) - 0x1))))

.rodata         0x0000000000029000      0x778
 *(.rodata .rodata.* .gnu.linkonce.r.*)
 .rodata        0x0000000000029000      0x14c coap-node.co
                0x0000000000029000                VAR_RANGE
 *fill*         0x000000000002914c        0x4 
 .rodata        0x0000000000029150      0x13f obj_cooja/mtype969.o
 .rodata        0x000000000002928f       0x66 obj_cooja/mtype969.a(er-coap-engine.)
 .rodata        0x00000000000292f5       0x11 obj_cooja/mtype969.a(er-coap-observe)
 .rodata        0x0000000000029306       0x19 obj_cooja/mtype969.a(er-coap-res-wel)
 .rodata        0x000000000002931f        0xc obj_cooja/mtype969.a(rest-engine.o)
 .rodata        0x000000000002932b        0x7 obj_cooja/mtype969.a(button-sensor.o)
 .rodata        0x0000000000029332        0x4 obj_cooja/mtype969.a(pir-sensor.o)
 .rodata        0x0000000000029336        0x6 obj_cooja/mtype969.a(rs232.o)
 .rodata        0x000000000002933c        0xa obj_cooja/mtype969.a(vib-sensor.o)
 *fill*         0x0000000000029346        0x2 
 .rodata        0x0000000000029348       0x27 obj_cooja/mtype969.a(cfs-cooja.o)
 .rodata        0x000000000002936f       0x14 obj_cooja/mtype969.a(cooja-radio.o)
 .rodata        0x0000000000029383        0x8 obj_cooja/mtype969.a(sensors.o)
 .rodata        0x000000000002938b        0xf obj_cooja/mtype969.a(ctimer.o)
 .rodata        0x000000000002939a        0xc obj_cooja/mtype969.a(etimer.o)
 .rodata        0x00000000000293a6        0xe obj_cooja/mtype969.a(serial-line.o)
 .rodata        0x00000000000293b4       0xf4 obj_cooja/mtype969.a(uip6.o)
 .rodata        0x00000000000294a8       0x1d obj_cooja/mtype969.a(sicslowpan.o)
                0x00000000000294a8                unc_llconf
                0x00000000000294ac                unc_ctxconf
                0x00000000000294b0                unc_mxconf
                0x00000000000294b4                llprefix
 .rodata        0x00000000000294c5       0x2a obj_cooja/mtype969.a(uip-debug.o)
 .rodata        0x00000000000294ef       0x29 obj_cooja/mtype969.a(tcpip.o)
 .rodata        0x0000000000029518       0x89 obj_cooja/mtype969.a(rpl-dag.o)
 *fill*         0x00000000000295a1        0x7 
 .rodata        0x00000000000295a8        0x8 obj_cooja/mtype969.a(linkaddr.o)
                0x00000000000295a8                linkaddr_null
 .rodata        0x00000000000295b0        0x5 obj_cooja/mtype969.a(csma.o)
 .rodata        0x00000000000295b5        0x8 obj_cooja/mtype969.a(nullrdc.o)
 .rodata        0x00000000000295bd        0x8 obj_cooja/mtype969.a(nullsec.o)
 *fill*         0x00000000000295c5        0x3 
 .rodata        0x00000000000295c8      0x1b0 obj_cooja/mtype969.a(er-coap.o)

.rodata1
 *(.rodata1)

.eh_frame_hdr   0x0000000000029778     0x159c
 *(.eh_frame_hdr)
 .eh_frame_hdr  0x0000000000029778     0x159c coap-node.co
                0x0000000000029778                __GNU_EH_FRAME_HDR
 *(.eh_frame_entry .eh_frame_entry.*)

.eh_frame       0x000000000002ad18     0x56f4
 *(.eh_frame)
 .eh_frame      0x000000000002ad18       0x40 /usr/lib/gcc/x86_64-linux-gnu/8/../../../x86_64-linux-gnu/crti.o
 .eh_frame      0x000000000002ad58       0x18 /usr/lib/gcc/x86_64-linux-gnu/8/../../../x86_64-linux-gnu/crti.o
                                         0x30 (size before relaxing)
 .eh_frame      0x000000000002ad70       0x68 coap-node.co
                                         0x80 (size before relaxing)
 .eh_frame      0x000000000002add8      0x138 obj_cooja/mtype969.o
                                        0x150 (size before relaxing)
 .eh_frame      0x000000000002af10       0xe0 obj_cooja/mtype969.a(er-coap-engine.)
                                         0xf8 (size before relaxing)
 .eh_frame      0x000000000002aff0       0xc0 obj_cooja/mtype969.a(er-coap-transac)
                                         0xd8 (size before relaxing)
 .eh_frame      0x000000000002b0b0      0x128 obj_cooja/mtype969.a(er-coap-observe)
                                        0x140 (size before relaxing)
 .eh_frame      0x000000000002b1d8       0x20 obj_cooja/mtype969.a(er-coap-res-wel)
                                         0x38 (size before relaxing)
 .eh_frame      0x000000000002b1f8       0xa0 obj_cooja/mtype969.a(rest-engine.o)
                                         0xb8 (size before relaxing)
 .eh_frame      0x000000000002b298       0x40 obj_cooja/mtype969.a(simEnvChange.o)
                                         0x58 (size before relaxing)
 .eh_frame      0x000000000002b2d8       0xc0 obj_cooja/mtype969.a(cooja_mt.o)
                                         0xd8 (size before relaxing)
 .eh_frame      0x000000000002b398      0x120 obj_cooja/mtype969.a(cooja_mtarch.o)
                                        0x138 (size before relaxing)
 .eh_frame      0x000000000002b4b8       0xc0 obj_cooja/mtype969.a(rtimer-arch.o)
                                         0xd8 (size before relaxing)
 .eh_frame      0x000000000002b578      0x160 obj_cooja/mtype969.a(beep.o)
                                        0x178 (size before relaxing)
 .eh_frame      0x000000000002b6d8       0xa0 obj_cooja/mtype969.a(button-sensor.o)
                                         0xb8 (size before relaxing)
 .eh_frame      0x000000000002b778       0xa0 obj_cooja/mtype969.a(leds-arch.o)
                                         0xb8 (size before relaxing)
 .eh_frame      0x000000000002b818       0x40 obj_cooja/mtype969.a(moteid.o)
                                         0x58 (size before relaxing)
 .eh_frame      0x000000000002b858       0xa0 obj_cooja/mtype969.a(pir-sensor.o)
                                         0xb8 (size before relaxing)
 .eh_frame      0x000000000002b8f8      0x100 obj_cooja/mtype969.a(rs232.o)
                                        0x118 (size before relaxing)
 .eh_frame      0x000000000002b9f8       0xa0 obj_cooja/mtype969.a(vib-sensor.o)
                                         0xb8 (size before relaxing)
 .eh_frame      0x000000000002ba98       0xc0 obj_cooja/mtype969.a(clock.o)
                                         0xd8 (size before relaxing)
 .eh_frame      0x000000000002bb58      0x128 obj_cooja/mtype969.a(log.o)
                                        0x140 (size before relaxing)
 .eh_frame      0x000000000002bc80      0x160 obj_cooja/mtype969.a(cfs-cooja.o)
                                        0x178 (size before relaxing)
 .eh_frame      0x000000000002bde0      0x360 obj_cooja/mtype969.a(cooja-radio.o)
                                        0x378 (size before relaxing)
 .eh_frame      0x000000000002c140       0xa0 obj_cooja/mtype969.a(eeprom.o)
                                         0xb8 (size before relaxing)
 .eh_frame      0x000000000002c1e0       0x40 obj_cooja/mtype969.a(random.o)
                                         0x58 (size before relaxing)
 .eh_frame      0x000000000002c220       0xc0 obj_cooja/mtype969.a(sensors.o)
                                         0xd8 (size before relaxing)
 .eh_frame      0x000000000002c2e0       0x40 obj_cooja/mtype969.a(autostart.o)
                                         0x58 (size before relaxing)
 .eh_frame      0x000000000002c320      0x100 obj_cooja/mtype969.a(ctimer.o)
                                        0x118 (size before relaxing)
 .eh_frame      0x000000000002c420      0x1e0 obj_cooja/mtype969.a(etimer.o)
                                        0x1f8 (size before relaxing)
 .eh_frame      0x000000000002c600      0x1c8 obj_cooja/mtype969.a(process.o)
                                        0x1e0 (size before relaxing)
 .eh_frame      0x000000000002c7c8       0x60 obj_cooja/mtype969.a(rtimer.o)
                                         0x78 (size before relaxing)
 .eh_frame      0x000000000002c828       0xa0 obj_cooja/mtype969.a(timer.o)
                                         0xb8 (size before relaxing)
 .eh_frame      0x000000000002c8c8       0x60 obj_cooja/mtype969.a(serial-line.o)
                                         0x78 (size before relaxing)
 .eh_frame      0x000000000002c928      0x180 obj_cooja/mtype969.a(list.o)
                                        0x198 (size before relaxing)
 .eh_frame      0x000000000002caa8       0xa0 obj_cooja/mtype969.a(memb.o)
                                         0xb8 (size before relaxing)
 .eh_frame      0x000000000002cb48       0xa0 obj_cooja/mtype969.a(ringbuf.o)
                                         0xb8 (size before relaxing)
 .eh_frame      0x000000000002cbe8      0x2c8 obj_cooja/mtype969.a(uip-ds6.o)
                                        0x2e0 (size before relaxing)
 .eh_frame      0x000000000002ceb0      0x2c0 obj_cooja/mtype969.a(uip-ds6-route.o)
                                        0x2d8 (size before relaxing)
 .eh_frame      0x000000000002d170      0x1a8 obj_cooja/mtype969.a(uip6.o)
                                        0x1c0 (size before relaxing)
 .eh_frame      0x000000000002d318      0x180 obj_cooja/mtype969.a(uip-ds6-nbr.o)
                                        0x198 (size before relaxing)
 .eh_frame      0x000000000002d498       0x80 obj_cooja/mtype969.a(uip-nd6.o)
                                         0x98 (size before relaxing)
 .eh_frame      0x000000000002d518      0x320 obj_cooja/mtype969.a(sicslowpan.o)
                                        0x338 (size before relaxing)
 .eh_frame      0x000000000002d838       0x20 obj_cooja/mtype969.a(uip-debug.o)
                                         0x38 (size before relaxing)
 .eh_frame      0x000000000002d858       0xe0 obj_cooja/mtype969.a(uip-packetqueue)
                                         0xf8 (size before relaxing)
 .eh_frame      0x000000000002d938      0x1a8 obj_cooja/mtype969.a(tcpip.o)
                                        0x1c0 (size before relaxing)
 .eh_frame      0x000000000002dae0       0xc0 obj_cooja/mtype969.a(rpl-ext-header.)
                                         0xd8 (size before relaxing)
 .eh_frame      0x000000000002dba0      0x140 obj_cooja/mtype969.a(rpl.o)
                                        0x158 (size before relaxing)
 .eh_frame      0x000000000002dce0      0x710 obj_cooja/mtype969.a(rpl-dag.o)
                                        0x728 (size before relaxing)
 .eh_frame      0x000000000002e3f0      0x1a0 obj_cooja/mtype969.a(queuebuf.o)
                                        0x1b8 (size before relaxing)
 .eh_frame      0x000000000002e590      0x2a0 obj_cooja/mtype969.a(nbr-table.o)
                                        0x2b8 (size before relaxing)
 .eh_frame      0x000000000002e830      0x228 obj_cooja/mtype969.a(packetbuf.o)
                                        0x240 (size before relaxing)
 .eh_frame      0x000000000002ea58       0x20 obj_cooja/mtype969.a(netstack.o)
                                         0x38 (size before relaxing)
 .eh_frame      0x000000000002ea78       0x60 obj_cooja/mtype969.a(linkaddr.o)
                                         0x78 (size before relaxing)
 .eh_frame      0x000000000002ead8      0x100 obj_cooja/mtype969.a(link-stats.o)
                                        0x118 (size before relaxing)
 .eh_frame      0x000000000002ebd8      0x108 obj_cooja/mtype969.a(framer-802154.o)
                                        0x120 (size before relaxing)
 .eh_frame      0x000000000002ece0      0x288 obj_cooja/mtype969.a(csma.o)
                                        0x2a0 (size before relaxing)
 .eh_frame      0x000000000002ef68      0x168 obj_cooja/mtype969.a(nullrdc.o)
                                        0x180 (size before relaxing)
 .eh_frame      0x000000000002f0d0       0x80 obj_cooja/mtype969.a(nullsec.o)
                                         0x98 (size before relaxing)
 .eh_frame      0x000000000002f150      0x6c8 obj_cooja/mtype969.a(er-coap.o)
                                        0x6e0 (size before relaxing)
 .eh_frame      0x000000000002f818       0xa0 obj_cooja/mtype969.a(watchdog.o)
                                         0xb8 (size before relaxing)
 .eh_frame      0x000000000002f8b8       0xc0 obj_cooja/mtype969.a(stimer.o)
                                         0xd8 (size before relaxing)
 .eh_frame      0x000000000002f978      0x148 obj_cooja/mtype969.a(uip-icmp6.o)
                                        0x160 (size before relaxing)
 .eh_frame      0x000000000002fac0       0x40 obj_cooja/mtype969.a(uip-udp-packet.)
                                         0x58 (size before relaxing)
 .eh_frame      0x000000000002fb00      0x2a8 obj_cooja/mtype969.a(rpl-icmp6.o)
                                        0x2c0 (size before relaxing)
 .eh_frame      0x000000000002fda8      0x228 obj_cooja/mtype969.a(rpl-timers.o)
                                        0x240 (size before relaxing)
 .eh_frame      0x000000000002ffd0       0xc0 obj_cooja/mtype969.a(rpl-nbr-policy.)
                                         0xd8 (size before relaxing)
 .eh_frame      0x0000000000030090      0x128 obj_cooja/mtype969.a(rpl-mrhof.o)
                                        0x140 (size before relaxing)
 .eh_frame      0x00000000000301b8       0x88 obj_cooja/mtype969.a(mac-sequence.o)
                                         0xa0 (size before relaxing)
 .eh_frame      0x0000000000030240      0x1a8 obj_cooja/mtype969.a(frame802154.o)
                                        0x1c0 (size before relaxing)
 .eh_frame      0x00000000000303e8       0x20 obj_cooja/mtype969.a(mac.o)
                                         0x38 (size before relaxing)
 .eh_frame      0x0000000000030408        0x4 /usr/lib/gcc/x86_64-linux-gnu/8/crtendS.o
 *(.eh_frame.*)

.gcc_except_table
 *(.gcc_except_table .gcc_except_table.*)

.gnu_extab
 *(.gnu_extab*)

.exception_ranges
 *(.exception_ranges*)
                0x00000000000315d0                . = DATA_SEGMENT_ALIGN (CONSTANT (MAXPAGESIZE), CONSTANT (COMMONPAGESIZE))

.eh_frame
 *(.eh_frame)
 *(.eh_frame.*)

.gnu_extab
 *(.gnu_extab)

.gcc_except_table
 *(.gcc_except_table .gcc_except_table.*)

.exception_ranges
 *(.exception_ranges*)

.tdata
 *(.tdata .tdata.* .gnu.linkonce.td.*)

.tbss
 *(.tbss .tbss.* .gnu.linkonce.tb.*)
 *(.tcommon)

.preinit_array
 *(.preinit_array)

.init_array     0x00000000000315d0        0x8
 *(SORT_BY_INIT_PRIORITY(.init_array.*) SORT_BY_INIT_PRIORITY(.ctors.*))
 *(.init_array EXCLUDE_FILE(*crtend?.o *crtend.o *crtbegin?.o *crtbegin.o) .ctors)
 .init_array    0x00000000000315d0        0x8 /usr/lib/gcc/x86_64-linux-gnu/8/crtbeginS.o

.fini_array     0x00000000000315d8        0x8
 *(SORT_BY_INIT_PRIORITY(.fini_array.*) SORT_BY_INIT_PRIORITY(.dtors.*))
 *(.fini_array EXCLUDE_FILE(*crtend?.o *crtend.o *crtbegin?.o *crtbegin.o) .dtors)
 .fini_array    0x00000000000315d8        0x8 /usr/lib/gcc/x86_64-linux-gnu/8/crtbeginS.o

.ctors
 *crtbegin.o(.ctors)
 *crtbegin?.o(.ctors)
 *(EXCLUDE_FILE(*crtend?.o *crtend.o) .ctors)
 *(SORT_BY_NAME(.ctors.*))
 *(.ctors)

.dtors
 *crtbegin.o(.dtors)
 *crtbegin?.o(.dtors)
 *(EXCLUDE_FILE(*crtend?.o *crtend.o) .dtors)
 *(SORT_BY_NAME(.dtors.*))
 *(.dtors)

.jcr
 *(.jcr)

.data.rel.ro    0x00000000000315e0      0x470
 *(.data.rel.ro.local* .gnu.linkonce.d.rel.ro.local.*)
 .data.rel.ro.local
                0x00000000000315e0       0x10 obj_cooja/mtype969.a(beep.o)
                0x00000000000315e0                beep_interface
 *fill*         0x00000000000315f0       0x10 
 .data.rel.ro.local
                0x0000000000031600       0x40 obj_cooja/mtype969.a(button-sensor.o)
                0x0000000000031600                button_interface
                0x0000000000031620                button_sensor
 .data.rel.ro.local
                0x0000000000031640       0x10 obj_cooja/mtype969.a(leds-arch.o)
                0x0000000000031640                leds_interface
 .data.rel.ro.local
                0x0000000000031650       0x10 obj_cooja/mtype969.a(moteid.o)
                0x0000000000031650                moteid_interface
 .data.rel.ro.local
                0x0000000000031660       0x40 obj_cooja/mtype969.a(pir-sensor.o)
                0x0000000000031660                pir_interface
                0x0000000000031680                pir_sensor
 .data.rel.ro.local
                0x00000000000316a0       0x10 obj_cooja/mtype969.a(rs232.o)
                0x00000000000316a0                rs232_interface
 *fill*         0x00000000000316b0       0x10 
 .data.rel.ro.local
                0x00000000000316c0       0x40 obj_cooja/mtype969.a(vib-sensor.o)
                0x00000000000316c0                vib_interface
                0x00000000000316e0                vib_sensor
 .data.rel.ro.local
                0x0000000000031700       0x10 obj_cooja/mtype969.a(clock.o)
                0x0000000000031700                clock_interface
 .data.rel.ro.local
                0x0000000000031710       0x10 obj_cooja/mtype969.a(log.o)
                0x0000000000031710                simlog_interface
 .data.rel.ro.local
                0x0000000000031720       0x10 obj_cooja/mtype969.a(cfs-cooja.o)
                0x0000000000031720                cfs_interface
 *fill*         0x0000000000031730       0x10 
 .data.rel.ro.local
                0x0000000000031740       0x90 obj_cooja/mtype969.a(cooja-radio.o)
                0x0000000000031740                radio_interface
                0x0000000000031760                cooja_radio_driver
 .data.rel.ro.local
                0x00000000000317d0       0x10 obj_cooja/mtype969.a(eeprom.o)
                0x00000000000317d0                eeprom_interface
 .data.rel.ro.local
                0x00000000000317e0       0x18 obj_cooja/mtype969.a(framer-802154.o)
                0x00000000000317e0                framer_802154
 *fill*         0x00000000000317f8        0x8 
 .data.rel.ro.local
                0x0000000000031800       0x38 obj_cooja/mtype969.a(csma.o)
                0x0000000000031800                csma_driver
 *fill*         0x0000000000031838        0x8 
 .data.rel.ro.local
                0x0000000000031840       0x40 obj_cooja/mtype969.a(nullrdc.o)
                0x0000000000031840                nullrdc_driver
 .data.rel.ro.local
                0x0000000000031880       0x20 obj_cooja/mtype969.a(nullsec.o)
                0x0000000000031880                nullsec_driver
 *(.data.rel.ro .data.rel.ro.* .gnu.linkonce.d.rel.ro.*)
 .data.rel.ro   0x00000000000318a0        0x0 /usr/lib/gcc/x86_64-linux-gnu/8/../../../x86_64-linux-gnu/crti.o
 .data.rel.ro   0x00000000000318a0       0x10 coap-node.co
                0x00000000000318a0                autostart_processes
 *fill*         0x00000000000318b0       0x10 
 .data.rel.ro   0x00000000000318c0      0x170 obj_cooja/mtype969.a(er-coap-engine.)
                0x00000000000318c0                coap_rest_implementation
 .data.rel.ro   0x0000000000031a30       0x18 obj_cooja/mtype969.a(sicslowpan.o)
                0x0000000000031a30                sicslowpan_driver
 .data.rel.ro   0x0000000000031a48        0x8 obj_cooja/mtype969.a(rpl-dag.o)

.dynamic        0x0000000000031a50      0x1c0
 *(.dynamic)
 .dynamic       0x0000000000031a50      0x1c0 /usr/lib/gcc/x86_64-linux-gnu/8/../../../x86_64-linux-gnu/crti.o
                0x0000000000031a50                _DYNAMIC

.got            0x0000000000031c10      0x3f0
 *(.got)
 .got           0x0000000000031c10      0x3f0 /usr/lib/gcc/x86_64-linux-gnu/8/../../../x86_64-linux-gnu/crti.o
 *(.igot)
                0x0000000000032fe8                . = DATA_SEGMENT_RELRO_END (., (SIZEOF (.got.plt) >= 0x18)?0x18:0x0)

.got.plt        0x0000000000032000      0x9a8
 *(.got.plt)
 .got.plt       0x0000000000032000      0x9a8 /usr/lib/gcc/x86_64-linux-gnu/8/../../../x86_64-linux-gnu/crti.o
                0x0000000000032000                _GLOBAL_OFFSET_TABLE_
 *(.igot.plt)

.data           0x00000000000329c0      0x66a
 *(.data .data.* .gnu.linkonce.d.*)
 .data          0x00000000000329c0        0x0 /usr/lib/gcc/x86_64-linux-gnu/8/../../../x86_64-linux-gnu/crti.o
 .data          0x00000000000329c0        0x0 /usr/lib/gcc/x86_64-linux-gnu/8/crtbeginS.o
 .data.rel.local
                0x00000000000329c0        0x8 /usr/lib/gcc/x86_64-linux-gnu/8/crtbeginS.o
                0x00000000000329c0                __dso_handle
 .data          0x00000000000329c8        0x4 coap-node.co
 *fill*         0x00000000000329cc       0x14 
 .data.rel      0x00000000000329e0       0x48 coap-node.co
                0x00000000000329e0                evt_resource
 *fill*         0x0000000000032a28       0x18 
 .data.rel.local
                0x0000000000032a40       0x20 coap-node.co
                0x0000000000032a40                temperature_node
 .data          0x0000000000032a60        0x0 obj_cooja/mtype969.o
 .data.rel      0x0000000000032a60       0xa0 obj_cooja/mtype969.o
                0x0000000000032a60                simInterfaces
                0x0000000000032ae0                sensors
 .data          0x0000000000032b00        0x0 obj_cooja/mtype969.a(er-coap-engine.)
 .data.rel.local
                0x0000000000032b00       0x20 obj_cooja/mtype969.a(er-coap-engine.)
                0x0000000000032b00                coap_engine
 .data          0x0000000000032b20        0x0 obj_cooja/mtype969.a(er-coap-transac)
 .data.rel.local
                0x0000000000032b20       0x20 obj_cooja/mtype969.a(er-coap-transac)
 .data          0x0000000000032b40        0x0 obj_cooja/mtype969.a(er-coap-observe)
 .data.rel.local
                0x0000000000032b40       0x20 obj_cooja/mtype969.a(er-coap-observe)
 .data          0x0000000000032b60        0x0 obj_cooja/mtype969.a(er-coap-res-wel)
 .data.rel      0x0000000000032b60       0x48 obj_cooja/mtype969.a(er-coap-res-wel)
                0x0000000000032b60                res_well_known_core
 .data          0x0000000000032ba8        0x0 obj_cooja/mtype969.a(rest-engine.o)
 *fill*         0x0000000000032ba8       0x18 
 .data.rel.local
                0x0000000000032bc0       0x30 obj_cooja/mtype969.a(rest-engine.o)
                0x0000000000032bc0                rest_engine_process
 .data          0x0000000000032bf0        0x0 obj_cooja/mtype969.a(simEnvChange.o)
 .data          0x0000000000032bf0        0x0 obj_cooja/mtype969.a(cooja_mt.o)
 .data          0x0000000000032bf0        0x0 obj_cooja/mtype969.a(cooja_mtarch.o)
 .data          0x0000000000032bf0        0x0 obj_cooja/mtype969.a(rtimer-arch.o)
 .data          0x0000000000032bf0        0x0 obj_cooja/mtype969.a(beep.o)
 .data          0x0000000000032bf0        0x0 obj_cooja/mtype969.a(button-sensor.o)
 .data          0x0000000000032bf0        0x0 obj_cooja/mtype969.a(leds-arch.o)
 .data          0x0000000000032bf0        0x0 obj_cooja/mtype969.a(moteid.o)
 .data          0x0000000000032bf0        0x0 obj_cooja/mtype969.a(pir-sensor.o)
 .data          0x0000000000032bf0        0x0 obj_cooja/mtype969.a(rs232.o)
 .data          0x0000000000032bf0        0x0 obj_cooja/mtype969.a(vib-sensor.o)
 .data          0x0000000000032bf0        0x0 obj_cooja/mtype969.a(clock.o)
 .data          0x0000000000032bf0        0x0 obj_cooja/mtype969.a(log.o)
 .data          0x0000000000032bf0        0x0 obj_cooja/mtype969.a(cfs-cooja.o)
 .data          0x0000000000032bf0       0x1c obj_cooja/mtype969.a(cooja-radio.o)
                0x0000000000032bf0                simRadioHWOn
                0x0000000000032bf4                simSignalStrength
                0x0000000000032bf8                simLastSignalStrength
                0x0000000000032bfc                simPower
                0x0000000000032c00                simRadioChannel
                0x0000000000032c04                simLQI
 *fill*         0x0000000000032c0c       0x14 
 .data.rel.local
                0x0000000000032c20       0x20 obj_cooja/mtype969.a(cooja-radio.o)
                0x0000000000032c20                cooja_radio_process
 .data          0x0000000000032c40        0x0 obj_cooja/mtype969.a(eeprom.o)
 .data          0x0000000000032c40        0x0 obj_cooja/mtype969.a(random.o)
 .data          0x0000000000032c40        0x0 obj_cooja/mtype969.a(sensors.o)
 .data.rel.local
                0x0000000000032c40       0x20 obj_cooja/mtype969.a(sensors.o)
                0x0000000000032c40                sensors_process
 .data          0x0000000000032c60        0x0 obj_cooja/mtype969.a(autostart.o)
 .data          0x0000000000032c60        0x0 obj_cooja/mtype969.a(ctimer.o)
 .data.rel.local
                0x0000000000032c60       0x40 obj_cooja/mtype969.a(ctimer.o)
                0x0000000000032c80                ctimer_process
 .data          0x0000000000032ca0        0x0 obj_cooja/mtype969.a(etimer.o)
 .data.rel.local
                0x0000000000032ca0       0x20 obj_cooja/mtype969.a(etimer.o)
                0x0000000000032ca0                etimer_process
 .data          0x0000000000032cc0        0x0 obj_cooja/mtype969.a(process.o)
 .data          0x0000000000032cc0        0x0 obj_cooja/mtype969.a(rtimer.o)
 .data          0x0000000000032cc0        0x0 obj_cooja/mtype969.a(timer.o)
 .data          0x0000000000032cc0        0x0 obj_cooja/mtype969.a(serial-line.o)
 .data.rel.local
                0x0000000000032cc0       0x20 obj_cooja/mtype969.a(serial-line.o)
                0x0000000000032cc0                serial_line_process
 .data          0x0000000000032ce0        0x0 obj_cooja/mtype969.a(list.o)
 .data          0x0000000000032ce0        0x0 obj_cooja/mtype969.a(memb.o)
 .data          0x0000000000032ce0        0x0 obj_cooja/mtype969.a(ringbuf.o)
 .data          0x0000000000032ce0        0x0 obj_cooja/mtype969.a(uip-ds6.o)
 .data          0x0000000000032ce0        0x0 obj_cooja/mtype969.a(uip-ds6-route.o)
 .data.rel.local
                0x0000000000032ce0       0x80 obj_cooja/mtype969.a(uip-ds6-route.o)
                0x0000000000032cf8                nbr_routes
 .data          0x0000000000032d60        0x0 obj_cooja/mtype969.a(uip6.o)
 .data          0x0000000000032d60        0x0 obj_cooja/mtype969.a(uip-ds6-nbr.o)
 .data.rel.local
                0x0000000000032d60       0x20 obj_cooja/mtype969.a(uip-ds6-nbr.o)
                0x0000000000032d78                ds6_neighbors
 .data          0x0000000000032d80        0x0 obj_cooja/mtype969.a(uip-nd6.o)
 .data.rel.local
                0x0000000000032d80       0x18 obj_cooja/mtype969.a(uip-nd6.o)
 .data          0x0000000000032d98        0x0 obj_cooja/mtype969.a(sicslowpan.o)
 .data          0x0000000000032d98        0x0 obj_cooja/mtype969.a(uip-debug.o)
 .data          0x0000000000032d98        0x0 obj_cooja/mtype969.a(uip-packetqueue)
 *fill*         0x0000000000032d98        0x8 
 .data.rel.local
                0x0000000000032da0       0x18 obj_cooja/mtype969.a(uip-packetqueue)
 .data          0x0000000000032db8        0x0 obj_cooja/mtype969.a(tcpip.o)
 *fill*         0x0000000000032db8        0x8 
 .data.rel.local
                0x0000000000032dc0       0x20 obj_cooja/mtype969.a(tcpip.o)
                0x0000000000032dc0                tcpip_process
 .data          0x0000000000032de0        0x0 obj_cooja/mtype969.a(rpl-ext-header.)
 .data          0x0000000000032de0        0x0 obj_cooja/mtype969.a(rpl.o)
 .data          0x0000000000032de0        0x0 obj_cooja/mtype969.a(rpl-dag.o)
 .data.rel.local
                0x0000000000032de0       0x20 obj_cooja/mtype969.a(rpl-dag.o)
                0x0000000000032df8                rpl_parents
 .data          0x0000000000032e00        0x0 obj_cooja/mtype969.a(queuebuf.o)
 .data.rel.local
                0x0000000000032e00       0x38 obj_cooja/mtype969.a(queuebuf.o)
 .data          0x0000000000032e38        0x0 obj_cooja/mtype969.a(nbr-table.o)
 *fill*         0x0000000000032e38        0x8 
 .data.rel.local
                0x0000000000032e40       0x20 obj_cooja/mtype969.a(nbr-table.o)
 .data          0x0000000000032e60        0x0 obj_cooja/mtype969.a(packetbuf.o)
 .data.rel.local
                0x0000000000032e60        0x8 obj_cooja/mtype969.a(packetbuf.o)
 .data          0x0000000000032e68        0x0 obj_cooja/mtype969.a(netstack.o)
 .data          0x0000000000032e68        0x0 obj_cooja/mtype969.a(linkaddr.o)
 .data          0x0000000000032e68        0x0 obj_cooja/mtype969.a(link-stats.o)
 *fill*         0x0000000000032e68        0x8 
 .data.rel.local
                0x0000000000032e70       0x20 obj_cooja/mtype969.a(link-stats.o)
 .data          0x0000000000032e90        0x0 obj_cooja/mtype969.a(framer-802154.o)
 .data          0x0000000000032e90        0x0 obj_cooja/mtype969.a(csma.o)
 .data.rel.local
                0x0000000000032e90       0x60 obj_cooja/mtype969.a(csma.o)
 .data          0x0000000000032ef0        0x0 obj_cooja/mtype969.a(nullrdc.o)
 .data          0x0000000000032ef0        0x0 obj_cooja/mtype969.a(nullsec.o)
 .data          0x0000000000032ef0        0x0 obj_cooja/mtype969.a(er-coap.o)
 .data.rel.local
                0x0000000000032ef0        0x8 obj_cooja/mtype969.a(er-coap.o)
                0x0000000000032ef0                coap_error_message
 .data          0x0000000000032ef8        0x0 obj_cooja/mtype969.a(watchdog.o)
 .data          0x0000000000032ef8        0x0 obj_cooja/mtype969.a(rimestats.o)
 .data          0x0000000000032ef8        0x0 obj_cooja/mtype969.a(stimer.o)
 .data          0x0000000000032ef8        0x0 obj_cooja/mtype969.a(uip-icmp6.o)
 *fill*         0x0000000000032ef8        0x8 
 .data.rel.local
                0x0000000000032f00       0x48 obj_cooja/mtype969.a(uip-icmp6.o)
 .data          0x0000000000032f48        0x0 obj_cooja/mtype969.a(uip-udp-packet.)
 .data          0x0000000000032f48        0x1 obj_cooja/mtype969.a(rpl-icmp6.o)
 *fill*         0x0000000000032f49        0x7 
 .data.rel.local
                0x0000000000032f50       0x78 obj_cooja/mtype969.a(rpl-icmp6.o)
 .data          0x0000000000032fc8        0x0 obj_cooja/mtype969.a(rpl-timers.o)
 .data          0x0000000000032fc8        0x0 obj_cooja/mtype969.a(rpl-nbr-policy.)
 .data          0x0000000000032fc8        0x0 obj_cooja/mtype969.a(rpl-mrhof.o)
 *fill*         0x0000000000032fc8       0x18 
 .data.rel.local
                0x0000000000032fe0       0x48 obj_cooja/mtype969.a(rpl-mrhof.o)
                0x0000000000032fe0                rpl_mrhof
 .data          0x0000000000033028        0x0 obj_cooja/mtype969.a(mac-sequence.o)
 .data          0x0000000000033028        0x2 obj_cooja/mtype969.a(frame802154.o)
 .data          0x000000000003302a        0x0 obj_cooja/mtype969.a(mac.o)
 .data          0x000000000003302a        0x0 /usr/lib/gcc/x86_64-linux-gnu/8/crtendS.o
 .data          0x000000000003302a        0x0 /usr/lib/gcc/x86_64-linux-gnu/8/../../../x86_64-linux-gnu/crtn.o

.tm_clone_table
                0x0000000000033030        0x0
 .tm_clone_table
                0x0000000000033030        0x0 /usr/lib/gcc/x86_64-linux-gnu/8/crtbeginS.o
 .tm_clone_table
                0x0000000000033030        0x0 /usr/lib/gcc/x86_64-linux-gnu/8/crtendS.o

.data1
 *(.data1)
                [!provide]                        PROVIDE (_edata = .)
                [!provide]                        PROVIDE (edata = .)
                0x0000000000033030                . = .
                [!provide]                        PROVIDE (__bss_start = .)

.bss            0x0000000000033040     0xa270
 *(.dynbss)
 .dynbss        0x0000000000033040        0x0 /usr/lib/gcc/x86_64-linux-gnu/8/../../../x86_64-linux-gnu/crti.o
 *(.bss .bss.* .gnu.linkonce.b.*)
 .bss           0x0000000000033040        0x0 /usr/lib/gcc/x86_64-linux-gnu/8/../../../x86_64-linux-gnu/crti.o
 .bss           0x0000000000033040        0x1 /usr/lib/gcc/x86_64-linux-gnu/8/crtbeginS.o
 *fill*         0x0000000000033041       0x1f 
 .bss           0x0000000000033060       0x40 coap-node.co
                0x0000000000033060                debug
 .bss           0x00000000000330a0     0x4040 obj_cooja/mtype969.o
 .bss           0x00000000000370e0      0x219 obj_cooja/mtype969.a(er-coap-engine.)
 *fill*         0x00000000000372f9        0x7 
 .bss           0x0000000000037300      0x3b0 obj_cooja/mtype969.a(er-coap-transac)
 *fill*         0x00000000000376b0       0x10 
 .bss           0x00000000000376c0      0x160 obj_cooja/mtype969.a(er-coap-observe)
 .bss           0x0000000000037820        0x0 obj_cooja/mtype969.a(er-coap-res-wel)
 .bss           0x0000000000037820       0x11 obj_cooja/mtype969.a(rest-engine.o)
 .bss           0x0000000000037831        0x1 obj_cooja/mtype969.a(simEnvChange.o)
                0x0000000000037831                simDontFallAsleep
 *fill*         0x0000000000037832        0x6 
 .bss           0x0000000000037838        0x8 obj_cooja/mtype969.a(cooja_mt.o)
 .bss           0x0000000000037840        0x8 obj_cooja/mtype969.a(cooja_mtarch.o)
 .bss           0x0000000000037848        0x0 obj_cooja/mtype969.a(rtimer-arch.o)
 .bss           0x0000000000037848        0x0 obj_cooja/mtype969.a(beep.o)
 *fill*         0x0000000000037848        0x8 
 .bss           0x0000000000037850       0x10 obj_cooja/mtype969.a(button-sensor.o)
 .bss           0x0000000000037860        0x0 obj_cooja/mtype969.a(leds-arch.o)
 .bss           0x0000000000037860        0x0 obj_cooja/mtype969.a(moteid.o)
 .bss           0x0000000000037860        0x1 obj_cooja/mtype969.a(pir-sensor.o)
                0x0000000000037860                simPirValue
 *fill*         0x0000000000037861        0x7 
 .bss           0x0000000000037868        0x8 obj_cooja/mtype969.a(rs232.o)
 .bss           0x0000000000037870        0x1 obj_cooja/mtype969.a(vib-sensor.o)
                0x0000000000037870                simVibValue
 .bss           0x0000000000037871        0x0 obj_cooja/mtype969.a(clock.o)
 *fill*         0x0000000000037871        0xf 
 .bss           0x0000000000037880      0x420 obj_cooja/mtype969.a(log.o)
 .bss           0x0000000000037ca0      0xfc0 obj_cooja/mtype969.a(cfs-cooja.o)
                0x0000000000037ca0                simCFSData
                0x0000000000038c40                simCFSSize
                0x0000000000038c44                simCFSChanged
                0x0000000000038c48                simCFSRead
                0x0000000000038c4c                simCFSWritten
 .bss           0x0000000000038c60       0x2c obj_cooja/mtype969.a(cooja-radio.o)
                0x0000000000038c60                simReceiving
                0x0000000000038c64                simInSize
                0x0000000000038c68                simLastPacketTimestamp
                0x0000000000038c70                simOutSize
 .bss           0x0000000000038c8c        0xc obj_cooja/mtype969.a(eeprom.o)
                0x0000000000038c8c                simEEPROMChanged
                0x0000000000038c90                simEEPROMRead
                0x0000000000038c94                simEEPROMWritten
 .bss           0x0000000000038c98        0x0 obj_cooja/mtype969.a(random.o)
 .bss           0x0000000000038c98        0xc obj_cooja/mtype969.a(sensors.o)
 .bss           0x0000000000038ca4        0x0 obj_cooja/mtype969.a(autostart.o)
 *fill*         0x0000000000038ca4        0x4 
 .bss           0x0000000000038ca8        0x9 obj_cooja/mtype969.a(ctimer.o)
 *fill*         0x0000000000038cb1        0x7 
 .bss           0x0000000000038cb8       0x10 obj_cooja/mtype969.a(etimer.o)
 *fill*         0x0000000000038cc8       0x18 
 .bss           0x0000000000038ce0      0x321 obj_cooja/mtype969.a(process.o)
                0x0000000000038ce0                process_list
                0x0000000000038ce8                process_current
 *fill*         0x0000000000039001        0x7 
 .bss           0x0000000000039008        0x8 obj_cooja/mtype969.a(rtimer.o)
 .bss           0x0000000000039010        0x0 obj_cooja/mtype969.a(timer.o)
 *fill*         0x0000000000039010       0x10 
 .bss           0x0000000000039020      0x140 obj_cooja/mtype969.a(serial-line.o)
 .bss           0x0000000000039160        0x0 obj_cooja/mtype969.a(list.o)
 .bss           0x0000000000039160        0x0 obj_cooja/mtype969.a(memb.o)
 .bss           0x0000000000039160        0x0 obj_cooja/mtype969.a(ringbuf.o)
 .bss           0x0000000000039160       0x30 obj_cooja/mtype969.a(uip-ds6.o)
 *fill*         0x0000000000039190       0x10 
 .bss           0x00000000000391a0      0x488 obj_cooja/mtype969.a(uip-ds6-route.o)
 .bss           0x0000000000039628        0x6 obj_cooja/mtype969.a(uip6.o)
                0x0000000000039628                uip_ext_bitmap
                0x0000000000039629                uip_ext_len
                0x000000000003962a                uip_ext_opt_offset
 *fill*         0x000000000003962e       0x12 
 .bss           0x0000000000039640      0x140 obj_cooja/mtype969.a(uip-ds6-nbr.o)
 .bss           0x0000000000039780       0x20 obj_cooja/mtype969.a(uip-nd6.o)
 .bss           0x00000000000397a0      0x728 obj_cooja/mtype969.a(sicslowpan.o)
 .bss           0x0000000000039ec8        0x0 obj_cooja/mtype969.a(uip-debug.o)
 *fill*         0x0000000000039ec8       0x18 
 .bss           0x0000000000039ee0      0x300 obj_cooja/mtype969.a(uip-packetqueue)
 .bss           0x000000000003a1e0       0x2a obj_cooja/mtype969.a(tcpip.o)
 .bss           0x000000000003a20a        0x0 obj_cooja/mtype969.a(rpl-ext-header.)
 *fill*         0x000000000003a20a        0x2 
 .bss           0x000000000003a20c        0x4 obj_cooja/mtype969.a(rpl.o)
 *fill*         0x000000000003a210       0x10 
 .bss           0x000000000003a220       0xa0 obj_cooja/mtype969.a(rpl-dag.o)
 .bss           0x000000000003a2c0      0xbc0 obj_cooja/mtype969.a(queuebuf.o)
 .bss           0x000000000003ae80      0x128 obj_cooja/mtype969.a(nbr-table.o)
 *fill*         0x000000000003afa8       0x18 
 .bss           0x000000000003afc0       0xa0 obj_cooja/mtype969.a(packetbuf.o)
 .bss           0x000000000003b060        0x0 obj_cooja/mtype969.a(netstack.o)
 .bss           0x000000000003b060        0x0 obj_cooja/mtype969.a(linkaddr.o)
 .bss           0x000000000003b060       0xa0 obj_cooja/mtype969.a(link-stats.o)
 .bss           0x000000000003b100        0x2 obj_cooja/mtype969.a(framer-802154.o)
 *fill*         0x000000000003b102       0x1e 
 .bss           0x000000000003b120      0x42c obj_cooja/mtype969.a(csma.o)
 .bss           0x000000000003b54c        0x0 obj_cooja/mtype969.a(nullrdc.o)
 .bss           0x000000000003b54c        0x0 obj_cooja/mtype969.a(nullsec.o)
 *fill*         0x000000000003b54c        0x4 
 .bss           0x000000000003b550       0x12 obj_cooja/mtype969.a(er-coap.o)
                0x000000000003b550                erbium_status_code
 .bss           0x000000000003b562        0x0 obj_cooja/mtype969.a(watchdog.o)
 .bss           0x000000000003b562        0x0 obj_cooja/mtype969.a(rimestats.o)
 .bss           0x000000000003b562        0x0 obj_cooja/mtype969.a(stimer.o)
 *fill*         0x000000000003b562        0xe 
 .bss           0x000000000003b570       0x20 obj_cooja/mtype969.a(uip-icmp6.o)
 .bss           0x000000000003b590        0x0 obj_cooja/mtype969.a(uip-udp-packet.)
 .bss           0x000000000003b590        0x0 obj_cooja/mtype969.a(rpl-icmp6.o)
 *fill*         0x000000000003b590       0x10 
 .bss           0x000000000003b5a0       0x43 obj_cooja/mtype969.a(rpl-timers.o)
 *fill*         0x000000000003b5e3       0x1d 
 .bss           0x000000000003b600       0x64 obj_cooja/mtype969.a(rpl-nbr-policy.)
 .bss           0x000000000003b664        0x0 obj_cooja/mtype969.a(rpl-mrhof.o)
 *fill*         0x000000000003b664       0x1c 
 .bss           0x000000000003b680      0x180 obj_cooja/mtype969.a(mac-sequence.o)
 .bss           0x000000000003b800        0x0 obj_cooja/mtype969.a(frame802154.o)
 .bss           0x000000000003b800        0x0 obj_cooja/mtype969.a(mac.o)
 .bss           0x000000000003b800        0x0 /usr/lib/gcc/x86_64-linux-gnu/8/crtendS.o
 .bss           0x000000000003b800        0x0 /usr/lib/gcc/x86_64-linux-gnu/8/../../../x86_64-linux-gnu/crtn.o
 *(COMMON)
 COMMON         0x000000000003b800        0x4 coap-node.co
                0x000000000003b800                TIME
 *fill*         0x000000000003b804        0x4 
 COMMON         0x000000000003b808        0xc obj_cooja/mtype969.o
                0x000000000003b808                referenceVar
                0x000000000003b810                sensors_flags
 *fill*         0x000000000003b814        0x4 
 COMMON         0x000000000003b818       0x10 obj_cooja/mtype969.a(simEnvChange.o)
                0x000000000003b818                simEtimerPending
                0x000000000003b81c                simProcessRunValue
                0x000000000003b820                simEtimerNextExpirationTime
 COMMON         0x000000000003b828       0x18 obj_cooja/mtype969.a(rtimer-arch.o)
                0x000000000003b828                simRtimerPending
                0x000000000003b830                simRtimerCurrentTicks
                0x000000000003b838                simRtimerNextExpirationTime
 COMMON         0x000000000003b840        0x1 obj_cooja/mtype969.a(beep.o)
                0x000000000003b840                simBeeped
 COMMON         0x000000000003b841        0x3 obj_cooja/mtype969.a(button-sensor.o)
                0x000000000003b841                simButtonIsActive
                0x000000000003b842                simButtonIsDown
                0x000000000003b843                simButtonChanged
 COMMON         0x000000000003b844        0x1 obj_cooja/mtype969.a(leds-arch.o)
                0x000000000003b844                simLedsValue
 *fill*         0x000000000003b845        0x3 
 COMMON         0x000000000003b848        0xc obj_cooja/mtype969.a(moteid.o)
                0x000000000003b848                simRandomSeed
                0x000000000003b84c                simMoteIDChanged
                0x000000000003b850                simMoteID
 COMMON         0x000000000003b854        0x2 obj_cooja/mtype969.a(pir-sensor.o)
                0x000000000003b854                simPirIsActive
                0x000000000003b855                simPirChanged
 *fill*         0x000000000003b856        0xa 
 COMMON         0x000000000003b860      0x820 obj_cooja/mtype969.a(rs232.o)
                0x000000000003b860                simSerialReceivingFlag
                0x000000000003b864                simSerialReceivingLength
                0x000000000003b880                simSerialReceivingData
 COMMON         0x000000000003c080        0x2 obj_cooja/mtype969.a(vib-sensor.o)
                0x000000000003c080                simVibChanged
                0x000000000003c081                simVibIsActive
 *fill*         0x000000000003c082        0x6 
 COMMON         0x000000000003c088        0x8 obj_cooja/mtype969.a(clock.o)
                0x000000000003c088                simCurrentTime
 *fill*         0x000000000003c090       0x10 
 COMMON         0x000000000003c0a0      0x420 obj_cooja/mtype969.a(log.o)
                0x000000000003c0a0                simLoggedLength
                0x000000000003c0a4                simLoggedFlag
                0x000000000003c0c0                simLoggedData
 COMMON         0x000000000003c4c0      0x100 obj_cooja/mtype969.a(cooja-radio.o)
                0x000000000003c4c0                simOutDataBuffer
                0x000000000003c540                simInDataBuffer
 COMMON         0x000000000003c5c0      0x400 obj_cooja/mtype969.a(eeprom.o)
                0x000000000003c5c0                simEEPROMData
 COMMON         0x000000000003c9c0        0x1 obj_cooja/mtype969.a(sensors.o)
                0x000000000003c9c0                sensors_event
 COMMON         0x000000000003c9c1        0x1 obj_cooja/mtype969.a(serial-line.o)
                0x000000000003c9c1                serial_line_event_message
 *fill*         0x000000000003c9c2       0x1e 
 COMMON         0x000000000003c9e0      0x1c1 obj_cooja/mtype969.a(uip-ds6.o)
                0x000000000003c9e0                uip_ds6_prefix_list
                0x000000000003ca40                uip_ds6_timer_periodic
                0x000000000003ca60                uip_ds6_netif_addr_list_offset
                0x000000000003ca80                uip_ds6_if
                0x000000000003cb90                uip_ds6_timer_ra
                0x000000000003cba0                uip_ds6_addr_size
 *fill*         0x000000000003cba1       0x1f 
 COMMON         0x000000000003cbc0      0x358 obj_cooja/mtype969.a(uip6.o)
                0x000000000003cbc0                uip_slen
                0x000000000003cbc8                uip_lladdr
                0x000000000003cbd0                uip_appdata
                0x000000000003cbd8                uip_flags
                0x000000000003cbe0                uip_aligned_buf
                0x000000000003ccf8                uip_len
                0x000000000003cd00                uip_sappdata
                0x000000000003cd20                uip_udp_conns
                0x000000000003cf00                uip_udp_conn
                0x000000000003cf08                uip_next_hdr
                0x000000000003cf10                uip_conn
 COMMON         0x000000000003cf18        0x1 obj_cooja/mtype969.a(tcpip.o)
                0x000000000003cf18                tcpip_event
 *fill*         0x000000000003cf19        0x7 
 COMMON         0x000000000003cf20       0x14 obj_cooja/mtype969.a(rpl.o)
                0x000000000003cf20                rpl_stats
 *fill*         0x000000000003cf34        0xc 
 COMMON         0x000000000003cf40      0x258 obj_cooja/mtype969.a(rpl-dag.o)
                0x000000000003cf40                default_instance
                0x000000000003cf60                instance_table
 *fill*         0x000000000003d198        0x8 
 COMMON         0x000000000003d1a0       0x30 obj_cooja/mtype969.a(packetbuf.o)
                0x000000000003d1a0                packetbuf_attrs
                0x000000000003d1c0                packetbuf_addrs
 COMMON         0x000000000003d1d0        0x8 obj_cooja/mtype969.a(linkaddr.o)
                0x000000000003d1d0                linkaddr_node_addr
 *fill*         0x000000000003d1d8        0x8 
 COMMON         0x000000000003d1e0       0x40 obj_cooja/mtype969.a(link-stats.o)
                0x000000000003d1e0                periodic_timer
 COMMON         0x000000000003d220       0x90 obj_cooja/mtype969.a(rimestats.o)
                0x000000000003d220                rimestats
                0x000000000003d2b0                . = ALIGN ((. != 0x0)?0x8:0x1)

.lbss
 *(.dynlbss)
 *(.lbss .lbss.* .gnu.linkonce.lb.*)
 *(LARGE_COMMON)
                0x000000000003d2b0                . = ALIGN (0x8)
                0x000000000003d2b0                . = SEGMENT_START ("ldata-segment", .)

.lrodata
 *(.lrodata .lrodata.* .gnu.linkonce.lr.*)

.ldata          0x000000000003f2b0        0x0
 *(.ldata .ldata.* .gnu.linkonce.l.*)
                0x000000000003f2b0                . = ALIGN ((. != 0x0)?0x8:0x1)
                0x000000000003f2b0                . = ALIGN (0x8)
                [!provide]                        PROVIDE (_end = .)
                [!provide]                        PROVIDE (end = .)
                0x000000000003f2b0                . = DATA_SEGMENT_END (.)

.stab
 *(.stab)

.stabstr
 *(.stabstr)

.stab.excl
 *(.stab.excl)

.stab.exclstr
 *(.stab.exclstr)

.stab.index
 *(.stab.index)

.stab.indexstr
 *(.stab.indexstr)

.comment        0x0000000000000000       0x23
 *(.comment)
 .comment       0x0000000000000000       0x23 /usr/lib/gcc/x86_64-linux-gnu/8/crtbeginS.o
                                         0x24 (size before relaxing)
 .comment       0x0000000000000023       0x24 coap-node.co
 .comment       0x0000000000000023       0x24 obj_cooja/mtype969.o
 .comment       0x0000000000000023       0x24 obj_cooja/mtype969.a(er-coap-engine.)
 .comment       0x0000000000000023       0x24 obj_cooja/mtype969.a(er-coap-transac)
 .comment       0x0000000000000023       0x24 obj_cooja/mtype969.a(er-coap-observe)
 .comment       0x0000000000000023       0x24 obj_cooja/mtype969.a(er-coap-res-wel)
 .comment       0x0000000000000023       0x24 obj_cooja/mtype969.a(rest-engine.o)
 .comment       0x0000000000000023       0x24 obj_cooja/mtype969.a(simEnvChange.o)
 .comment       0x0000000000000023       0x24 obj_cooja/mtype969.a(cooja_mt.o)
 .comment       0x0000000000000023       0x24 obj_cooja/mtype969.a(cooja_mtarch.o)
 .comment       0x0000000000000023       0x24 obj_cooja/mtype969.a(rtimer-arch.o)
 .comment       0x0000000000000023       0x24 obj_cooja/mtype969.a(beep.o)
 .comment       0x0000000000000023       0x24 obj_cooja/mtype969.a(button-sensor.o)
 .comment       0x0000000000000023       0x24 obj_cooja/mtype969.a(leds-arch.o)
 .comment       0x0000000000000023       0x24 obj_cooja/mtype969.a(moteid.o)
 .comment       0x0000000000000023       0x24 obj_cooja/mtype969.a(pir-sensor.o)
 .comment       0x0000000000000023       0x24 obj_cooja/mtype969.a(rs232.o)
 .comment       0x0000000000000023       0x24 obj_cooja/mtype969.a(vib-sensor.o)
 .comment       0x0000000000000023       0x24 obj_cooja/mtype969.a(clock.o)
 .comment       0x0000000000000023       0x24 obj_cooja/mtype969.a(log.o)
 .comment       0x0000000000000023       0x24 obj_cooja/mtype969.a(cfs-cooja.o)
 .comment       0x0000000000000023       0x24 obj_cooja/mtype969.a(cooja-radio.o)
 .comment       0x0000000000000023       0x24 obj_cooja/mtype969.a(eeprom.o)
 .comment       0x0000000000000023       0x24 obj_cooja/mtype969.a(random.o)
 .comment       0x0000000000000023       0x24 obj_cooja/mtype969.a(sensors.o)
 .comment       0x0000000000000023       0x24 obj_cooja/mtype969.a(autostart.o)
 .comment       0x0000000000000023       0x24 obj_cooja/mtype969.a(ctimer.o)
 .comment       0x0000000000000023       0x24 obj_cooja/mtype969.a(etimer.o)
 .comment       0x0000000000000023       0x24 obj_cooja/mtype969.a(process.o)
 .comment       0x0000000000000023       0x24 obj_cooja/mtype969.a(rtimer.o)
 .comment       0x0000000000000023       0x24 obj_cooja/mtype969.a(timer.o)
 .comment       0x0000000000000023       0x24 obj_cooja/mtype969.a(serial-line.o)
 .comment       0x0000000000000023       0x24 obj_cooja/mtype969.a(list.o)
 .comment       0x0000000000000023       0x24 obj_cooja/mtype969.a(memb.o)
 .comment       0x0000000000000023       0x24 obj_cooja/mtype969.a(ringbuf.o)
 .comment       0x0000000000000023       0x24 obj_cooja/mtype969.a(uip-ds6.o)
 .comment       0x0000000000000023       0x24 obj_cooja/mtype969.a(uip-ds6-route.o)
 .comment       0x0000000000000023       0x24 obj_cooja/mtype969.a(uip6.o)
 .comment       0x0000000000000023       0x24 obj_cooja/mtype969.a(uip-ds6-nbr.o)
 .comment       0x0000000000000023       0x24 obj_cooja/mtype969.a(uip-nd6.o)
 .comment       0x0000000000000023       0x24 obj_cooja/mtype969.a(sicslowpan.o)
 .comment       0x0000000000000023       0x24 obj_cooja/mtype969.a(uip-debug.o)
 .comment       0x0000000000000023       0x24 obj_cooja/mtype969.a(uip-packetqueue)
 .comment       0x0000000000000023       0x24 obj_cooja/mtype969.a(tcpip.o)
 .comment       0x0000000000000023       0x24 obj_cooja/mtype969.a(rpl-ext-header.)
 .comment       0x0000000000000023       0x24 obj_cooja/mtype969.a(rpl.o)
 .comment       0x0000000000000023       0x24 obj_cooja/mtype969.a(rpl-dag.o)
 .comment       0x0000000000000023       0x24 obj_cooja/mtype969.a(queuebuf.o)
 .comment       0x0000000000000023       0x24 obj_cooja/mtype969.a(nbr-table.o)